Archive member included to satisfy reference by file (symbol)

app/libapp.a(main.c.obj)      (--whole-archive)
app/libapp.a(flash_map_extended.c.obj)
                              (--whole-archive)
app/libapp.a(os.c.obj)        (--whole-archive)
app/libapp.a(keys.c.obj)      (--whole-archive)
app/libapp.a(image_validate.c.obj)
                              (--whole-archive)
app/libapp.a(tlv.c.obj)       (--whole-archive)
app/libapp.a(encrypted.c.obj)
                              (--whole-archive)
app/libapp.a(image_rsa.c.obj)
                              (--whole-archive)
app/libapp.a(image_ec256.c.obj)
                              (--whole-archive)
app/libapp.a(image_ed25519.c.obj)
                              (--whole-archive)
app/libapp.a(bootutil_misc.c.obj)
                              (--whole-archive)
app/libapp.a(fault_injection_hardening.c.obj)
                              (--whole-archive)
app/libapp.a(loader.c.obj)    (--whole-archive)
app/libapp.a(swap_misc.c.obj)
                              (--whole-archive)
app/libapp.a(swap_scratch.c.obj)
                              (--whole-archive)
app/libapp.a(swap_move.c.obj)
                              (--whole-archive)
app/libapp.a(caps.c.obj)      (--whole-archive)
app/libapp.a(autogen-pubkey.c.obj)
                              (--whole-archive)
app/libapp.a(arm_cleanup.c.obj)
                              (--whole-archive)
app/libapp.a(nrf_cleanup.c.obj)
                              (--whole-archive)
zephyr/libzephyr.a(base64.c.obj)
                              (--whole-archive)
zephyr/libzephyr.a(cbprintf_packaged.c.obj)
                              (--whole-archive)
zephyr/libzephyr.a(dec.c.obj)
                              (--whole-archive)
zephyr/libzephyr.a(fdtable.c.obj)
                              (--whole-archive)
zephyr/libzephyr.a(hex.c.obj)
                              (--whole-archive)
zephyr/libzephyr.a(printk.c.obj)
                              (--whole-archive)
zephyr/libzephyr.a(rb.c.obj)  (--whole-archive)
zephyr/libzephyr.a(sem.c.obj)
                              (--whole-archive)
zephyr/libzephyr.a(thread_entry.c.obj)
                              (--whole-archive)
zephyr/libzephyr.a(timeutil.c.obj)
                              (--whole-archive)
zephyr/libzephyr.a(heap.c.obj)
                              (--whole-archive)
zephyr/libzephyr.a(heap-validate.c.obj)
                              (--whole-archive)
zephyr/libzephyr.a(bitarray.c.obj)
                              (--whole-archive)
zephyr/libzephyr.a(multi_heap.c.obj)
                              (--whole-archive)
zephyr/libzephyr.a(onoff.c.obj)
                              (--whole-archive)
zephyr/libzephyr.a(notify.c.obj)
                              (--whole-archive)
zephyr/libzephyr.a(crc32c_sw.c.obj)
                              (--whole-archive)
zephyr/libzephyr.a(crc32_sw.c.obj)
                              (--whole-archive)
zephyr/libzephyr.a(crc16_sw.c.obj)
                              (--whole-archive)
zephyr/libzephyr.a(crc8_sw.c.obj)
                              (--whole-archive)
zephyr/libzephyr.a(crc7_sw.c.obj)
                              (--whole-archive)
zephyr/libzephyr.a(cbprintf_nano.c.obj)
                              (--whole-archive)
zephyr/libzephyr.a(cbprintf.c.obj)
                              (--whole-archive)
zephyr/libzephyr.a(assert.c.obj)
                              (--whole-archive)
zephyr/libzephyr.a(reboot.c.obj)
                              (--whole-archive)
zephyr/libzephyr.a(configs.c.obj)
                              (--whole-archive)
zephyr/libzephyr.a(soc.c.obj)
                              (--whole-archive)
zephyr/libzephyr.a(soc_nrf_common.S.obj)
                              (--whole-archive)
zephyr/libzephyr.a(validate_base_addresses.c.obj)
                              (--whole-archive)
zephyr/libzephyr.a(validate_enabled_instances.c.obj)
                              (--whole-archive)
zephyr/libzephyr.a(nrf52840_reset.c.obj)
                              (--whole-archive)
zephyr/libzephyr.a(log_minimal.c.obj)
                              (--whole-archive)
zephyr/libzephyr.a(flash_map.c.obj)
                              (--whole-archive)
zephyr/libzephyr.a(flash_map_layout.c.obj)
                              (--whole-archive)
zephyr/libzephyr.a(tracing_none.c.obj)
                              (--whole-archive)
zephyr/libzephyr.a(adp536x.c.obj)
                              (--whole-archive)
zephyr/libzephyr.a(flash_map_partition_manager.c.obj)
                              (--whole-archive)
zephyr/libzephyr.a(nrf_cc3xx_platform_abort_zephyr.c.obj)
                              (--whole-archive)
zephyr/libzephyr.a(nrf_cc3xx_platform_no_mutex_zephyr.c.obj)
                              (--whole-archive)
zephyr/libzephyr.a(serial_adapter.c.obj)
                              (--whole-archive)
zephyr/libzephyr.a(boot_serial.c.obj)
                              (--whole-archive)
[...]
Memory Configuration

Name             Origin             Length             Attributes
FLASH            0x0000000000000000 0x000000000000c000 xr
RAM              0x0000000020000000 0x0000000000008000 xw
IDT_LIST         0x00000000fffff7ff 0x0000000000000800 xw
*default*        0x0000000000000000 0xffffffffffffffff

Linker script and memory map

LOAD zephyr/CMakeFiles/zephyr_pre0.dir/misc/empty_file.c.obj
                0x0000000000000004                _region_min_align = 0x4

.rel.plt        0x0000000000000000        0x0
 *(SORT_BY_ALIGNMENT(.rel.plt))
                [!provide]                        PROVIDE (__rel_iplt_start = .)
 *(SORT_BY_ALIGNMENT(.rel.iplt))
 .rel.iplt      0x0000000000000000        0x0 app/libapp.a(main.c.obj)
                [!provide]                        PROVIDE (__rel_iplt_end = .)

.rela.plt       0x0000000000000000        0x0
 *(SORT_BY_ALIGNMENT(.rela.plt))
                [!provide]                        PROVIDE (__rela_iplt_start = .)
 *(SORT_BY_ALIGNMENT(.rela.iplt))
                [!provide]                        PROVIDE (__rela_iplt_end = .)

.rel.dyn
 *(SORT_BY_ALIGNMENT(.rel.*))

.rela.dyn
 *(SORT_BY_ALIGNMENT(.rela.*))

/DISCARD/
 *(SORT_BY_ALIGNMENT(.plt))

/DISCARD/
 *(SORT_BY_ALIGNMENT(.iplt))
                0x0000000000000000                __rom_region_start = 0x0

rom_start       0x0000000000000000      0x144
                0x0000000000000000                . = 0x0
                0x0000000000000000                . = ALIGN (0x4)
                0x0000000000000000                . = ALIGN (0x80)
                0x0000000000000000                . = ALIGN (0x200)
                0x0000000000000000                _vector_start = .
 *(SORT_BY_ALIGNMENT(.exc_vector_table))
 *(SORT_BY_ALIGNMENT(.exc_vector_table.*))
 .exc_vector_table._vector_table_section
                0x0000000000000000       0x40 zephyr/arch/arch/arm/core/aarch32/cortex_m/libarch__arm__core__aarch32__cortex_m.a(vector_table.S.obj)
                0x0000000000000000                _vector_table
 *(SORT_BY_ALIGNMENT(.vectors))
                0x0000000000000144                _vector_end = .
                0x0000000000000040                . = ALIGN (0x4)
 *(SORT_BY_ALIGNMENT(.gnu.linkonce.irq_vector_table*))
 .gnu.linkonce.irq_vector_table
                0x0000000000000040      0x104 zephyr/arch/common/libisr_tables.a(isr_tables.c.obj)
                0x0000000000000040                _irq_vector_table
                0x0000000000000144                _vector_end = .

text            0x0000000000000144     0x8130
                0x0000000000000144                __text_region_start = .
 *(SORT_BY_ALIGNMENT(.text))
 .text          0x0000000000000144       0x30 d:/nordicsemi/toolchains/31f4403e35/opt/zephyr-sdk/arm-zephyr-eabi/bin/../lib/gcc/arm-zephyr-eabi/12.2.0/thumb/v8-m.main/nofp\libgcc.a(_aeabi_uldivmod.o)
                0x0000000000000144                __aeabi_uldivmod
 .text          0x0000000000000174        0x4 d:/nordicsemi/toolchains/31f4403e35/opt/zephyr-sdk/arm-zephyr-eabi/bin/../lib/gcc/arm-zephyr-eabi/12.2.0/thumb/v8-m.main/nofp\libgcc.a(_dvmd_tls.o)
                0x0000000000000174                __aeabi_idiv0
                0x0000000000000174                __aeabi_ldiv0
 .text          0x0000000000000178      0x29c d:/nordicsemi/toolchains/31f4403e35/opt/zephyr-sdk/arm-zephyr-eabi/bin/../lib/gcc/arm-zephyr-eabi/12.2.0/thumb/v8-m.main/nofp\libgcc.a(_udivmoddi4.o)
                0x0000000000000178                __udivmoddi4
 *(SORT_BY_ALIGNMENT(.text.*))
 .text.main     0x0000000000000414       0xf8 app/libapp.a(main.c.obj)
                0x0000000000000414                main
 .text.os_heap_init
                0x000000000000050c       0x10 app/libapp.a(os.c.obj)
                0x000000000000050c                os_heap_init
 .text.bootutil_img_validate
                0x000000000000051c      0x1f8 app/libapp.a(image_validate.c.obj)
                0x000000000000051c                bootutil_img_validate
 .text.bootutil_verify_sig
                0x0000000000000714      0x1ec app/libapp.a(image_rsa.c.obj)
                0x0000000000000714                bootutil_verify_sig
 .text.boot_fih_memequal
                0x0000000000000900       0x30 app/libapp.a(bootutil_misc.c.obj)
                0x0000000000000900                boot_fih_memequal
 .text.boot_find_status
                0x0000000000000930       0x40 app/libapp.a(bootutil_misc.c.obj)
                0x0000000000000930                boot_find_status
 .text.fih_cfi_get_and_increment
                0x0000000000000970       0x10 app/libapp.a(fault_injection_hardening.c.obj)
                0x0000000000000970                fih_cfi_get_and_increment
 .text.fih_cfi_decrement
                0x0000000000000980       0x10 app/libapp.a(fault_injection_hardening.c.obj)
                0x0000000000000980                fih_cfi_decrement
 .text.fih_cfi_validate
                0x0000000000000990       0x14 app/libapp.a(fault_injection_hardening.c.obj)
                0x0000000000000990                fih_cfi_validate
 .text.boot_validate_slot.isra.0
                0x00000000000009a4      0x110 app/libapp.a(loader.c.obj)
 .text.boot_swap_image.isra.0
                0x0000000000000ab4       0x70 app/libapp.a(loader.c.obj)
 .text.boot_copy_region
                0x0000000000000b24       0x84 app/libapp.a(loader.c.obj)
                0x0000000000000b24                boot_copy_region
 .text.context_boot_go
                0x0000000000000ba8      0x260 app/libapp.a(loader.c.obj)
                0x0000000000000ba8                context_boot_go
 .text.boot_go  0x0000000000000e08       0x34 app/libapp.a(loader.c.obj)
                0x0000000000000e08                boot_go
 .text.boot_read_image_header
                0x0000000000000e3c       0xcc app/libapp.a(swap_move.c.obj)
                0x0000000000000e3c                boot_read_image_header
 .text.fixup_revert
                0x0000000000000f08       0x50 app/libapp.a(swap_move.c.obj)
                0x0000000000000f08                fixup_revert
 .text.swap_run
                0x0000000000000f58      0x1c4 app/libapp.a(swap_move.c.obj)
                0x0000000000000f58                swap_run
 .text.cleanup_arm_nvic
                0x000000000000111c       0x38 app/libapp.a(arm_cleanup.c.obj)
                0x000000000000111c                cleanup_arm_nvic
 .text.nrf_cleanup_peripheral
                0x0000000000001154       0x90 app/libapp.a(nrf_cleanup.c.obj)
                0x0000000000001154                nrf_cleanup_peripheral
 .text.base64_encode
                0x00000000000011e4       0xfc zephyr/libzephyr.a(base64.c.obj)
                0x00000000000011e4                base64_encode
 .text.base64_decode
                0x00000000000012e0      0x140 zephyr/libzephyr.a(base64.c.obj)
                0x00000000000012e0                base64_decode
 .text.char_out
                0x0000000000001420        0xc zephyr/libzephyr.a(printk.c.obj)
 .text.vprintk  0x000000000000142c       0x1c zephyr/libzephyr.a(printk.c.obj)
                0x000000000000142c                vprintk
 .text.process_event
                0x0000000000001448      0x21c zephyr/libzephyr.a(onoff.c.obj)
 .text.z_cbvprintf_impl
                0x0000000000001664      0x448 zephyr/libzephyr.a(cbprintf_nano.c.obj)
                0x0000000000001664                z_cbvprintf_impl
 .text.sys_reboot
                0x0000000000001aac       0x30 zephyr/libzephyr.a(reboot.c.obj)
                0x0000000000001aac                sys_reboot
 .text.nordicsemi_nrf91_init
                0x0000000000001adc       0x28 zephyr/libzephyr.a(soc.c.obj)
 .text.arch_busy_wait
                0x0000000000001b04       0x14 zephyr/libzephyr.a(soc.c.obj)
                0x0000000000001b04                arch_busy_wait
 .text.z_arm_platform_init
                0x0000000000001b18        0x4 zephyr/libzephyr.a(soc_nrf_common.S.obj)
                0x0000000000001b18                z_arm_platform_init
 .text.flash_area_open
                0x0000000000001b1c       0x50 zephyr/libzephyr.a(flash_map.c.obj)
                0x0000000000001b1c                flash_area_open
 .text.flash_area_get_sectors
                0x0000000000001b6c       0x60 zephyr/libzephyr.a(flash_map_layout.c.obj)
                0x0000000000001b6c                flash_area_get_sectors
 .text.nrf_cc3xx_platform_abort_init
                0x0000000000001bcc        0xc zephyr/libzephyr.a(nrf_cc3xx_platform_abort_zephyr.c.obj)
                0x0000000000001bcc                nrf_cc3xx_platform_abort_init
 .text.boot_uart_fifo_callback
                0x0000000000001bd8       0xa0 zephyr/libzephyr.a(serial_adapter.c.obj)
 .text.console_out
                0x0000000000001c78       0x18 zephyr/libzephyr.a(serial_adapter.c.obj)
                0x0000000000001c78                console_out
 .text.console_read
                0x0000000000001c90       0x94 zephyr/libzephyr.a(serial_adapter.c.obj)
                0x0000000000001c90                console_read
 .text.boot_console_init
                0x0000000000001d24       0xa4 zephyr/libzephyr.a(serial_adapter.c.obj)
                0x0000000000001d24                boot_console_init
 .text.boot_serial_output
                0x0000000000001dc8      0x134 zephyr/libzephyr.a(boot_serial.c.obj)
 .text.boot_serial_in_dec.constprop.0
                0x0000000000001efc       0x68 zephyr/libzephyr.a(boot_serial.c.obj)
 .text.zcbor_tstr_encode_ptr.constprop.0.isra.0
                0x0000000000001f64       0x18 zephyr/libzephyr.a(boot_serial.c.obj)
 .text.bs_rc_rsp
                0x0000000000001f7c       0x38 zephyr/libzephyr.a(boot_serial.c.obj)
 .text.reset_cbor_state
                0x0000000000001fb4       0x24 zephyr/libzephyr.a(boot_serial.c.obj)
                0x0000000000001fb4                reset_cbor_state
 .text.boot_serial_input
                0x0000000000001fd8      0x45c zephyr/libzephyr.a(boot_serial.c.obj)
                0x0000000000001fd8                boot_serial_input
 .text.boot_serial_start
                0x0000000000002434       0xc4 zephyr/libzephyr.a(boot_serial.c.obj)
                0x0000000000002434                boot_serial_start
 .text.decode_repeated_Upload_members
                0x00000000000024f8       0xf8 zephyr/libzephyr.a(serial_recovery_cbor.c.obj)
 .text.cbor_decode_Upload
                0x00000000000025f0       0x80 zephyr/libzephyr.a(serial_recovery_cbor.c.obj)
                0x00000000000025f0                cbor_decode_Upload
 .text.z_arm_cpu_idle_init
                0x0000000000002670        0xc zephyr/arch/arch/arm/core/aarch32/libarch__arm__core__aarch32.a(cpu_idle.S.obj)
                0x0000000000002670                z_arm_cpu_idle_init
 .text.arch_cpu_idle
                0x000000000000267c       0x1c zephyr/arch/arch/arm/core/aarch32/libarch__arm__core__aarch32.a(cpu_idle.S.obj)
                0x000000000000267c                arch_cpu_idle
 .text.arch_cpu_atomic_idle
                0x0000000000002698       0x18 zephyr/arch/arch/arm/core/aarch32/libarch__arm__core__aarch32.a(cpu_idle.S.obj)
                0x0000000000002698                arch_cpu_atomic_idle
 .text.arch_irq_enable
                0x00000000000026b0       0x1c zephyr/arch/arch/arm/core/aarch32/libarch__arm__core__aarch32.a(irq_manage.c.obj)
                0x00000000000026b0                arch_irq_enable
 .text.arch_irq_disable
                0x00000000000026cc       0x28 zephyr/arch/arch/arm/core/aarch32/libarch__arm__core__aarch32.a(irq_manage.c.obj)
                0x00000000000026cc                arch_irq_disable
 .text.arch_irq_is_enabled
                0x00000000000026f4       0x1c zephyr/arch/arch/arm/core/aarch32/libarch__arm__core__aarch32.a(irq_manage.c.obj)
                0x00000000000026f4                arch_irq_is_enabled
 .text.z_arm_irq_priority_set
                0x0000000000002710       0x2c zephyr/arch/arch/arm/core/aarch32/libarch__arm__core__aarch32.a(irq_manage.c.obj)
                0x0000000000002710                z_arm_irq_priority_set
 .text.z_SysNmiOnReset
                0x000000000000273c        0x8 zephyr/arch/arch/arm/core/aarch32/libarch__arm__core__aarch32.a(nmi_on_reset.S.obj)
                0x000000000000273c                z_SysNmiOnReset
 .text.z_arm_prep_c
                0x0000000000002744       0x38 zephyr/arch/arch/arm/core/aarch32/libarch__arm__core__aarch32.a(prep_c.c.obj)
                0x0000000000002744                z_arm_prep_c
 .text.z_arm_svc
                0x000000000000277c       0x20 zephyr/arch/arch/arm/core/aarch32/libarch__arm__core__aarch32.a(swap_helper.S.obj)
                0x000000000000277c                z_arm_svc
 .text.z_arm_switch_to_main_no_multithreading
                0x000000000000279c       0x3c zephyr/arch/arch/arm/core/aarch32/libarch__arm__core__aarch32.a(thread.c.obj)
                0x000000000000279c                z_arm_switch_to_main_no_multithreading
 .text._isr_wrapper
                0x00000000000027d8       0x28 zephyr/arch/arch/arm/core/aarch32/libarch__arm__core__aarch32.a(isr_wrapper.S.obj)
                0x00000000000027d8                _isr_wrapper
 .text._HandlerModeExit
                0x0000000000002800        0x4 zephyr/arch/arch/arm/core/aarch32/cortex_m/libarch__arm__core__aarch32__cortex_m.a(exc_exit.S.obj)
                0x0000000000002800                z_arm_int_exit
                0x0000000000002800                z_arm_exc_exit
 .text.usage_fault.constprop.0
                0x0000000000002804       0x5c zephyr/arch/arch/arm/core/aarch32/cortex_m/libarch__arm__core__aarch32__cortex_m.a(fault.c.obj)
 .text.bus_fault.constprop.0
                0x0000000000002860       0x6c zephyr/arch/arch/arm/core/aarch32/cortex_m/libarch__arm__core__aarch32__cortex_m.a(fault.c.obj)
 .text.mem_manage_fault.constprop.0
                0x00000000000028cc       0x78 zephyr/arch/arch/arm/core/aarch32/cortex_m/libarch__arm__core__aarch32__cortex_m.a(fault.c.obj)
 .text.z_arm_fault
                0x0000000000002944      0x118 zephyr/arch/arch/arm/core/aarch32/cortex_m/libarch__arm__core__aarch32__cortex_m.a(fault.c.obj)
                0x0000000000002944                z_arm_fault
 .text.z_arm_fault_init
                0x0000000000002a5c       0x18 zephyr/arch/arch/arm/core/aarch32/cortex_m/libarch__arm__core__aarch32__cortex_m.a(fault.c.obj)
                0x0000000000002a5c                z_arm_fault_init
 .text.__fault  0x0000000000002a74       0x14 zephyr/arch/arch/arm/core/aarch32/cortex_m/libarch__arm__core__aarch32__cortex_m.a(fault_s.S.obj)
                0x0000000000002a74                z_arm_usage_fault
                0x0000000000002a74                z_arm_mpu_fault
                0x0000000000002a74                z_arm_exc_spurious
                0x0000000000002a74                z_arm_debug_monitor
                0x0000000000002a74                z_arm_hard_fault
                0x0000000000002a74                z_arm_bus_fault
 .text.z_arm_interrupt_init
                0x0000000000002a88       0x18 zephyr/arch/arch/arm/core/aarch32/cortex_m/libarch__arm__core__aarch32__cortex_m.a(irq_init.c.obj)
                0x0000000000002a88                z_arm_interrupt_init
 .text._reset_section
                0x0000000000002aa0       0x60 zephyr/arch/arch/arm/core/aarch32/cortex_m/libarch__arm__core__aarch32__cortex_m.a(reset.S.obj)
                0x0000000000002aa0                __start
                0x0000000000002aa0                z_arm_reset
 .text.sys_arch_reboot
                0x0000000000002b00       0x24 zephyr/arch/arch/arm/core/aarch32/cortex_m/libarch__arm__core__aarch32__cortex_m.a(scb.c.obj)
                0x0000000000002b00                sys_arch_reboot
 .text.z_arm_clear_arm_mpu_config
                0x0000000000002b24       0x24 zephyr/arch/arch/arm/core/aarch32/cortex_m/libarch__arm__core__aarch32__cortex_m.a(scb.c.obj)
                0x0000000000002b24                z_arm_clear_arm_mpu_config
 .text.z_arm_init_arch_hw_at_boot
                0x0000000000002b48       0x4c zephyr/arch/arch/arm/core/aarch32/cortex_m/libarch__arm__core__aarch32__cortex_m.a(scb.c.obj)
                0x0000000000002b48                z_arm_init_arch_hw_at_boot
 .text.snprintf
                0x0000000000002b94       0x34 zephyr/lib/libc/minimal/liblib__libc__minimal.a(sprintf.c.obj)
                0x0000000000002b94                snprintf
 .text.onoff_stop
                0x0000000000002bc8       0x30 zephyr/drivers/clock_control/libdrivers__clock_control.a(clock_control_nrf.c.obj)
 .text.onoff_start
                0x0000000000002bf8       0x44 zephyr/drivers/clock_control/libdrivers__clock_control.a(clock_control_nrf.c.obj)
 .text.generic_hfclk_stop
                0x0000000000002c3c       0x34 zephyr/drivers/clock_control/libdrivers__clock_control.a(clock_control_nrf.c.obj)
 .text.clk_init
                0x0000000000002c70       0x58 zephyr/drivers/clock_control/libdrivers__clock_control.a(clock_control_nrf.c.obj)
 .text.clkstarted_handle.constprop.0
                0x0000000000002cc8       0x34 zephyr/drivers/clock_control/libdrivers__clock_control.a(clock_control_nrf.c.obj)
 .text.clock_event_handler
                0x0000000000002cfc       0x1c zephyr/drivers/clock_control/libdrivers__clock_control.a(clock_control_nrf.c.obj)
 .text.generic_hfclk_start
                0x0000000000002d18       0x64 zephyr/drivers/clock_control/libdrivers__clock_control.a(clock_control_nrf.c.obj)
 .text.z_nrf_clock_control_lf_on
                0x0000000000002d7c       0xf0 zephyr/drivers/clock_control/libdrivers__clock_control.a(clock_control_nrf.c.obj)
                0x0000000000002d7c                z_nrf_clock_control_lf_on
 .text.flash_nrf_pages_layout
                0x0000000000002e6c       0x10 zephyr/drivers/flash/libdrivers__flash.a(soc_flash_nrf.c.obj)
 .text.flash_nrf_get_parameters
                0x0000000000002e7c        0x8 zephyr/drivers/flash/libdrivers__flash.a(soc_flash_nrf.c.obj)
 .text.nrf_flash_init
                0x0000000000002e84       0x18 zephyr/drivers/flash/libdrivers__flash.a(soc_flash_nrf.c.obj)
 .text.flash_nrf_write
                0x0000000000002e9c       0x4c zephyr/drivers/flash/libdrivers__flash.a(soc_flash_nrf.c.obj)
 .text.gpio_nrfx_pin_interrupt_configure
                0x0000000000002ee8       0xc8 zephyr/drivers/gpio/libdrivers__gpio.a(gpio_nrfx.c.obj)
 .text.gpio_nrfx_init
                0x0000000000002fb0       0x38 zephyr/drivers/gpio/libdrivers__gpio.a(gpio_nrfx.c.obj)
 .text.nrfx_gpio_handler
                0x0000000000002fe8       0x3c zephyr/drivers/gpio/libdrivers__gpio.a(gpio_nrfx.c.obj)
 .text.gpio_nrfx_pin_configure
                0x0000000000003024      0x124 zephyr/drivers/gpio/libdrivers__gpio.a(gpio_nrfx.c.obj)
 .text.pinctrl_configure_pins
                0x0000000000003148      0x108 zephyr/drivers/pinctrl/libdrivers__pinctrl.a(pinctrl_nrf.c.obj)
                0x0000000000003148                pinctrl_configure_pins
 .text.uarte_nrfx_poll_out
                0x0000000000003250       0x90 zephyr/drivers/serial/libdrivers__serial.a(uart_nrfx_uarte.c.obj)
 .text.uarte_nrfx_configure
                0x00000000000032e0      0x168 zephyr/drivers/serial/libdrivers__serial.a(uart_nrfx_uarte.c.obj)
 .text.uarte_instance_init.constprop.0
                0x0000000000003448       0xd8 zephyr/drivers/serial/libdrivers__serial.a(uart_nrfx_uarte.c.obj)
 .text.compare_int_lock
                0x0000000000003520       0x40 zephyr/drivers/timer/libdrivers__timer.a(nrf_rtc_timer.c.obj)
 .text.sys_clock_timeout_handler
                0x0000000000003560       0x48 zephyr/drivers/timer/libdrivers__timer.a(nrf_rtc_timer.c.obj)
 .text.compare_int_unlock
                0x00000000000035a8       0x4c zephyr/drivers/timer/libdrivers__timer.a(nrf_rtc_timer.c.obj)
 .text.z_nrf_rtc_timer_read
                0x00000000000035f4       0x44 zephyr/drivers/timer/libdrivers__timer.a(nrf_rtc_timer.c.obj)
                0x00000000000035f4                z_nrf_rtc_timer_read
 .text.compare_set
                0x0000000000003638      0x114 zephyr/drivers/timer/libdrivers__timer.a(nrf_rtc_timer.c.obj)
 .text.sys_clock_driver_init
                0x000000000000374c       0x8c zephyr/drivers/timer/libdrivers__timer.a(nrf_rtc_timer.c.obj)
 .text.rtc_nrf_isr
                0x00000000000037d8       0xd0 zephyr/drivers/timer/libdrivers__timer.a(nrf_rtc_timer.c.obj)
                0x00000000000037d8                rtc_nrf_isr
 .text.sys_clock_set_timeout
                0x00000000000038a8       0x64 zephyr/drivers/timer/libdrivers__timer.a(nrf_rtc_timer.c.obj)
                0x00000000000038a8                sys_clock_set_timeout
 .text.sys_clock_elapsed
                0x000000000000390c       0x14 zephyr/drivers/timer/libdrivers__timer.a(nrf_rtc_timer.c.obj)
                0x000000000000390c                sys_clock_elapsed
 .text.sys_clock_disable
                0x0000000000003920       0x30 zephyr/drivers/timer/libdrivers__timer.a(nrf_rtc_timer.c.obj)
                0x0000000000003920                sys_clock_disable
 .text.boot_write_magic
                0x0000000000003950       0x40 modules/mcuboot/boot/bootutil/zephyr/libmcuboot_util.a(bootutil_public.c.obj)
                0x0000000000003950                boot_write_magic
 .text.boot_read_swap_state
                0x0000000000003990       0xac modules/mcuboot/boot/bootutil/zephyr/libmcuboot_util.a(bootutil_public.c.obj)
                0x0000000000003990                boot_read_swap_state
 .text.boot_swap_type_multi
                0x0000000000003a3c       0x94 modules/mcuboot/boot/bootutil/zephyr/libmcuboot_util.a(bootutil_public.c.obj)
                0x0000000000003a3c                boot_swap_type_multi
 .text.verify_header
                0x0000000000003ad0       0x40 modules/mbedtls/libmodules__mbedtls.a(memory_buffer_alloc.c.obj)
 .text.verify_chain
                0x0000000000003b10       0x3c modules/mbedtls/libmodules__mbedtls.a(memory_buffer_alloc.c.obj)
 .text.buffer_alloc_calloc
                0x0000000000003b4c      0x114 modules/mbedtls/libmodules__mbedtls.a(memory_buffer_alloc.c.obj)
 .text.buffer_alloc_free
                0x0000000000003c60      0x124 modules/mbedtls/libmodules__mbedtls.a(memory_buffer_alloc.c.obj)
 .text.mbedtls_memory_buffer_alloc_init
                0x0000000000003d84       0x68 modules/mbedtls/libmodules__mbedtls.a(memory_buffer_alloc.c.obj)
                0x0000000000003d84                mbedtls_memory_buffer_alloc_init
 .text.mbedtls_calloc
                0x0000000000003dec        0xc modules/mbedtls/libmodules__mbedtls.a(platform.c.obj)
                0x0000000000003dec                mbedtls_calloc
 .text.mbedtls_free
                0x0000000000003df8        0xc modules/mbedtls/libmodules__mbedtls.a(platform.c.obj)
                0x0000000000003df8                mbedtls_free
 .text.mbedtls_platform_set_calloc_free
                0x0000000000003e04       0x14 modules/mbedtls/libmodules__mbedtls.a(platform.c.obj)
                0x0000000000003e04                mbedtls_platform_set_calloc_free
 .text.rsa_check_context.constprop.0
                0x0000000000003e18       0xb8 modules/mbedtls/libmodules__mbedtls.a(rsa.c.obj)
 .text.mbedtls_rsa_check_pubkey
                0x0000000000003ed0       0x4c modules/mbedtls/libmodules__mbedtls.a(rsa.c.obj)
                0x0000000000003ed0                mbedtls_rsa_check_pubkey
 .text.mbedtls_rsa_public
                0x0000000000003f1c       0x90 modules/mbedtls/libmodules__mbedtls.a(rsa.c.obj)
                0x0000000000003f1c                mbedtls_rsa_public
 .text.mbedtls_sha256_starts
                0x0000000000003fac       0xcc modules/mbedtls/libmodules__mbedtls.a(sha256.c.obj)
                0x0000000000003fac                mbedtls_sha256_starts
 .text.mbedtls_internal_sha256_process
                0x0000000000004078      0x148 modules/mbedtls/libmodules__mbedtls.a(sha256.c.obj)
                0x0000000000004078                mbedtls_internal_sha256_process
 .text.SystemInit
                0x00000000000041c0      0x184 modules/hal_nordic/nrfx/libmodules__hal_nordic__nrfx.a(system_nrf91.c.obj)
                0x00000000000041c0                SystemInit
 .text.nrfx_flag32_alloc
                0x0000000000004344       0x38 modules/hal_nordic/nrfx/libmodules__hal_nordic__nrfx.a(nrfx_flag32_allocator.c.obj)
                0x0000000000004344                nrfx_flag32_alloc
 .text.nrfx_flag32_free
                0x000000000000437c       0x38 modules/hal_nordic/nrfx/libmodules__hal_nordic__nrfx.a(nrfx_flag32_allocator.c.obj)
                0x000000000000437c                nrfx_flag32_free
 .text.nrfx_clock_init
                0x00000000000043b4       0x20 modules/hal_nordic/nrfx/libmodules__hal_nordic__nrfx.a(nrfx_clock.c.obj)
                0x00000000000043b4                nrfx_clock_init
 .text.nrfx_power_clock_irq_handler
                0x00000000000043d4       0x68 modules/hal_nordic/nrfx/libmodules__hal_nordic__nrfx.a(nrfx_clock.c.obj)
                0x00000000000043d4                nrfx_power_clock_irq_handler
 .text.nrfx_dppi_channel_alloc
                0x000000000000443c        0xc modules/hal_nordic/nrfx/libmodules__hal_nordic__nrfx.a(nrfx_dppi.c.obj)
                0x000000000000443c                nrfx_dppi_channel_alloc
 .text.nrf_gpio_cfg_sense_set
                0x0000000000004448       0x20 modules/hal_nordic/nrfx/libmodules__hal_nordic__nrfx.a(nrfx_gpiote.c.obj)
 .text.pin_in_use_by_te
                0x0000000000004468       0x14 modules/hal_nordic/nrfx/libmodules__hal_nordic__nrfx.a(nrfx_gpiote.c.obj)
 .text.call_handler
                0x000000000000447c       0x3c modules/hal_nordic/nrfx/libmodules__hal_nordic__nrfx.a(nrfx_gpiote.c.obj)
 .text.release_handler
                0x00000000000044b8       0x54 modules/hal_nordic/nrfx/libmodules__hal_nordic__nrfx.a(nrfx_gpiote.c.obj)
 .text.pin_handler_trigger_uninit
                0x000000000000450c       0x3c modules/hal_nordic/nrfx/libmodules__hal_nordic__nrfx.a(nrfx_gpiote.c.obj)
 .text.nrfx_gpiote_input_configure
                0x0000000000004548      0x158 modules/hal_nordic/nrfx/libmodules__hal_nordic__nrfx.a(nrfx_gpiote.c.obj)
                0x0000000000004548                nrfx_gpiote_input_configure
 .text.nrfx_gpiote_output_configure
                0x00000000000046a0      0x100 modules/hal_nordic/nrfx/libmodules__hal_nordic__nrfx.a(nrfx_gpiote.c.obj)
                0x00000000000046a0                nrfx_gpiote_output_configure
 .text.nrfx_gpiote_global_callback_set
                0x00000000000047a0        0xc modules/hal_nordic/nrfx/libmodules__hal_nordic__nrfx.a(nrfx_gpiote.c.obj)
                0x00000000000047a0                nrfx_gpiote_global_callback_set
 .text.nrfx_gpiote_channel_get
                0x00000000000047ac       0x2c modules/hal_nordic/nrfx/libmodules__hal_nordic__nrfx.a(nrfx_gpiote.c.obj)
                0x00000000000047ac                nrfx_gpiote_channel_get
 .text.nrfx_gpiote_init
                0x00000000000047d8       0x50 modules/hal_nordic/nrfx/libmodules__hal_nordic__nrfx.a(nrfx_gpiote.c.obj)
                0x00000000000047d8                nrfx_gpiote_init
 .text.nrfx_gpiote_is_init
                0x0000000000004828       0x14 modules/hal_nordic/nrfx/libmodules__hal_nordic__nrfx.a(nrfx_gpiote.c.obj)
                0x0000000000004828                nrfx_gpiote_is_init
 .text.nrfx_gpiote_channel_free
                0x000000000000483c        0xc modules/hal_nordic/nrfx/libmodules__hal_nordic__nrfx.a(nrfx_gpiote.c.obj)
                0x000000000000483c                nrfx_gpiote_channel_free
 .text.nrfx_gpiote_channel_alloc
                0x0000000000004848        0xc modules/hal_nordic/nrfx/libmodules__hal_nordic__nrfx.a(nrfx_gpiote.c.obj)
                0x0000000000004848                nrfx_gpiote_channel_alloc
 .text.nrfx_gpiote_trigger_enable
                0x0000000000004854       0x88 modules/hal_nordic/nrfx/libmodules__hal_nordic__nrfx.a(nrfx_gpiote.c.obj)
                0x0000000000004854                nrfx_gpiote_trigger_enable
 .text.nrfx_gpiote_trigger_disable
                0x00000000000048dc       0x50 modules/hal_nordic/nrfx/libmodules__hal_nordic__nrfx.a(nrfx_gpiote.c.obj)
                0x00000000000048dc                nrfx_gpiote_trigger_disable
 .text.nrfx_gpiote_pin_uninit
                0x000000000000492c       0x44 modules/hal_nordic/nrfx/libmodules__hal_nordic__nrfx.a(nrfx_gpiote.c.obj)
                0x000000000000492c                nrfx_gpiote_pin_uninit
 .text.nrfx_gpiote_irq_handler
                0x0000000000004970      0x154 modules/hal_nordic/nrfx/libmodules__hal_nordic__nrfx.a(nrfx_gpiote.c.obj)
                0x0000000000004970                nrfx_gpiote_irq_handler
 .text.nvmc_readonly_mode_set
                0x0000000000004ac4       0x14 modules/hal_nordic/nrfx/libmodules__hal_nordic__nrfx.a(nrfx_nvmc.c.obj)
 .text.nvmc_word_write
                0x0000000000004ad8       0x18 modules/hal_nordic/nrfx/libmodules__hal_nordic__nrfx.a(nrfx_nvmc.c.obj)
 .text.nrfx_nvmc_page_erase
                0x0000000000004af0       0x3c modules/hal_nordic/nrfx/libmodules__hal_nordic__nrfx.a(nrfx_nvmc.c.obj)
                0x0000000000004af0                nrfx_nvmc_page_erase
 .text.nrfx_nvmc_word_write
                0x0000000000004b2c       0x20 modules/hal_nordic/nrfx/libmodules__hal_nordic__nrfx.a(nrfx_nvmc.c.obj)
                0x0000000000004b2c                nrfx_nvmc_word_write
 .text.get_result_len
                0x0000000000004b4c       0x2c modules/zcbor/libmodules__zcbor.a(zcbor_encode.c.obj)
 .text.value_encode_len
                0x0000000000004b78       0x7c modules/zcbor/libmodules__zcbor.a(zcbor_encode.c.obj)
 .text.z_sys_init_run_level
                0x0000000000004bf4       0x48 zephyr/kernel/libkernel.a(init.c.obj)
 .text.bg_thread_main
                0x0000000000004c3c       0x30 zephyr/kernel/libkernel.a(init.c.obj)
 .text.z_bss_zero
                0x0000000000004c6c       0x18 zephyr/kernel/libkernel.a(init.c.obj)
                0x0000000000004c6c                z_bss_zero
 .text.z_cstart
                0x0000000000004c84       0x70 zephyr/kernel/libkernel.a(init.c.obj)
                0x0000000000004c84                z_cstart
 .text.z_data_copy
                0x0000000000004cf4       0x34 zephyr/kernel/libkernel.a(xip.c.obj)
                0x0000000000004cf4                z_data_copy
 .text.elapsed  0x0000000000004d28       0x14 zephyr/kernel/libkernel.a(timeout.c.obj)
 .text.next_timeout
                0x0000000000004d3c       0x40 zephyr/kernel/libkernel.a(timeout.c.obj)
 .text.remove_timeout
                0x0000000000004d7c       0x38 zephyr/kernel/libkernel.a(timeout.c.obj)
 .text.sys_clock_announce
                0x0000000000004db4       0xd0 zephyr/kernel/libkernel.a(timeout.c.obj)
                0x0000000000004db4                sys_clock_announce
 .text.boot_banner
                0x0000000000004e84        0xc zephyr/kernel/libkernel.a(banner.c.obj)
                0x0000000000004e84                boot_banner
 .text.nrf_cc3xx_platform_init_no_rng
                0x0000000000004e90       0x38 D:/nordicsemi/v2.4.0/nrfxlib/crypto/nrf_cc310_platform/lib/cortex-m33/soft-float/no-interrupts/libnrf_cc310_platform_0.9.17.a(nrf_cc3xx_platform.c.obj)
                0x0000000000004e90                nrf_cc3xx_platform_init_no_rng
 .text.nrf_cc3xx_platform_abort
                0x0000000000004ec8       0x24 D:/nordicsemi/v2.4.0/nrfxlib/crypto/nrf_cc310_platform/lib/cortex-m33/soft-float/no-interrupts/libnrf_cc310_platform_0.9.17.a(nrf_cc3xx_platform_abort.c.obj)
 .text.CC_PalAbort
                0x0000000000004eec       0x34 D:/nordicsemi/v2.4.0/nrfxlib/crypto/nrf_cc310_platform/lib/cortex-m33/soft-float/no-interrupts/libnrf_cc310_platform_0.9.17.a(nrf_cc3xx_platform_abort.c.obj)
                0x0000000000004eec                CC_PalAbort
 .text.nrf_cc3xx_platform_set_abort
                0x0000000000004f20       0x10 D:/nordicsemi/v2.4.0/nrfxlib/crypto/nrf_cc310_platform/lib/cortex-m33/soft-float/no-interrupts/libnrf_cc310_platform_0.9.17.a(nrf_cc3xx_platform_abort.c.obj)
                0x0000000000004f20                nrf_cc3xx_platform_set_abort
 .text.mbedtls_platform_zeroize
                0x0000000000004f30       0x14 D:/nordicsemi/v2.4.0/nrfxlib/crypto/nrf_cc310_platform/lib/cortex-m33/soft-float/no-interrupts/libnrf_cc310_platform_0.9.17.a(mbedtls_common.c.obj)
                0x0000000000004f30                mbedtls_platform_zeroize
 .text.CC_LibInitNoRng
                0x0000000000004f44       0x64 D:/nordicsemi/v2.4.0/nrfxlib/crypto/nrf_cc310_platform/lib/cortex-m33/soft-float/no-interrupts/libnrf_cc310_platform_0.9.17.a(cc_lib.c.obj)
                0x0000000000004f44                CC_LibInitNoRng
 .text.CC_HalInit
                0x0000000000004fa8        0x4 D:/nordicsemi/v2.4.0/nrfxlib/crypto/nrf_cc310_platform/lib/cortex-m33/soft-float/no-interrupts/libnrf_cc310_platform_0.9.17.a(cc_hal.c.obj)
                0x0000000000004fa8                CC_HalInit
 .text.CC_HalTerminate
                0x0000000000004fac        0x4 D:/nordicsemi/v2.4.0/nrfxlib/crypto/nrf_cc310_platform/lib/cortex-m33/soft-float/no-interrupts/libnrf_cc310_platform_0.9.17.a(cc_hal.c.obj)
                0x0000000000004fac                CC_HalTerminate
 .text.CC_HalMaskInterrupt
                0x0000000000004fb0        0xc D:/nordicsemi/v2.4.0/nrfxlib/crypto/nrf_cc310_platform/lib/cortex-m33/soft-float/no-interrupts/libnrf_cc310_platform_0.9.17.a(cc_hal.c.obj)
                0x0000000000004fb0                CC_HalMaskInterrupt
 .text.CC_PalInit
                0x0000000000004fbc       0x5c D:/nordicsemi/v2.4.0/nrfxlib/crypto/nrf_cc310_platform/lib/cortex-m33/soft-float/no-interrupts/libnrf_cc310_platform_0.9.17.a(cc_pal.c.obj)
                0x0000000000004fbc                CC_PalInit
 .text.CC_PalTerminate
                0x0000000000005018       0x34 D:/nordicsemi/v2.4.0/nrfxlib/crypto/nrf_cc310_platform/lib/cortex-m33/soft-float/no-interrupts/libnrf_cc310_platform_0.9.17.a(cc_pal.c.obj)
                0x0000000000005018                CC_PalTerminate
 .text.CC_PalDmaInit
                0x000000000000504c        0x4 D:/nordicsemi/v2.4.0/nrfxlib/crypto/nrf_cc310_platform/lib/cortex-m33/soft-float/no-interrupts/libnrf_cc310_platform_0.9.17.a(cc_pal_dma.c.obj)
                0x000000000000504c                CC_PalDmaInit
 .text.CC_PalDmaTerminate
                0x0000000000005050        0x4 D:/nordicsemi/v2.4.0/nrfxlib/crypto/nrf_cc310_platform/lib/cortex-m33/soft-float/no-interrupts/libnrf_cc310_platform_0.9.17.a(cc_pal_dma.c.obj)
                0x0000000000005050                CC_PalDmaTerminate
 .text.CC_PalMutexCreate
                0x0000000000005054       0x14 D:/nordicsemi/v2.4.0/nrfxlib/crypto/nrf_cc310_platform/lib/cortex-m33/soft-float/no-interrupts/libnrf_cc310_platform_0.9.17.a(cc_pal_mutex.c.obj)
                0x0000000000005054                CC_PalMutexCreate
 .text.CC_PalMutexDestroy
                0x0000000000005068       0x14 D:/nordicsemi/v2.4.0/nrfxlib/crypto/nrf_cc310_platform/lib/cortex-m33/soft-float/no-interrupts/libnrf_cc310_platform_0.9.17.a(cc_pal_mutex.c.obj)
                0x0000000000005068                CC_PalMutexDestroy
 .text.CC_PalPowerSaveModeInit
                0x000000000000507c       0x3c D:/nordicsemi/v2.4.0/nrfxlib/crypto/nrf_cc310_platform/lib/cortex-m33/soft-float/no-interrupts/libnrf_cc310_platform_0.9.17.a(cc_pal_pm.c.obj)
                0x000000000000507c                CC_PalPowerSaveModeInit
 .text.CC_PalPowerSaveModeSelect
                0x00000000000050b8       0x84 D:/nordicsemi/v2.4.0/nrfxlib/crypto/nrf_cc310_platform/lib/cortex-m33/soft-float/no-interrupts/libnrf_cc310_platform_0.9.17.a(cc_pal_pm.c.obj)
                0x00000000000050b8                CC_PalPowerSaveModeSelect
 .text.mutex_free
                0x000000000000513c       0x34 D:/nordicsemi/v2.4.0/nrfxlib/crypto/nrf_cc310_platform/lib/cortex-m33/soft-float/no-interrupts/libnrf_cc310_platform_0.9.17.a(nrf_cc3xx_platform_mutex.c.obj)
 .text.mutex_lock
                0x0000000000005170       0x48 D:/nordicsemi/v2.4.0/nrfxlib/crypto/nrf_cc310_platform/lib/cortex-m33/soft-float/no-interrupts/libnrf_cc310_platform_0.9.17.a(nrf_cc3xx_platform_mutex.c.obj)
 .text.mutex_unlock
                0x00000000000051b8       0x38 D:/nordicsemi/v2.4.0/nrfxlib/crypto/nrf_cc310_platform/lib/cortex-m33/soft-float/no-interrupts/libnrf_cc310_platform_0.9.17.a(nrf_cc3xx_platform_mutex.c.obj)
 .text.mutex_init
                0x00000000000051f0       0x20 D:/nordicsemi/v2.4.0/nrfxlib/crypto/nrf_cc310_platform/lib/cortex-m33/soft-float/no-interrupts/libnrf_cc310_platform_0.9.17.a(nrf_cc3xx_platform_mutex.c.obj)
 .text.flash_device_base
                0x0000000000005210        0xc app/libapp.a(flash_map_extended.c.obj)
                0x0000000000005210                flash_device_base
 .text.flash_area_id_from_multi_image_slot
                0x000000000000521c       0x12 app/libapp.a(flash_map_extended.c.obj)
                0x000000000000521c                flash_area_id_from_multi_image_slot
 .text.flash_area_get_device_id
                0x000000000000522e        0x4 app/libapp.a(flash_map_extended.c.obj)
                0x000000000000522e                flash_area_get_device_id
 .text.flash_area_get_sector
                0x0000000000005232       0x32 app/libapp.a(flash_map_extended.c.obj)
                0x0000000000005232                flash_area_get_sector
 .text.bootutil_tlv_iter_begin
                0x0000000000005264       0x9c app/libapp.a(tlv.c.obj)
                0x0000000000005264                bootutil_tlv_iter_begin
 .text.bootutil_tlv_iter_next
                0x0000000000005300       0x98 app/libapp.a(tlv.c.obj)
                0x0000000000005300                bootutil_tlv_iter_next
 .text.boot_trailer_sz
                0x0000000000005398        0xa app/libapp.a(bootutil_misc.c.obj)
                0x0000000000005398                boot_trailer_sz
 .text.boot_status_entries
                0x00000000000053a2       0x1a app/libapp.a(bootutil_misc.c.obj)
                0x00000000000053a2                boot_status_entries
 .text.boot_status_off
                0x00000000000053bc       0x16 app/libapp.a(bootutil_misc.c.obj)
                0x00000000000053bc                boot_status_off
 .text.boot_read_swap_size
                0x00000000000053d2       0x1c app/libapp.a(bootutil_misc.c.obj)
                0x00000000000053d2                boot_read_swap_size
 .text.boot_write_copy_done
                0x00000000000053ee       0x10 app/libapp.a(bootutil_misc.c.obj)
                0x00000000000053ee                boot_write_copy_done
 .text.boot_write_swap_size
                0x00000000000053fe       0x1e app/libapp.a(bootutil_misc.c.obj)
                0x00000000000053fe                boot_write_swap_size
 .text.bootutil_max_image_size
                0x000000000000541c       0x1e app/libapp.a(bootutil_misc.c.obj)
                0x000000000000541c                bootutil_max_image_size
 .text.fih_panic_loop
                0x000000000000543a       0x26 app/libapp.a(fault_injection_hardening.c.obj)
                0x000000000000543a                fih_panic_loop
 .text.boot_read_image_headers
                0x0000000000005460       0x2c app/libapp.a(loader.c.obj)
 .text.boot_read_image_size.constprop.0.isra.0
                0x000000000000548c       0x82 app/libapp.a(loader.c.obj)
 .text.boot_read_sectors
                0x000000000000550e       0x44 app/libapp.a(loader.c.obj)
 .text.boot_status_reset
                0x0000000000005552       0x12 app/libapp.a(loader.c.obj)
                0x0000000000005552                boot_status_reset
 .text.boot_status_is_reset
                0x0000000000005564       0x1a app/libapp.a(loader.c.obj)
                0x0000000000005564                boot_status_is_reset
 .text.boot_write_status
                0x000000000000557e       0x64 app/libapp.a(loader.c.obj)
                0x000000000000557e                boot_write_status
 .text.boot_erase_region
                0x00000000000055e2        0x4 app/libapp.a(loader.c.obj)
                0x00000000000055e2                boot_erase_region
 .text.swap_erase_trailer_sectors
                0x00000000000055e6       0x6c app/libapp.a(swap_misc.c.obj)
                0x00000000000055e6                swap_erase_trailer_sectors
 .text.swap_status_init
                0x0000000000005652       0x3e app/libapp.a(swap_misc.c.obj)
                0x0000000000005652                swap_status_init
 .text.swap_read_status
                0x0000000000005690       0x78 app/libapp.a(swap_misc.c.obj)
                0x0000000000005690                swap_read_status
 .text.swap_set_copy_done
                0x0000000000005708       0x24 app/libapp.a(swap_misc.c.obj)
                0x0000000000005708                swap_set_copy_done
 .text.swap_set_image_ok
                0x000000000000572c       0x3c app/libapp.a(swap_misc.c.obj)
                0x000000000000572c                swap_set_image_ok
 .text.find_last_idx
                0x0000000000005768       0x14 app/libapp.a(swap_move.c.obj)
                0x0000000000005768                find_last_idx
 .text.swap_read_status_bytes
                0x000000000000577c       0x9c app/libapp.a(swap_move.c.obj)
                0x000000000000577c                swap_read_status_bytes
 .text.boot_status_internal_off
                0x0000000000005818       0x26 app/libapp.a(swap_move.c.obj)
                0x0000000000005818                boot_status_internal_off
 .text.boot_slots_compatible
                0x000000000000583e       0x52 app/libapp.a(swap_move.c.obj)
                0x000000000000583e                boot_slots_compatible
 .text.swap_status_source
                0x0000000000005890       0x38 app/libapp.a(swap_move.c.obj)
                0x0000000000005890                swap_status_source
 .text.arch_printk_char_out
                0x00000000000058c8        0x4 zephyr/libzephyr.a(printk.c.obj)
                0x00000000000058c8                arch_printk_char_out
 .text.printk   0x00000000000058cc       0x1a zephyr/libzephyr.a(printk.c.obj)
                0x00000000000058cc                printk
 .text.process_recheck
                0x00000000000058e6       0x38 zephyr/libzephyr.a(onoff.c.obj)
 .text.validate_args
                0x000000000000591e       0x20 zephyr/libzephyr.a(onoff.c.obj)
 .text.notify_one
                0x000000000000593e       0x2c zephyr/libzephyr.a(onoff.c.obj)
 .text.transition_complete
                0x000000000000596a       0x1c zephyr/libzephyr.a(onoff.c.obj)
 .text.onoff_manager_init
                0x0000000000005986       0x26 zephyr/libzephyr.a(onoff.c.obj)
                0x0000000000005986                onoff_manager_init
 .text.onoff_request
                0x00000000000059ac       0xb0 zephyr/libzephyr.a(onoff.c.obj)
                0x00000000000059ac                onoff_request
 .text.sys_notify_validate
                0x0000000000005a5c       0x22 zephyr/libzephyr.a(notify.c.obj)
                0x0000000000005a5c                sys_notify_validate
 .text.sys_notify_finalize
                0x0000000000005a7e       0x1a zephyr/libzephyr.a(notify.c.obj)
                0x0000000000005a7e                sys_notify_finalize
 .text.crc16_itu_t
                0x0000000000005a98       0x28 zephyr/libzephyr.a(crc16_sw.c.obj)
                0x0000000000005a98                crc16_itu_t
 .text._ConfigAbsSyms
                0x0000000000005ac0        0x2 zephyr/libzephyr.a(configs.c.obj)
                0x0000000000005ac0                _ConfigAbsSyms
 .text.flash_area_close
                0x0000000000005ac2        0x2 zephyr/libzephyr.a(flash_map.c.obj)
                0x0000000000005ac2                flash_area_close
 .text.flash_area_read
                0x0000000000005ac4       0x2a zephyr/libzephyr.a(flash_map.c.obj)
                0x0000000000005ac4                flash_area_read
 .text.flash_area_write
                0x0000000000005aee       0x2a zephyr/libzephyr.a(flash_map.c.obj)
                0x0000000000005aee                flash_area_write
 .text.flash_area_erase
                0x0000000000005b18       0x28 zephyr/libzephyr.a(flash_map.c.obj)
                0x0000000000005b18                flash_area_erase
 .text.flash_area_align
                0x0000000000005b40        0xe zephyr/libzephyr.a(flash_map.c.obj)
                0x0000000000005b40                flash_area_align
 .text.flash_area_erased_val
                0x0000000000005b4e        0xe zephyr/libzephyr.a(flash_map.c.obj)
                0x0000000000005b4e                flash_area_erased_val
 .text.get_sectors_cb
                0x0000000000005b5c       0x44 zephyr/libzephyr.a(flash_map_layout.c.obj)
 .text.abort_function
                0x0000000000005ba0        0x8 zephyr/libzephyr.a(nrf_cc3xx_platform_abort_zephyr.c.obj)
 .text.nrf_cc3xx_platform_mutex_init
                0x0000000000005ba8        0x2 zephyr/libzephyr.a(nrf_cc3xx_platform_no_mutex_zephyr.c.obj)
                0x0000000000005ba8                nrf_cc3xx_platform_mutex_init
 .text.console_write
                0x0000000000005baa       0x1c zephyr/libzephyr.a(serial_adapter.c.obj)
                0x0000000000005baa                console_write
 .text.erase_range
                0x0000000000005bc6       0x3e zephyr/libzephyr.a(boot_serial.c.obj)
 .text.z_arm_fatal_error
                0x0000000000005c04        0x4 zephyr/arch/arch/arm/core/aarch32/libarch__arm__core__aarch32.a(fatal.c.obj)
                0x0000000000005c04                z_arm_fatal_error
 .text.z_do_kernel_oops
                0x0000000000005c08        0x8 zephyr/arch/arch/arm/core/aarch32/libarch__arm__core__aarch32.a(fatal.c.obj)
                0x0000000000005c08                z_do_kernel_oops
 .text.z_irq_spurious
                0x0000000000005c10        0x8 zephyr/arch/arch/arm/core/aarch32/libarch__arm__core__aarch32.a(irq_manage.c.obj)
                0x0000000000005c10                z_irq_spurious
 .text.z_arm_nmi
                0x0000000000005c18        0xe zephyr/arch/arch/arm/core/aarch32/libarch__arm__core__aarch32.a(nmi.c.obj)
                0x0000000000005c18                z_arm_nmi
 .text.strlen   0x0000000000005c26        0xe zephyr/lib/libc/minimal/liblib__libc__minimal.a(string.c.obj)
                0x0000000000005c26                strlen
 .text.memcmp   0x0000000000005c34       0x20 zephyr/lib/libc/minimal/liblib__libc__minimal.a(string.c.obj)
                0x0000000000005c34                memcmp
 .text.memmove  0x0000000000005c54       0x2e zephyr/lib/libc/minimal/liblib__libc__minimal.a(string.c.obj)
                0x0000000000005c54                memmove
 .text.memcpy   0x0000000000005c82       0x16 zephyr/lib/libc/minimal/liblib__libc__minimal.a(string.c.obj)
                0x0000000000005c82                memcpy
 .text.memset   0x0000000000005c98       0x12 zephyr/lib/libc/minimal/liblib__libc__minimal.a(string.c.obj)
                0x0000000000005c98                memset
 .text.sprintf_out
                0x0000000000005caa       0x1a zephyr/lib/libc/minimal/liblib__libc__minimal.a(sprintf.c.obj)
 .text.get_status
                0x0000000000005cc4       0x12 zephyr/drivers/clock_control/libdrivers__clock_control.a(clock_control_nrf.c.obj)
 .text.set_on_state
                0x0000000000005cd6       0x26 zephyr/drivers/clock_control/libdrivers__clock_control.a(clock_control_nrf.c.obj)
 .text.stop     0x0000000000005cfc       0x52 zephyr/drivers/clock_control/libdrivers__clock_control.a(clock_control_nrf.c.obj)
 .text.api_stop
                0x0000000000005d4e        0x6 zephyr/drivers/clock_control/libdrivers__clock_control.a(clock_control_nrf.c.obj)
 .text.async_start
                0x0000000000005d54       0x5c zephyr/drivers/clock_control/libdrivers__clock_control.a(clock_control_nrf.c.obj)
 .text.api_start
                0x0000000000005db0        0xe zephyr/drivers/clock_control/libdrivers__clock_control.a(clock_control_nrf.c.obj)
 .text.api_blocking_start
                0x0000000000005dbe        0x6 zephyr/drivers/clock_control/libdrivers__clock_control.a(clock_control_nrf.c.obj)
 .text.onoff_started_callback
                0x0000000000005dc4       0x12 zephyr/drivers/clock_control/libdrivers__clock_control.a(clock_control_nrf.c.obj)
 .text.lfclk_start
                0x0000000000005dd6        0x6 zephyr/drivers/clock_control/libdrivers__clock_control.a(clock_control_nrf.c.obj)
 .text.lfclk_stop
                0x0000000000005ddc        0x6 zephyr/drivers/clock_control/libdrivers__clock_control.a(clock_control_nrf.c.obj)
 .text.is_regular_addr_valid
                0x0000000000005de2       0x22 zephyr/drivers/flash/libdrivers__flash.a(soc_flash_nrf.c.obj)
 .text.flash_nrf_erase
                0x0000000000005e04       0x4c zephyr/drivers/flash/libdrivers__flash.a(soc_flash_nrf.c.obj)
 .text.flash_nrf_read
                0x0000000000005e50       0x28 zephyr/drivers/flash/libdrivers__flash.a(soc_flash_nrf.c.obj)
 .text.flash_get_page_info
                0x0000000000005e78       0x62 zephyr/drivers/flash/libdrivers__flash.a(flash_page_layout.c.obj)
 .text.z_impl_flash_get_page_info_by_offs
                0x0000000000005eda        0x8 zephyr/drivers/flash/libdrivers__flash.a(flash_page_layout.c.obj)
                0x0000000000005eda                z_impl_flash_get_page_info_by_offs
 .text.flash_page_foreach
                0x0000000000005ee2       0x58 zephyr/drivers/flash/libdrivers__flash.a(flash_page_layout.c.obj)
                0x0000000000005ee2                flash_page_foreach
 .text.gpio_nrfx_port_get_raw
                0x0000000000005f3a        0xc zephyr/drivers/gpio/libdrivers__gpio.a(gpio_nrfx.c.obj)
 .text.gpio_nrfx_port_set_masked_raw
                0x0000000000005f46       0x14 zephyr/drivers/gpio/libdrivers__gpio.a(gpio_nrfx.c.obj)
 .text.gpio_nrfx_port_set_bits_raw
                0x0000000000005f5a        0xa zephyr/drivers/gpio/libdrivers__gpio.a(gpio_nrfx.c.obj)
 .text.gpio_nrfx_port_clear_bits_raw
                0x0000000000005f64        0xa zephyr/drivers/gpio/libdrivers__gpio.a(gpio_nrfx.c.obj)
 .text.gpio_nrfx_port_toggle_bits
                0x0000000000005f6e       0x14 zephyr/drivers/gpio/libdrivers__gpio.a(gpio_nrfx.c.obj)
 .text.gpio_nrfx_manage_callback
                0x0000000000005f82       0x52 zephyr/drivers/gpio/libdrivers__gpio.a(gpio_nrfx.c.obj)
 .text.pinctrl_lookup_state
                0x0000000000005fd4       0x26 zephyr/drivers/pinctrl/libdrivers__pinctrl.a(common.c.obj)
                0x0000000000005fd4                pinctrl_lookup_state
 .text.uarte_nrfx_config_get
                0x0000000000005ffa       0x10 zephyr/drivers/serial/libdrivers__serial.a(uart_nrfx_uarte.c.obj)
 .text.uarte_nrfx_err_check
                0x000000000000600a        0xe zephyr/drivers/serial/libdrivers__serial.a(uart_nrfx_uarte.c.obj)
 .text.tx_start
                0x0000000000006018       0x3e zephyr/drivers/serial/libdrivers__serial.a(uart_nrfx_uarte.c.obj)
 .text.uarte_nrfx_poll_in
                0x0000000000006056       0x28 zephyr/drivers/serial/libdrivers__serial.a(uart_nrfx_uarte.c.obj)
 .text.uarte_nrfx_fifo_read
                0x000000000000607e       0x2e zephyr/drivers/serial/libdrivers__serial.a(uart_nrfx_uarte.c.obj)
 .text.uarte_nrfx_irq_tx_enable
                0x00000000000060ac       0x2e zephyr/drivers/serial/libdrivers__serial.a(uart_nrfx_uarte.c.obj)
 .text.uarte_nrfx_irq_tx_disable
                0x00000000000060da        0xa zephyr/drivers/serial/libdrivers__serial.a(uart_nrfx_uarte.c.obj)
 .text.uarte_nrfx_irq_tx_ready_complete
                0x00000000000060e4       0x2a zephyr/drivers/serial/libdrivers__serial.a(uart_nrfx_uarte.c.obj)
 .text.uarte_nrfx_irq_rx_ready
                0x000000000000610e       0x10 zephyr/drivers/serial/libdrivers__serial.a(uart_nrfx_uarte.c.obj)
 .text.uarte_nrfx_irq_rx_enable
                0x000000000000611e        0xc zephyr/drivers/serial/libdrivers__serial.a(uart_nrfx_uarte.c.obj)
 .text.uarte_nrfx_irq_rx_disable
                0x000000000000612a        0xc zephyr/drivers/serial/libdrivers__serial.a(uart_nrfx_uarte.c.obj)
 .text.uarte_nrfx_irq_err_enable
                0x0000000000006136        0xe zephyr/drivers/serial/libdrivers__serial.a(uart_nrfx_uarte.c.obj)
 .text.uarte_nrfx_irq_err_disable
                0x0000000000006144        0xe zephyr/drivers/serial/libdrivers__serial.a(uart_nrfx_uarte.c.obj)
 .text.uarte_nrfx_irq_is_pending
                0x0000000000006152       0x36 zephyr/drivers/serial/libdrivers__serial.a(uart_nrfx_uarte.c.obj)
 .text.uarte_nrfx_irq_update
                0x0000000000006188        0x4 zephyr/drivers/serial/libdrivers__serial.a(uart_nrfx_uarte.c.obj)
 .text.uarte_nrfx_irq_callback_set
                0x000000000000618c        0xc zephyr/drivers/serial/libdrivers__serial.a(uart_nrfx_uarte.c.obj)
 .text.is_tx_ready.isra.0
                0x0000000000006198       0x20 zephyr/drivers/serial/libdrivers__serial.a(uart_nrfx_uarte.c.obj)
 .text.uarte_nrfx_fifo_fill
                0x00000000000061b8       0x70 zephyr/drivers/serial/libdrivers__serial.a(uart_nrfx_uarte.c.obj)
 .text.uarte_nrfx_isr_int
                0x0000000000006228       0xc0 zephyr/drivers/serial/libdrivers__serial.a(uart_nrfx_uarte.c.obj)
 .text.uarte_1_init
                0x00000000000062e8       0x1e zephyr/drivers/serial/libdrivers__serial.a(uart_nrfx_uarte.c.obj)
 .text.uarte_0_init
                0x0000000000006306       0x1e zephyr/drivers/serial/libdrivers__serial.a(uart_nrfx_uarte.c.obj)
 .text.event_clear
                0x0000000000006324       0x18 zephyr/drivers/timer/libdrivers__timer.a(nrf_rtc_timer.c.obj)
 .text.k_sys_fatal_error_handler
                0x000000000000633c        0x8 modules/nrf/lib/fatal_error/lib..__nrf__lib__fatal_error.a(fatal_error.c.obj)
                0x000000000000633c                k_sys_fatal_error_handler
 .text.hw_cc3xx_init_internal
                0x0000000000006344        0x4 modules/nrf/drivers/hw_cc310/lib..__nrf__drivers__hw_cc310.a(hw_cc310.c.obj)
 .text.hw_cc3xx_init
                0x0000000000006348       0x12 modules/nrf/drivers/hw_cc310/lib..__nrf__drivers__hw_cc310.a(hw_cc310.c.obj)
 .text.boot_swap_info_off
                0x000000000000635a        0xc modules/mcuboot/boot/bootutil/zephyr/libmcuboot_util.a(bootutil_public.c.obj)
                0x000000000000635a                boot_swap_info_off
 .text.boot_magic_compatible_check
                0x0000000000006366       0x1c modules/mcuboot/boot/bootutil/zephyr/libmcuboot_util.a(bootutil_public.c.obj)
                0x0000000000006366                boot_magic_compatible_check
 .text.bootutil_buffer_is_erased
                0x0000000000006382       0x26 modules/mcuboot/boot/bootutil/zephyr/libmcuboot_util.a(bootutil_public.c.obj)
                0x0000000000006382                bootutil_buffer_is_erased
 .text.boot_read_flag
                0x00000000000063a8       0x38 modules/mcuboot/boot/bootutil/zephyr/libmcuboot_util.a(bootutil_public.c.obj)
 .text.boot_write_trailer
                0x00000000000063e0       0x58 modules/mcuboot/boot/bootutil/zephyr/libmcuboot_util.a(bootutil_public.c.obj)
                0x00000000000063e0                boot_write_trailer
 .text.boot_write_trailer_flag
                0x0000000000006438       0x14 modules/mcuboot/boot/bootutil/zephyr/libmcuboot_util.a(bootutil_public.c.obj)
                0x0000000000006438                boot_write_trailer_flag
 .text.boot_write_image_ok
                0x000000000000644c        0xe modules/mcuboot/boot/bootutil/zephyr/libmcuboot_util.a(bootutil_public.c.obj)
                0x000000000000644c                boot_write_image_ok
 .text.boot_read_image_ok
                0x000000000000645a        0xc modules/mcuboot/boot/bootutil/zephyr/libmcuboot_util.a(bootutil_public.c.obj)
                0x000000000000645a                boot_read_image_ok
 .text.boot_read_swap_state_by_id
                0x0000000000006466       0x28 modules/mcuboot/boot/bootutil/zephyr/libmcuboot_util.a(bootutil_public.c.obj)
                0x0000000000006466                boot_read_swap_state_by_id
 .text.boot_write_swap_info
                0x000000000000648e       0x22 modules/mcuboot/boot/bootutil/zephyr/libmcuboot_util.a(bootutil_public.c.obj)
                0x000000000000648e                boot_write_swap_info
 .text._mbedtls_init
                0x00000000000064b0        0x4 modules/mbedtls/libmodules__mbedtls.a(zephyr_init.c.obj)
 .text.mbedtls_asn1_get_len
                0x00000000000064b4       0x98 modules/mbedtls/libmodules__mbedtls.a(asn1parse.c.obj)
                0x00000000000064b4                mbedtls_asn1_get_len
 .text.mbedtls_asn1_get_tag
                0x000000000000654c       0x28 modules/mbedtls/libmodules__mbedtls.a(asn1parse.c.obj)
                0x000000000000654c                mbedtls_asn1_get_tag
 .text.mbedtls_asn1_get_mpi
                0x0000000000006574       0x26 modules/mbedtls/libmodules__mbedtls.a(asn1parse.c.obj)
                0x0000000000006574                mbedtls_asn1_get_mpi
 .text.mpi_select
                0x000000000000659a       0x32 modules/mbedtls/libmodules__mbedtls.a(bignum.c.obj)
 .text.mpi_montmul.isra.0
                0x00000000000065cc       0x1e modules/mbedtls/libmodules__mbedtls.a(bignum.c.obj)
 .text.mbedtls_mpi_init
                0x00000000000065ea        0xc modules/mbedtls/libmodules__mbedtls.a(bignum.c.obj)
                0x00000000000065ea                mbedtls_mpi_init
 .text.mbedtls_mpi_free
                0x00000000000065f6       0x24 modules/mbedtls/libmodules__mbedtls.a(bignum.c.obj)
                0x00000000000065f6                mbedtls_mpi_free
 .text.mbedtls_mpi_grow
                0x000000000000661a       0x4e modules/mbedtls/libmodules__mbedtls.a(bignum.c.obj)
                0x000000000000661a                mbedtls_mpi_grow
 .text.mbedtls_mpi_resize_clear
                0x0000000000006668       0x36 modules/mbedtls/libmodules__mbedtls.a(bignum.c.obj)
 .text.mbedtls_mpi_copy
                0x000000000000669e       0x68 modules/mbedtls/libmodules__mbedtls.a(bignum.c.obj)
                0x000000000000669e                mbedtls_mpi_copy
 .text.mbedtls_mpi_lset
                0x0000000000006706       0x34 modules/mbedtls/libmodules__mbedtls.a(bignum.c.obj)
                0x0000000000006706                mbedtls_mpi_lset
 .text.mbedtls_mpi_get_bit
                0x000000000000673a       0x20 modules/mbedtls/libmodules__mbedtls.a(bignum.c.obj)
                0x000000000000673a                mbedtls_mpi_get_bit
 .text.mbedtls_mpi_bitlen
                0x000000000000675a        0x8 modules/mbedtls/libmodules__mbedtls.a(bignum.c.obj)
                0x000000000000675a                mbedtls_mpi_bitlen
 .text.mbedtls_mpi_size
                0x0000000000006762        0xc modules/mbedtls/libmodules__mbedtls.a(bignum.c.obj)
                0x0000000000006762                mbedtls_mpi_size
 .text.mbedtls_mpi_read_binary
                0x000000000000676e       0x2c modules/mbedtls/libmodules__mbedtls.a(bignum.c.obj)
                0x000000000000676e                mbedtls_mpi_read_binary
 .text.mbedtls_mpi_write_binary
                0x000000000000679a        0xc modules/mbedtls/libmodules__mbedtls.a(bignum.c.obj)
                0x000000000000679a                mbedtls_mpi_write_binary
 .text.mbedtls_mpi_shift_l
                0x00000000000067a6       0xae modules/mbedtls/libmodules__mbedtls.a(bignum.c.obj)
                0x00000000000067a6                mbedtls_mpi_shift_l
 .text.mbedtls_mpi_shift_r
                0x0000000000006854       0x12 modules/mbedtls/libmodules__mbedtls.a(bignum.c.obj)
                0x0000000000006854                mbedtls_mpi_shift_r
 .text.mbedtls_mpi_cmp_abs
                0x0000000000006866       0x6a modules/mbedtls/libmodules__mbedtls.a(bignum.c.obj)
                0x0000000000006866                mbedtls_mpi_cmp_abs
 .text.mbedtls_mpi_cmp_mpi
                0x00000000000068d0       0x82 modules/mbedtls/libmodules__mbedtls.a(bignum.c.obj)
                0x00000000000068d0                mbedtls_mpi_cmp_mpi
 .text.mbedtls_mpi_cmp_int
                0x0000000000006952       0x26 modules/mbedtls/libmodules__mbedtls.a(bignum.c.obj)
                0x0000000000006952                mbedtls_mpi_cmp_int
 .text.mbedtls_mpi_add_abs
                0x0000000000006978       0x90 modules/mbedtls/libmodules__mbedtls.a(bignum.c.obj)
                0x0000000000006978                mbedtls_mpi_add_abs
 .text.mbedtls_mpi_sub_abs
                0x0000000000006a08       0x9e modules/mbedtls/libmodules__mbedtls.a(bignum.c.obj)
                0x0000000000006a08                mbedtls_mpi_sub_abs
 .text.add_sub_mpi
                0x0000000000006aa6       0x5c modules/mbedtls/libmodules__mbedtls.a(bignum.c.obj)
 .text.mbedtls_mpi_add_mpi
                0x0000000000006b02        0x6 modules/mbedtls/libmodules__mbedtls.a(bignum.c.obj)
                0x0000000000006b02                mbedtls_mpi_add_mpi
 .text.mbedtls_mpi_sub_mpi
                0x0000000000006b08        0x8 modules/mbedtls/libmodules__mbedtls.a(bignum.c.obj)
                0x0000000000006b08                mbedtls_mpi_sub_mpi
 .text.mbedtls_mpi_mul_int
                0x0000000000006b10       0x62 modules/mbedtls/libmodules__mbedtls.a(bignum.c.obj)
                0x0000000000006b10                mbedtls_mpi_mul_int
 .text.mbedtls_mpi_div_mpi
                0x0000000000006b72      0x330 modules/mbedtls/libmodules__mbedtls.a(bignum.c.obj)
                0x0000000000006b72                mbedtls_mpi_div_mpi
 .text.mbedtls_mpi_mod_mpi
                0x0000000000006ea2       0x64 modules/mbedtls/libmodules__mbedtls.a(bignum.c.obj)
                0x0000000000006ea2                mbedtls_mpi_mod_mpi
 .text.mbedtls_mpi_exp_mod
                0x0000000000006f06      0x452 modules/mbedtls/libmodules__mbedtls.a(bignum.c.obj)
                0x0000000000006f06                mbedtls_mpi_exp_mod
 .text.mbedtls_mpi_core_clz
                0x0000000000007358       0x20 modules/mbedtls/libmodules__mbedtls.a(bignum_core.c.obj)
                0x0000000000007358                mbedtls_mpi_core_clz
 .text.mbedtls_mpi_core_bitlen
                0x0000000000007378       0x28 modules/mbedtls/libmodules__mbedtls.a(bignum_core.c.obj)
                0x0000000000007378                mbedtls_mpi_core_bitlen
 .text.mbedtls_mpi_core_bigendian_to_host
                0x00000000000073a0       0x54 modules/mbedtls/libmodules__mbedtls.a(bignum_core.c.obj)
                0x00000000000073a0                mbedtls_mpi_core_bigendian_to_host
 .text.mbedtls_mpi_core_cond_assign
                0x00000000000073f4       0x18 modules/mbedtls/libmodules__mbedtls.a(bignum_core.c.obj)
                0x00000000000073f4                mbedtls_mpi_core_cond_assign
 .text.mbedtls_mpi_core_read_be
                0x000000000000740c       0x4a modules/mbedtls/libmodules__mbedtls.a(bignum_core.c.obj)
                0x000000000000740c                mbedtls_mpi_core_read_be
 .text.mbedtls_mpi_core_write_be
                0x0000000000007456       0x64 modules/mbedtls/libmodules__mbedtls.a(bignum_core.c.obj)
                0x0000000000007456                mbedtls_mpi_core_write_be
 .text.mbedtls_mpi_core_shift_r
                0x00000000000074ba       0x74 modules/mbedtls/libmodules__mbedtls.a(bignum_core.c.obj)
                0x00000000000074ba                mbedtls_mpi_core_shift_r
 .text.mbedtls_mpi_core_add
                0x000000000000752e       0x2c modules/mbedtls/libmodules__mbedtls.a(bignum_core.c.obj)
                0x000000000000752e                mbedtls_mpi_core_add
 .text.mbedtls_mpi_core_sub
                0x000000000000755a       0x3a modules/mbedtls/libmodules__mbedtls.a(bignum_core.c.obj)
                0x000000000000755a                mbedtls_mpi_core_sub
 .text.mbedtls_mpi_core_mla
                0x0000000000007594      0x178 modules/mbedtls/libmodules__mbedtls.a(bignum_core.c.obj)
                0x0000000000007594                mbedtls_mpi_core_mla
 .text.mbedtls_mpi_core_montmul_init
                0x000000000000770c       0x22 modules/mbedtls/libmodules__mbedtls.a(bignum_core.c.obj)
                0x000000000000770c                mbedtls_mpi_core_montmul_init
 .text.mbedtls_mpi_core_montmul
                0x000000000000772e       0x92 modules/mbedtls/libmodules__mbedtls.a(bignum_core.c.obj)
                0x000000000000772e                mbedtls_mpi_core_montmul
 .text.mbedtls_mpi_core_sub_int
                0x00000000000077c0       0x22 modules/mbedtls/libmodules__mbedtls.a(bignum_core.c.obj)
                0x00000000000077c0                mbedtls_mpi_core_sub_int
 .text.mbedtls_ct_size_bool_eq
                0x00000000000077e2        0xc modules/mbedtls/libmodules__mbedtls.a(constant_time.c.obj)
                0x00000000000077e2                mbedtls_ct_size_bool_eq
 .text.mbedtls_ct_mpi_uint_cond_assign
                0x00000000000077ee       0x24 modules/mbedtls/libmodules__mbedtls.a(constant_time.c.obj)
                0x00000000000077ee                mbedtls_ct_mpi_uint_cond_assign
 .text.mbedtls_mpi_safe_cond_assign
                0x0000000000007812       0x5e modules/mbedtls/libmodules__mbedtls.a(constant_time.c.obj)
                0x0000000000007812                mbedtls_mpi_safe_cond_assign
 .text.platform_calloc_uninit
                0x0000000000007870        0x4 modules/mbedtls/libmodules__mbedtls.a(platform.c.obj)
 .text.platform_exit_uninit
                0x0000000000007874        0x2 modules/mbedtls/libmodules__mbedtls.a(platform.c.obj)
 .text.platform_free_uninit
                0x0000000000007876        0x2 modules/mbedtls/libmodules__mbedtls.a(platform.c.obj)
 .text.mbedtls_rsa_import
                0x0000000000007878       0x86 modules/mbedtls/libmodules__mbedtls.a(rsa.c.obj)
                0x0000000000007878                mbedtls_rsa_import
 .text.mbedtls_rsa_init
                0x00000000000078fe       0x14 modules/mbedtls/libmodules__mbedtls.a(rsa.c.obj)
                0x00000000000078fe                mbedtls_rsa_init
 .text.mbedtls_rsa_free
                0x0000000000007912       0x72 modules/mbedtls/libmodules__mbedtls.a(rsa.c.obj)
                0x0000000000007912                mbedtls_rsa_free
 .text.mbedtls_sha256_init
                0x0000000000007984        0x8 modules/mbedtls/libmodules__mbedtls.a(sha256.c.obj)
                0x0000000000007984                mbedtls_sha256_init
 .text.mbedtls_sha256_update
                0x000000000000798c       0x88 modules/mbedtls/libmodules__mbedtls.a(sha256.c.obj)
                0x000000000000798c                mbedtls_sha256_update
 .text.mbedtls_sha256_finish
                0x0000000000007a14      0x104 modules/mbedtls/libmodules__mbedtls.a(sha256.c.obj)
                0x0000000000007a14                mbedtls_sha256_finish
 .text.nrf91_errata_14
                0x0000000000007b18       0x24 modules/hal_nordic/nrfx/libmodules__hal_nordic__nrfx.a(system_nrf91.c.obj)
 .text.nrfx_isr
                0x0000000000007b3c        0x2 modules/hal_nordic/nrfx/libmodules__hal_nordic__nrfx.a(nrfx_glue.c.obj)
                0x0000000000007b3c                nrfx_isr
 .text.nrfx_busy_wait
                0x0000000000007b3e        0x4 modules/hal_nordic/nrfx/libmodules__hal_nordic__nrfx.a(nrfx_glue.c.obj)
                0x0000000000007b3e                nrfx_busy_wait
 .text.clock_stop
                0x0000000000007b42       0xb4 modules/hal_nordic/nrfx/libmodules__hal_nordic__nrfx.a(nrfx_clock.c.obj)
 .text.nrfx_clock_enable
                0x0000000000007bf6       0x1c modules/hal_nordic/nrfx/libmodules__hal_nordic__nrfx.a(nrfx_clock.c.obj)
                0x0000000000007bf6                nrfx_clock_enable
 .text.nrfx_clock_start
                0x0000000000007c12       0x80 modules/hal_nordic/nrfx/libmodules__hal_nordic__nrfx.a(nrfx_clock.c.obj)
                0x0000000000007c12                nrfx_clock_start
 .text.nrfx_clock_stop
                0x0000000000007c92        0x4 modules/hal_nordic/nrfx/libmodules__hal_nordic__nrfx.a(nrfx_clock.c.obj)
                0x0000000000007c92                nrfx_clock_stop
 .text.nrfx_nvmc_flash_size_get
                0x0000000000007c96        0x6 modules/hal_nordic/nrfx/libmodules__hal_nordic__nrfx.a(nrfx_nvmc.c.obj)
                0x0000000000007c96                nrfx_nvmc_flash_size_get
 .text.nrfx_nvmc_flash_page_size_get
                0x0000000000007c9c        0x6 modules/hal_nordic/nrfx/libmodules__hal_nordic__nrfx.a(nrfx_nvmc.c.obj)
                0x0000000000007c9c                nrfx_nvmc_flash_page_size_get
 .text.nrfx_nvmc_flash_page_count_get
                0x0000000000007ca2        0x6 modules/hal_nordic/nrfx/libmodules__hal_nordic__nrfx.a(nrfx_nvmc.c.obj)
                0x0000000000007ca2                nrfx_nvmc_flash_page_count_get
 .text.zcbor_new_backup
                0x0000000000007ca8       0x3c modules/zcbor/libmodules__zcbor.a(zcbor_common.c.obj)
                0x0000000000007ca8                zcbor_new_backup
 .text.zcbor_process_backup
                0x0000000000007ce4       0x6a modules/zcbor/libmodules__zcbor.a(zcbor_common.c.obj)
                0x0000000000007ce4                zcbor_process_backup
 .text.zcbor_union_start_code
                0x0000000000007d4e        0x6 modules/zcbor/libmodules__zcbor.a(zcbor_common.c.obj)
                0x0000000000007d4e                zcbor_union_start_code
 .text.zcbor_union_elem_code
                0x0000000000007d54        0x8 modules/zcbor/libmodules__zcbor.a(zcbor_common.c.obj)
                0x0000000000007d54                zcbor_union_elem_code
 .text.zcbor_union_end_code
                0x0000000000007d5c        0x8 modules/zcbor/libmodules__zcbor.a(zcbor_common.c.obj)
                0x0000000000007d5c                zcbor_union_end_code
 .text.zcbor_new_state
                0x0000000000007d64       0x3e modules/zcbor/libmodules__zcbor.a(zcbor_common.c.obj)
                0x0000000000007d64                zcbor_new_state
 .text.zcbor_error.isra.0
                0x0000000000007da2        0x6 modules/zcbor/libmodules__zcbor.a(zcbor_decode.c.obj)
 .text.initial_checks
                0x0000000000007da8       0x1a modules/zcbor/libmodules__zcbor.a(zcbor_decode.c.obj)
 .text.type_check
                0x0000000000007dc2       0x22 modules/zcbor/libmodules__zcbor.a(zcbor_decode.c.obj)
 .text.list_map_end_decode
                0x0000000000007de4       0x3a modules/zcbor/libmodules__zcbor.a(zcbor_decode.c.obj)
 .text.value_extract
                0x0000000000007e1e       0x98 modules/zcbor/libmodules__zcbor.a(zcbor_decode.c.obj)
 .text.str_start_decode
                0x0000000000007eb6       0x26 modules/zcbor/libmodules__zcbor.a(zcbor_decode.c.obj)
 .text.list_map_start_decode
                0x0000000000007edc       0x66 modules/zcbor/libmodules__zcbor.a(zcbor_decode.c.obj)
 .text.str_decode
                0x0000000000007f42       0x34 modules/zcbor/libmodules__zcbor.a(zcbor_decode.c.obj)
 .text.str_expect
                0x0000000000007f76       0x40 modules/zcbor/libmodules__zcbor.a(zcbor_decode.c.obj)
 .text.zcbor_int_decode
                0x0000000000007fb6       0x62 modules/zcbor/libmodules__zcbor.a(zcbor_decode.c.obj)
                0x0000000000007fb6                zcbor_int_decode
 .text.zcbor_int32_decode
                0x0000000000008018        0x6 modules/zcbor/libmodules__zcbor.a(zcbor_decode.c.obj)
                0x0000000000008018                zcbor_int32_decode
 .text.zcbor_bstr_decode
                0x000000000000801e        0x6 modules/zcbor/libmodules__zcbor.a(zcbor_decode.c.obj)
                0x000000000000801e                zcbor_bstr_decode
 .text.zcbor_tstr_expect
                0x0000000000008024        0x6 modules/zcbor/libmodules__zcbor.a(zcbor_decode.c.obj)
                0x0000000000008024                zcbor_tstr_expect
 .text.zcbor_map_start_decode
                0x000000000000802a       0x34 modules/zcbor/libmodules__zcbor.a(zcbor_decode.c.obj)
                0x000000000000802a                zcbor_map_start_decode
 .text.zcbor_map_end_decode
                0x000000000000805e        0x4 modules/zcbor/libmodules__zcbor.a(zcbor_decode.c.obj)
                0x000000000000805e                zcbor_map_end_decode
 .text.zcbor_list_map_end_force_decode
                0x0000000000008062        0xa modules/zcbor/libmodules__zcbor.a(zcbor_decode.c.obj)
                0x0000000000008062                zcbor_list_map_end_force_decode
 .text.zcbor_multi_decode
                0x000000000000806c       0x58 modules/zcbor/libmodules__zcbor.a(zcbor_decode.c.obj)
                0x000000000000806c                zcbor_multi_decode
 .text.encode_header_byte
                0x00000000000080c4       0x28 modules/zcbor/libmodules__zcbor.a(zcbor_encode.c.obj)
 .text.value_encode
                0x00000000000080ec       0x20 modules/zcbor/libmodules__zcbor.a(zcbor_encode.c.obj)
 .text.str_encode
                0x000000000000810c       0x70 modules/zcbor/libmodules__zcbor.a(zcbor_encode.c.obj)
 .text.zcbor_int_encode
                0x000000000000817c       0x48 modules/zcbor/libmodules__zcbor.a(zcbor_encode.c.obj)
                0x000000000000817c                zcbor_int_encode
 .text.zcbor_int32_put
                0x00000000000081c4       0x14 modules/zcbor/libmodules__zcbor.a(zcbor_encode.c.obj)
                0x00000000000081c4                zcbor_int32_put
 .text.zcbor_uint32_put
                0x00000000000081d8       0x18 modules/zcbor/libmodules__zcbor.a(zcbor_encode.c.obj)
                0x00000000000081d8                zcbor_uint32_put
 .text.zcbor_bstr_encode
                0x00000000000081f0        0x6 modules/zcbor/libmodules__zcbor.a(zcbor_encode.c.obj)
                0x00000000000081f0                zcbor_bstr_encode
 .text.zcbor_tstr_encode
                0x00000000000081f6        0x6 modules/zcbor/libmodules__zcbor.a(zcbor_encode.c.obj)
                0x00000000000081f6                zcbor_tstr_encode
 .text.zcbor_list_start_encode
                0x00000000000081fc        0x8 modules/zcbor/libmodules__zcbor.a(zcbor_encode.c.obj)
                0x00000000000081fc                zcbor_list_start_encode
 .text.zcbor_map_start_encode
                0x0000000000008204        0x8 modules/zcbor/libmodules__zcbor.a(zcbor_encode.c.obj)
                0x0000000000008204                zcbor_map_start_encode
 .text.zcbor_list_end_encode
                0x000000000000820c        0x8 modules/zcbor/libmodules__zcbor.a(zcbor_encode.c.obj)
                0x000000000000820c                zcbor_list_end_encode
 .text.zcbor_map_end_encode
                0x0000000000008214        0x4 modules/zcbor/libmodules__zcbor.a(zcbor_encode.c.obj)
                0x0000000000008214                zcbor_map_end_encode
 .text.zcbor_new_encode_state
                0x0000000000008218        0x4 modules/zcbor/libmodules__zcbor.a(zcbor_encode.c.obj)
                0x0000000000008218                zcbor_new_encode_state
 .text.z_device_state_init
                0x000000000000821c        0x2 zephyr/kernel/libkernel.a(device.c.obj)
                0x000000000000821c                z_device_state_init
 .text.z_device_is_ready
                0x000000000000821e       0x16 zephyr/kernel/libkernel.a(device.c.obj)
                0x000000000000821e                z_device_is_ready
 .text.z_fatal_error
                0x0000000000008234       0x20 zephyr/kernel/libkernel.a(fatal.c.obj)
                0x0000000000008234                z_fatal_error
 .text.z_early_memset
                0x0000000000008254        0x4 zephyr/kernel/libkernel.a(init.c.obj)
                0x0000000000008254                z_early_memset
 .text.z_early_memcpy
                0x0000000000008258        0x4 zephyr/kernel/libkernel.a(init.c.obj)
                0x0000000000008258                z_early_memcpy
 .text.k_is_in_isr
                0x000000000000825c        0xc zephyr/kernel/libkernel.a(thread.c.obj)
                0x000000000000825c                k_is_in_isr
 .text.z_impl_k_busy_wait
                0x0000000000008268        0x8 zephyr/kernel/libkernel.a(timeout.c.obj)
                0x0000000000008268                z_impl_k_busy_wait
 .text._OffsetAbsSyms
                0x0000000000008270        0x2 zephyr/CMakeFiles/offsets.dir/./arch/arm/core/offsets/offsets.c.obj
                0x0000000000008270                _OffsetAbsSyms
 *(SORT_BY_ALIGNMENT(.TEXT.*))
 *(SORT_BY_ALIGNMENT(.gnu.linkonce.t.*))
 *(SORT_BY_ALIGNMENT(.glue_7t))
 .glue_7t       0x0000000000008272        0x0 linker stubs
 *(SORT_BY_ALIGNMENT(.glue_7))
 .glue_7        0x0000000000008272        0x0 linker stubs
 *(SORT_BY_ALIGNMENT(.vfp11_veneer))
 .vfp11_veneer  0x0000000000008272        0x0 linker stubs
 *(SORT_BY_ALIGNMENT(.v4_bx))
 .v4_bx         0x0000000000008272        0x0 linker stubs
                0x0000000000008274                . = ALIGN (0x4)
 *fill*         0x0000000000008272        0x2 
                0x0000000000008274                __text_region_end = .

.ARM.exidx      0x0000000000008274        0x8
                0x0000000000008274                __exidx_start = .
 *(SORT_BY_ALIGNMENT(.ARM.exidx*) SORT_BY_ALIGNMENT(gnu.linkonce.armexidx.*))
 .ARM.exidx     0x0000000000008274        0x8 d:/nordicsemi/toolchains/31f4403e35/opt/zephyr-sdk/arm-zephyr-eabi/bin/../lib/gcc/arm-zephyr-eabi/12.2.0/thumb/v8-m.main/nofp\libgcc.a(_udivmoddi4.o)
                0x000000000000827c                __exidx_end = .
                0x000000000000827c                __rodata_region_start = .

initlevel       0x000000000000827c       0x50
                0x000000000000827c                __init_start = .
                0x000000000000827c                __init_EARLY_start = .
 *(SORT_BY_NAME(SORT_BY_ALIGNMENT(.z_init_EARLY[0-9]_*)))
 *(SORT_BY_NAME(SORT_BY_ALIGNMENT(.z_init_EARLY[1-9][0-9]_*)))
                0x000000000000827c                __init_PRE_KERNEL_1_start = .
 *(SORT_BY_NAME(SORT_BY_ALIGNMENT(.z_init_PRE_KERNEL_1[0-9]_*)))
 .z_init_PRE_KERNEL_10_
                0x000000000000827c        0x8 zephyr/libzephyr.a(soc.c.obj)
 *(SORT_BY_NAME(SORT_BY_ALIGNMENT(.z_init_PRE_KERNEL_1[1-9][0-9]_*)))
 .z_init_PRE_KERNEL_130_
                0x0000000000008284        0x8 zephyr/drivers/clock_control/libdrivers__clock_control.a(clock_control_nrf.c.obj)
 .z_init_PRE_KERNEL_140_
                0x000000000000828c        0x8 zephyr/drivers/gpio/libdrivers__gpio.a(gpio_nrfx.c.obj)
 .z_init_PRE_KERNEL_140_
                0x0000000000008294        0x8 modules/nrf/drivers/hw_cc310/lib..__nrf__drivers__hw_cc310.a(hw_cc310.c.obj)
 .z_init_PRE_KERNEL_155_
                0x000000000000829c       0x10 zephyr/drivers/serial/libdrivers__serial.a(uart_nrfx_uarte.c.obj)
                0x00000000000082ac                __init_PRE_KERNEL_2_start = .
 *(SORT_BY_NAME(SORT_BY_ALIGNMENT(.z_init_PRE_KERNEL_2[0-9]_*)))
 .z_init_PRE_KERNEL_20_
                0x00000000000082ac        0x8 zephyr/drivers/timer/libdrivers__timer.a(nrf_rtc_timer.c.obj)
 *(SORT_BY_NAME(SORT_BY_ALIGNMENT(.z_init_PRE_KERNEL_2[1-9][0-9]_*)))
                0x00000000000082b4                __init_POST_KERNEL_start = .
 *(SORT_BY_NAME(SORT_BY_ALIGNMENT(.z_init_POST_KERNEL[0-9]_*)))
 .z_init_POST_KERNEL0_
                0x00000000000082b4        0x8 modules/mbedtls/libmodules__mbedtls.a(zephyr_init.c.obj)
 *(SORT_BY_NAME(SORT_BY_ALIGNMENT(.z_init_POST_KERNEL[1-9][0-9]_*)))
 .z_init_POST_KERNEL40_
                0x00000000000082bc        0x8 modules/nrf/drivers/hw_cc310/lib..__nrf__drivers__hw_cc310.a(hw_cc310.c.obj)
 .z_init_POST_KERNEL50_
                0x00000000000082c4        0x8 zephyr/drivers/flash/libdrivers__flash.a(soc_flash_nrf.c.obj)
                0x00000000000082cc                __init_APPLICATION_start = .
 *(SORT_BY_NAME(SORT_BY_ALIGNMENT(.z_init_APPLICATION[0-9]_*)))
 *(SORT_BY_NAME(SORT_BY_ALIGNMENT(.z_init_APPLICATION[1-9][0-9]_*)))
                0x00000000000082cc                __init_SMP_start = .
 *(SORT_BY_NAME(SORT_BY_ALIGNMENT(.z_init_SMP[0-9]_*)))
 *(SORT_BY_NAME(SORT_BY_ALIGNMENT(.z_init_SMP[1-9][0-9]_*)))
                0x00000000000082cc                __init_end = .

devices         0x00000000000082cc       0x78
                0x00000000000082cc                __device_start = .
                0x00000000000082cc                __device_EARLY_start = .
 *(SORT_BY_NAME(SORT_BY_ALIGNMENT(.z_device_EARLY[0-9]_*)))
 *(SORT_BY_NAME(SORT_BY_ALIGNMENT(.z_device_EARLY[1-9][0-9]_*)))
                0x00000000000082cc                __device_PRE_KERNEL_1_start = .
 *(SORT_BY_NAME(SORT_BY_ALIGNMENT(.z_device_PRE_KERNEL_1[0-9]_*)))
 *(SORT_BY_NAME(SORT_BY_ALIGNMENT(.z_device_PRE_KERNEL_1[1-9][0-9]_*)))
 .z_device_PRE_KERNEL_130_
                0x00000000000082cc       0x18 zephyr/drivers/clock_control/libdrivers__clock_control.a(clock_control_nrf.c.obj)
                0x00000000000082cc                __device_dts_ord_69
 .z_device_PRE_KERNEL_140_
                0x00000000000082e4       0x18 zephyr/drivers/gpio/libdrivers__gpio.a(gpio_nrfx.c.obj)
                0x00000000000082e4                __device_dts_ord_6
 .z_device_PRE_KERNEL_155_
                0x00000000000082fc       0x30 zephyr/drivers/serial/libdrivers__serial.a(uart_nrfx_uarte.c.obj)
                0x00000000000082fc                __device_dts_ord_97
                0x0000000000008314                __device_dts_ord_96
                0x000000000000832c                __device_PRE_KERNEL_2_start = .
 *(SORT_BY_NAME(SORT_BY_ALIGNMENT(.z_device_PRE_KERNEL_2[0-9]_*)))
 *(SORT_BY_NAME(SORT_BY_ALIGNMENT(.z_device_PRE_KERNEL_2[1-9][0-9]_*)))
                0x000000000000832c                __device_POST_KERNEL_start = .
 *(SORT_BY_NAME(SORT_BY_ALIGNMENT(.z_device_POST_KERNEL[0-9]_*)))
 *(SORT_BY_NAME(SORT_BY_ALIGNMENT(.z_device_POST_KERNEL[1-9][0-9]_*)))
 .z_device_POST_KERNEL50_
                0x000000000000832c       0x18 zephyr/drivers/flash/libdrivers__flash.a(soc_flash_nrf.c.obj)
                0x000000000000832c                __device_dts_ord_102
                0x0000000000008344                __device_APPLICATION_start = .
 *(SORT_BY_NAME(SORT_BY_ALIGNMENT(.z_device_APPLICATION[0-9]_*)))
 *(SORT_BY_NAME(SORT_BY_ALIGNMENT(.z_device_APPLICATION[1-9][0-9]_*)))
                0x0000000000008344                __device_SMP_start = .
 *(SORT_BY_NAME(SORT_BY_ALIGNMENT(.z_device_SMP[0-9]_*)))
 *(SORT_BY_NAME(SORT_BY_ALIGNMENT(.z_device_SMP[1-9][0-9]_*)))
                0x0000000000008344                __device_end = .

sw_isr_table    0x0000000000008344      0x208
                0x0000000000008344                . = ALIGN (0x4)
 *(SORT_BY_ALIGNMENT(.gnu.linkonce.sw_isr_table*))
 .gnu.linkonce.sw_isr_table
                0x0000000000008344      0x208 zephyr/arch/common/libisr_tables.a(isr_tables.c.obj)
                0x0000000000008344                _sw_isr_table

initlevel_error
                0x000000000000827c        0x0
 *(SORT_BY_NAME(SORT_BY_ALIGNMENT(.z_init_[_A-Z0-9]*)))
                0x0000000000000001                ASSERT ((SIZEOF (initlevel_error) == 0x0), Undefined initialization levels used.)

app_shmem_regions
                0x000000000000854c        0x0
                0x000000000000854c                __app_shmem_regions_start = .
 *(SORT_BY_NAME(SORT_BY_ALIGNMENT(.app_regions.*)))
                0x000000000000854c                __app_shmem_regions_end = .

k_p4wq_initparam_area
                0x000000000000854c        0x0
                0x000000000000854c                _k_p4wq_initparam_list_start = .
 *(SORT_BY_NAME(SORT_BY_ALIGNMENT(._k_p4wq_initparam.static.*)))
                0x000000000000854c                _k_p4wq_initparam_list_end = .

_static_thread_data_area
                0x000000000000854c        0x0
                0x000000000000854c                __static_thread_data_list_start = .
 *(SORT_BY_NAME(SORT_BY_ALIGNMENT(.__static_thread_data.static.*)))
                0x000000000000854c                __static_thread_data_list_end = .

device_handles  0x000000000000854c       0x50
                0x000000000000854c                __device_handles_start = .
 *(SORT_BY_NAME(SORT_BY_ALIGNMENT(.__device_handles_pass1*)))
 .__device_handles_pass1
                0x000000000000854c        0xa zephyr/drivers/clock_control/libdrivers__clock_control.a(clock_control_nrf.c.obj)
                0x000000000000854c                __devicehdl_dts_ord_69
 .__device_handles_pass1
                0x0000000000008556        0xa zephyr/drivers/flash/libdrivers__flash.a(soc_flash_nrf.c.obj)
                0x0000000000008556                __devicehdl_dts_ord_102
 .__device_handles_pass1
                0x0000000000008560       0x20 zephyr/drivers/gpio/libdrivers__gpio.a(gpio_nrfx.c.obj)
                0x0000000000008560                __devicehdl_dts_ord_6
 .__device_handles_pass1
                0x0000000000008580       0x1c zephyr/drivers/serial/libdrivers__serial.a(uart_nrfx_uarte.c.obj)
                0x0000000000008580                __devicehdl_dts_ord_97
                0x000000000000858e                __devicehdl_dts_ord_96
                0x000000000000859c                __device_handles_end = .

ztest           0x000000000000859c        0x0
                0x000000000000859c                _ztest_expected_result_entry_list_start = .
 *(SORT_BY_NAME(SORT_BY_ALIGNMENT(._ztest_expected_result_entry.static.*)))
                0x000000000000859c                _ztest_expected_result_entry_list_end = .
                0x000000000000859c                _ztest_suite_node_list_start = .
 *(SORT_BY_NAME(SORT_BY_ALIGNMENT(._ztest_suite_node.static.*)))
                0x000000000000859c                _ztest_suite_node_list_end = .
                0x000000000000859c                _ztest_unit_test_list_start = .
 *(SORT_BY_NAME(SORT_BY_ALIGNMENT(._ztest_unit_test.static.*)))
                0x000000000000859c                _ztest_unit_test_list_end = .
                0x000000000000859c                _ztest_test_rule_list_start = .
 *(SORT_BY_NAME(SORT_BY_ALIGNMENT(._ztest_test_rule.static.*)))
                0x000000000000859c                _ztest_test_rule_list_end = .

bt_l2cap_fixed_chan_area
                0x000000000000859c        0x0
                0x000000000000859c                _bt_l2cap_fixed_chan_list_start = .
 *(SORT_BY_NAME(SORT_BY_ALIGNMENT(._bt_l2cap_fixed_chan.static.*)))
                0x000000000000859c                _bt_l2cap_fixed_chan_list_end = .

bt_gatt_service_static_area
                0x000000000000859c        0x0
                0x000000000000859c                _bt_gatt_service_static_list_start = .
 *(SORT_BY_NAME(SORT_BY_ALIGNMENT(._bt_gatt_service_static.static.*)))
                0x000000000000859c                _bt_gatt_service_static_list_end = .

log_strings_sections
                0x000000000000859c        0x0
                0x000000000000859c                __log_strings_start = .
 *(SORT_BY_NAME(SORT_BY_ALIGNMENT(.log_strings*)))
                0x000000000000859c                __log_strings_end = .

log_const_sections
                0x000000000000859c       0x68
                0x000000000000859c                __log_const_start = .
 *(SORT_BY_NAME(SORT_BY_ALIGNMENT(.log_const_*)))
 .log_const_NRFX_CLOCK
                0x000000000000859c        0x8 modules/hal_nordic/nrfx/libmodules__hal_nordic__nrfx.a(nrfx_clock.c.obj)
                0x000000000000859c                log_const_NRFX_CLOCK
 .log_const_NRFX_DPPI
                0x00000000000085a4        0x8 modules/hal_nordic/nrfx/libmodules__hal_nordic__nrfx.a(nrfx_dppi.c.obj)
                0x00000000000085a4                log_const_NRFX_DPPI
 .log_const_NRFX_GPIOTE
                0x00000000000085ac        0x8 modules/hal_nordic/nrfx/libmodules__hal_nordic__nrfx.a(nrfx_gpiote.c.obj)
                0x00000000000085ac                log_const_NRFX_GPIOTE
 .log_const_NRFX_WDT
                0x00000000000085b4        0x8 modules/hal_nordic/nrfx/libmodules__hal_nordic__nrfx.a(nrfx_wdt.c.obj)
                0x00000000000085b4                log_const_NRFX_WDT
 .log_const_cbprintf_package
                0x00000000000085bc        0x8 zephyr/libzephyr.a(cbprintf_packaged.c.obj)
                0x00000000000085bc                log_const_cbprintf_package
 .log_const_clock_control
                0x00000000000085c4        0x8 zephyr/drivers/clock_control/libdrivers__clock_control.a(clock_control_nrf.c.obj)
                0x00000000000085c4                log_const_clock_control
 .log_const_fatal_error
                0x00000000000085cc        0x8 modules/nrf/lib/fatal_error/lib..__nrf__lib__fatal_error.a(fatal_error.c.obj)
                0x00000000000085cc                log_const_fatal_error
 .log_const_flash_nrf
                0x00000000000085d4        0x8 zephyr/drivers/flash/libdrivers__flash.a(soc_flash_nrf.c.obj)
                0x00000000000085d4                log_const_flash_nrf
 .log_const_mcuboot
                0x00000000000085dc        0x8 app/libapp.a(main.c.obj)
                0x00000000000085dc                log_const_mcuboot
 .log_const_os  0x00000000000085e4        0x8 zephyr/kernel/libkernel.a(init.c.obj)
                0x00000000000085e4                log_const_os
 .log_const_serial_adapter
                0x00000000000085ec        0x8 zephyr/libzephyr.a(serial_adapter.c.obj)
                0x00000000000085ec                log_const_serial_adapter
 .log_const_soc
                0x00000000000085f4        0x8 zephyr/libzephyr.a(soc.c.obj)
                0x00000000000085f4                log_const_soc
 .log_const_uart_nrfx_uarte
                0x00000000000085fc        0x8 zephyr/drivers/serial/libdrivers__serial.a(uart_nrfx_uarte.c.obj)
                0x00000000000085fc                log_const_uart_nrfx_uarte
                0x0000000000008604                __log_const_end = .

log_backend_area
                0x0000000000008604        0x0
                0x0000000000008604                _log_backend_list_start = .
 *(SORT_BY_NAME(SORT_BY_ALIGNMENT(._log_backend.static.*)))
                0x0000000000008604                _log_backend_list_end = .

log_link_area   0x0000000000008604        0x0
                0x0000000000008604                _log_link_list_start = .
 *(SORT_BY_NAME(SORT_BY_ALIGNMENT(._log_link.static.*)))
                0x0000000000008604                _log_link_list_end = .

tracing_backend_area
                0x0000000000008604        0x0
                0x0000000000008604                _tracing_backend_list_start = .
 *(SORT_BY_NAME(SORT_BY_ALIGNMENT(._tracing_backend.static.*)))
                0x0000000000008604                _tracing_backend_list_end = .

zephyr_dbg_info
 *(SORT_BY_ALIGNMENT(.dbg_thread_info))

symbol_to_keep  0x0000000000008604        0x0
                0x0000000000008604                __symbol_to_keep_start = .
 *(SORT_BY_NAME(SORT_BY_ALIGNMENT(.symbol_to_keep*)))
                0x0000000000008604                __symbol_to_keep_end = .

shell_area      0x0000000000008604        0x0
                0x0000000000008604                _shell_list_start = .
 *(SORT_BY_NAME(SORT_BY_ALIGNMENT(._shell.static.*)))
                0x0000000000008604                _shell_list_end = .

shell_root_cmds_sections
                0x0000000000008604        0x0
                0x0000000000008604                __shell_root_cmds_start = .
 *(SORT_BY_NAME(SORT_BY_ALIGNMENT(.shell_root_cmd_*)))
                0x0000000000008604                __shell_root_cmds_end = .

shell_subcmds_sections
                0x0000000000008604        0x0
                0x0000000000008604                __shell_subcmds_start = .
 *(SORT_BY_NAME(SORT_BY_ALIGNMENT(.shell_subcmd_*)))
                0x0000000000008604                __shell_subcmds_end = .

shell_dynamic_subcmds_sections
                0x0000000000008604        0x0
                0x0000000000008604                __shell_dynamic_subcmds_start = .
 *(SORT_BY_NAME(SORT_BY_ALIGNMENT(.shell_dynamic_subcmd_*)))
                0x0000000000008604                __shell_dynamic_subcmds_end = .

font_entry_sections
                0x0000000000008604        0x0
                0x0000000000008604                __font_entry_start = .
 *(SORT_BY_NAME(SORT_BY_ALIGNMENT(._cfb_font.*)))
                0x0000000000008604                __font_entry_end = .

rodata          0x0000000000008610      0x768
 *(SORT_BY_ALIGNMENT(.rodata))
 *(SORT_BY_ALIGNMENT(.rodata.*))
 .rodata.delay_machine_code.0
                0x0000000000008610        0x6 zephyr/libzephyr.a(soc.c.obj)
 *fill*         0x0000000000008616        0x2 
 .rodata.boot_funcs
                0x0000000000008618        0x8 app/libapp.a(main.c.obj)
                0x0000000000008618                boot_funcs
 .rodata.bootutil_key_cnt
                0x0000000000008620        0x4 app/libapp.a(keys.c.obj)
                0x0000000000008620                bootutil_key_cnt
 .rodata.bootutil_keys
                0x0000000000008624        0x8 app/libapp.a(keys.c.obj)
                0x0000000000008624                bootutil_keys
 .rodata.rsa_pub_key_len
                0x000000000000862c        0x4 app/libapp.a(autogen-pubkey.c.obj)
                0x000000000000862c                rsa_pub_key_len
 .rodata.flash_map_entries
                0x0000000000008630        0x4 zephyr/libzephyr.a(flash_map_partition_manager.c.obj)
                0x0000000000008630                flash_map_entries
 .rodata.default_flash_map
                0x0000000000008634       0xd0 zephyr/libzephyr.a(flash_map_partition_manager.c.obj)
                0x0000000000008634                default_flash_map
 .rodata.apis   0x0000000000008704        0x8 zephyr/libzephyr.a(nrf_cc3xx_platform_abort_zephyr.c.obj)
 .rodata.transitions.0
                0x000000000000870c        0xc zephyr/drivers/clock_control/libdrivers__clock_control.a(clock_control_nrf.c.obj)
 .rodata.config
                0x0000000000008718       0x18 zephyr/drivers/clock_control/libdrivers__clock_control.a(clock_control_nrf.c.obj)
 .rodata.clock_control_api
                0x0000000000008730       0x1c zephyr/drivers/clock_control/libdrivers__clock_control.a(clock_control_nrf.c.obj)
 .rodata.flash_nrf_api