Archive member included to satisfy reference by file (symbol)

platform/libplatform_s.a(hw_init.o)
                              secure_fw/CMakeFiles/tfm_s.dir/__/platform/ext/target/nordic_nrf/common/nrf91/gcc/startup_nrf91.o (hw_init_reset_on_boot)
platform/libplatform_s.a(system_nrf91.o)
                              secure_fw/CMakeFiles/tfm_s.dir/__/platform/ext/target/nordic_nrf/common/nrf91/gcc/startup_nrf91.o (SystemInit)
secure_fw/partitions/lib/runtime/libtfm_sprt.a(crt_memset.o)
                              d:/nordicsemi/toolchains/31f4403e35/opt/zephyr-sdk/arm-zephyr-eabi/bin/../lib/gcc/arm-zephyr-eabi/12.2.0/../../../../arm-zephyr-eabi/lib/thumb/v8-m.main/nofp/crt0.o (memset)
secure_fw/spm/libtfm_spm.a(utilities.o)
                              secure_fw/CMakeFiles/tfm_s.dir/__/platform/ext/common/faults.o (tfm_core_panic)
secure_fw/spm/libtfm_spm.a(main.o)
                              d:/nordicsemi/toolchains/31f4403e35/opt/zephyr-sdk/arm-zephyr-eabi/bin/../lib/gcc/arm-zephyr-eabi/12.2.0/../../../../arm-zephyr-eabi/lib/thumb/v8-m.main/nofp/crt0.o (main)
secure_fw/spm/libtfm_spm.a(spm_cross_call.o)
                              secure_fw/CMakeFiles/tfm_s.dir/partitions/ns_agent_tz/psa_api_veneers_v80m.o (spm_interface_cross_dispatcher)
secure_fw/spm/libtfm_spm.a(psa_api.o)
                              secure_fw/spm/libtfm_spm.a(spm_cross_call.o) (spm_handle_programmer_errors)
secure_fw/spm/libtfm_spm.a(backend_ipc.o)
                              secure_fw/spm/libtfm_spm.a(psa_api.o) (backend_messaging)
secure_fw/spm/libtfm_spm.a(tfm_core_svcalls_ipc.o)
                              secure_fw/spm/libtfm_spm.a(main.o) (tfm_core_handler_mode)
secure_fw/spm/libtfm_spm.a(thread.o)
                              secure_fw/spm/libtfm_spm.a(spm_cross_call.o) (thrd_next)
secure_fw/spm/libtfm_spm.a(tfm_arch_v8m_main.o)
                              secure_fw/spm/libtfm_spm.a(spm_cross_call.o) (arch_non_preempt_call)
secure_fw/spm/libtfm_spm.a(ns_agent_tz_v80m.o)
                              secure_fw/CMakeFiles/tfm_s.dir/partitions/ns_agent_tz/load_info_ns_agent_tz.o (ns_agent_tz_main)
secure_fw/spm/libtfm_spm.a(tfm_hal_isolation.o)
                              secure_fw/spm/libtfm_spm.a(backend_ipc.o) (tfm_hal_activate_boundary)
secure_fw/spm/libtfm_spm.a(target_cfg.o)
                              secure_fw/spm/libtfm_spm.a(tfm_hal_isolation.o) (sau_and_idau_cfg)
secure_fw/spm/libtfm_spm.a(tfm_boot_data.o)
                              secure_fw/spm/libtfm_spm.a(main.o) (tfm_core_validate_boot_data)
secure_fw/spm/libtfm_spm.a(tfm_arch.o)
                              secure_fw/spm/libtfm_spm.a(tfm_core_svcalls_ipc.o) (tfm_arch_free_msp_and_exc_ret)
secure_fw/spm/libtfm_spm.a(spm_ipc.o)
                              secure_fw/spm/libtfm_spm.a(psa_api.o) (tfm_spm_to_user_handle)
secure_fw/spm/libtfm_spm.a(static_loader.o)
                              secure_fw/spm/libtfm_spm.a(spm_ipc.o) (load_a_partition_assuredly)
secure_fw/spm/libtfm_spm.a(tfm_pools.o)
                              secure_fw/spm/libtfm_spm.a(spm_ipc.o) (tfm_pool_init)
secure_fw/spm/libtfm_spm.a(tfm_spm_ns_ctx.o)
                              secure_fw/spm/libtfm_spm.a(spm_ipc.o) (tfm_nspm_get_current_client_id)
secure_fw/spm/libtfm_spm.a(ns_agent_tz_init.o)
                              secure_fw/spm/libtfm_spm.a(ns_agent_tz_v80m.o) (ns_agent_tz_init_c)
secure_fw/spm/libtfm_spm.a(tfm_hal_platform_common.o)
                              secure_fw/spm/libtfm_spm.a(ns_agent_tz_init.o) (tfm_hal_get_ns_VTOR)
secure_fw/partitions/platform/libtfm_psa_rot_partition_platform.a(platform_sp.o)
                              secure_fw/CMakeFiles/tfm_s.dir/__/generated/secure_fw/partitions/platform/auto_generated/load_info_tfm_platform.o (tfm_platform_service_sfn)
secure_fw/partitions/platform/libtfm_psa_rot_partition_platform.a(intermedia_tfm_platform.o)
                              secure_fw/CMakeFiles/tfm_s.dir/__/generated/secure_fw/partitions/platform/auto_generated/load_info_tfm_platform.o (tfm_sp_platform_stack)
platform/libplatform_s.a(mpu_armv8m_drv.o)
                              secure_fw/spm/libtfm_spm.a(tfm_hal_isolation.o) (mpu_armv8m_enable)
platform/libplatform_s.a(spu.o)
                              secure_fw/spm/libtfm_spm.a(target_cfg.o) (spu_enable_interrupts)
platform/libplatform_s.a(tfm_hal_platform.o)
                              secure_fw/spm/libtfm_spm.a(main.o) (tfm_hal_platform_init)
platform/libplatform_s.a(dummy_otp.o)
                              secure_fw/spm/libtfm_spm.a(main.o) (tfm_plat_otp_init)
platform/libplatform_s.a(dummy_provisioning.o)
                              secure_fw/spm/libtfm_spm.a(main.o) (tfm_plat_provisioning_is_required)
platform/libplatform_s.a(tfm_platform_system.o)
                              secure_fw/partitions/platform/libtfm_psa_rot_partition_platform.a(platform_sp.o) (tfm_platform_hal_system_reset)
platform/libplatform_s.a(tfm_hal_reset_halt.o)
[...]
Memory Configuration

Name             Origin             Length             Attributes
FLASH            0x000000000000c200 0x000000000000be00 xr
RAM              0x0000000020000000 0x0000000000008000 xrw
*default*        0x0000000000000000 0xffffffffffffffff

Linker script and memory map

LOAD d:/nordicsemi/toolchains/31f4403e35/opt/zephyr-sdk/arm-zephyr-eabi/bin/../lib/gcc/arm-zephyr-eabi/12.2.0/thumb/v8-m.main/nofp/crti.o
LOAD d:/nordicsemi/toolchains/31f4403e35/opt/zephyr-sdk/arm-zephyr-eabi/bin/../lib/gcc/arm-zephyr-eabi/12.2.0/thumb/v8-m.main/nofp/crtbegin.o
LOAD d:/nordicsemi/toolchains/31f4403e35/opt/zephyr-sdk/arm-zephyr-eabi/bin/../lib/gcc/arm-zephyr-eabi/12.2.0/../../../../arm-zephyr-eabi/lib/thumb/v8-m.main/nofp/crt0.o
LOAD secure_fw/CMakeFiles/tfm_s.dir/partitions/ns_agent_tz/psa_api_veneers_v80m.o
LOAD secure_fw/CMakeFiles/tfm_s.dir/__/platform/ext/target/nordic_nrf/common/nrf91/gcc/startup_nrf91.o
LOAD secure_fw/CMakeFiles/tfm_s.dir/__/platform/ext/common/faults.o
LOAD secure_fw/CMakeFiles/tfm_s.dir/__/generated/secure_fw/partitions/crypto/auto_generated/load_info_tfm_crypto.o
LOAD secure_fw/CMakeFiles/tfm_s.dir/__/generated/secure_fw/partitions/platform/auto_generated/load_info_tfm_platform.o
LOAD secure_fw/CMakeFiles/tfm_s.dir/partitions/ns_agent_tz/load_info_ns_agent_tz.o
LOAD platform/libplatform_s.a
LOAD secure_fw/partitions/lib/runtime/libtfm_sprt.a
LOAD secure_fw/spm/libtfm_spm.a
LOAD secure_fw/partitions/platform/libtfm_psa_rot_partition_platform.a
LOAD platform/libplatform_s.a
LOAD secure_fw/partitions/lib/runtime/libtfm_sprt.a
LOAD secure_fw/partitions/crypto/libtfm_psa_rot_partition_crypto.a
LOAD platform/libplatform_crypto_keys.a
LOAD secure_fw/partitions/crypto/mbedcrypto/nrf_security_src/libcrypto_service_mbedcrypto.a
LOAD platform/libplatform_s.a
LOAD secure_fw/partitions/lib/runtime/libtfm_sprt.a
LOAD secure_fw/partitions/crypto/libtfm_psa_rot_partition_crypto.a
LOAD platform/libplatform_crypto_keys.a
LOAD secure_fw/partitions/crypto/mbedcrypto/nrf_security_src/libcrypto_service_mbedcrypto.a
LOAD platform/libplatform_s.a
LOAD secure_fw/partitions/lib/runtime/libtfm_sprt.a
LOAD secure_fw/partitions/crypto/libtfm_psa_rot_partition_crypto.a
LOAD platform/libplatform_crypto_keys.a
LOAD secure_fw/partitions/crypto/mbedcrypto/nrf_security_src/libcrypto_service_mbedcrypto.a
LOAD D:/nordicsemi/v2.4.0/nrfxlib/crypto/nrf_cc310_platform/lib/cortex-m33/soft-float/no-interrupts/libnrf_cc310_platform_0.9.17.a
LOAD D:/nordicsemi/v2.4.0/nrfxlib/crypto/nrf_oberon/lib/cortex-m33/soft-float/liboberon_mbedtls_3.0.13.a
LOAD secure_fw/partitions/crypto/mbedcrypto/nrf_security_src/libmbedcrypto_base.a
LOAD D:/nordicsemi/v2.4.0/nrfxlib/crypto/nrf_oberon/lib/cortex-m33/soft-float/liboberon_3.0.13.a
LOAD d:/nordicsemi/toolchains/31f4403e35/opt/zephyr-sdk/arm-zephyr-eabi/bin/../lib/gcc/arm-zephyr-eabi/12.2.0/../../../../arm-zephyr-eabi/lib/thumb/v8-m.main/nofp\libc_nano.a
START GROUP
LOAD d:/nordicsemi/toolchains/31f4403e35/opt/zephyr-sdk/arm-zephyr-eabi/bin/../lib/gcc/arm-zephyr-eabi/12.2.0/thumb/v8-m.main/nofp\libgcc.a
LOAD d:/nordicsemi/toolchains/31f4403e35/opt/zephyr-sdk/arm-zephyr-eabi/bin/../lib/gcc/arm-zephyr-eabi/12.2.0/../../../../arm-zephyr-eabi/lib/thumb/v8-m.main/nofp\libc_nano.a
END GROUP
START GROUP
LOAD d:/nordicsemi/toolchains/31f4403e35/opt/zephyr-sdk/arm-zephyr-eabi/bin/../lib/gcc/arm-zephyr-eabi/12.2.0/thumb/v8-m.main/nofp\libgcc.a
LOAD d:/nordicsemi/toolchains/31f4403e35/opt/zephyr-sdk/arm-zephyr-eabi/bin/../lib/gcc/arm-zephyr-eabi/12.2.0/../../../../arm-zephyr-eabi/lib/thumb/v8-m.main/nofp\libc_nano.a
END GROUP
LOAD d:/nordicsemi/toolchains/31f4403e35/opt/zephyr-sdk/arm-zephyr-eabi/bin/../lib/gcc/arm-zephyr-eabi/12.2.0/thumb/v8-m.main/nofp/crtend.o
LOAD d:/nordicsemi/toolchains/31f4403e35/opt/zephyr-sdk/arm-zephyr-eabi/bin/../lib/gcc/arm-zephyr-eabi/12.2.0/thumb/v8-m.main/nofp/crtn.o
                0x0000000000000800                __msp_stack_size__ = 0x800
START GROUP
LOAD d:/nordicsemi/toolchains/31f4403e35/opt/zephyr-sdk/arm-zephyr-eabi/bin/../lib/gcc/arm-zephyr-eabi/12.2.0/thumb/v8-m.main/nofp\libgcc.a
LOAD d:/nordicsemi/toolchains/31f4403e35/opt/zephyr-sdk/arm-zephyr-eabi/bin/../lib/gcc/arm-zephyr-eabi/12.2.0/../../../../arm-zephyr-eabi/lib/thumb/v8-m.main/nofp\libc.a
LOAD d:/nordicsemi/toolchains/31f4403e35/opt/zephyr-sdk/arm-zephyr-eabi/bin/../lib/gcc/arm-zephyr-eabi/12.2.0/../../../../arm-zephyr-eabi/lib/thumb/v8-m.main/nofp\libm.a
LOAD d:/nordicsemi/toolchains/31f4403e35/opt/zephyr-sdk/arm-zephyr-eabi/bin/../lib/gcc/arm-zephyr-eabi/12.2.0/../../../../arm-zephyr-eabi/lib/thumb/v8-m.main/nofp\libnosys.a
LOAD d:/nordicsemi/toolchains/31f4403e35/opt/zephyr-sdk/arm-zephyr-eabi/bin/../lib/gcc/arm-zephyr-eabi/12.2.0/../../../../arm-zephyr-eabi/lib/thumb/v8-m.main/nofp\libc_nano.a
END GROUP

.TFM_VECTORS    0x000000000000c200      0x144
                0x000000000000c200                __vectors_start__ = .
 *(.vectors)
 .vectors       0x000000000000c200      0x144 secure_fw/CMakeFiles/tfm_s.dir/__/platform/ext/target/nordic_nrf/common/nrf91/gcc/startup_nrf91.o
                0x000000000000c200                __Vectors
                0x000000000000c344                . = ALIGN (0x4)
                0x000000000000c344                __vectors_end__ = .
                0x0000000000000001                ASSERT ((. <= (ADDR (.TFM_VECTORS) + 0x144)), .TFM_VECTORS section size overflow.)
                0x000000000000c344                . = (ADDR (.TFM_VECTORS) + 0x144)

.copy.table     0x000000000000c344       0x24
                0x000000000000c344                __copy_table_start__ = .
                0x000000000000c344        0x4 LONG 0x17c20 LOADADDR (.TFM_DATA)
                0x000000000000c348        0x4 LONG 0x20001d80 ADDR (.TFM_DATA)
                0x000000000000c34c        0x4 LONG 0x3c (SIZEOF (.TFM_DATA) / 0x4)
                0x000000000000c350        0x4 LONG 0xe660 LOADADDR (.TFM_PSA_ROT_LINKER_DATA)
                0x000000000000c354        0x4 LONG 0x20000c40 ADDR (.TFM_PSA_ROT_LINKER_DATA)
                0x000000000000c358        0x4 LONG 0x0 (SIZEOF (.TFM_PSA_ROT_LINKER_DATA) / 0x4)
                0x000000000000c35c        0x4 LONG 0xe660 LOADADDR (.TFM_APP_ROT_LINKER_DATA)
                0x000000000000c360        0x4 LONG 0x20000c20 ADDR (.TFM_APP_ROT_LINKER_DATA)
                0x000000000000c364        0x4 LONG 0x0 (SIZEOF (.TFM_APP_ROT_LINKER_DATA) / 0x4)
                0x000000000000c368                __copy_table_end__ = .

.zero.table     0x000000000000c368       0x20
                0x000000000000c368                __zero_table_start__ = .
                0x000000000000c368        0x4 LONG 0x20001e80 ADDR (.TFM_BSS)
                0x000000000000c36c        0x4 LONG 0x62f (SIZEOF (.TFM_BSS) / 0x4)
                0x000000000000c370        0x4 LONG 0x20000c40 ADDR (.TFM_PSA_ROT_LINKER_BSS)
                0x000000000000c374        0x4 LONG 0x450 (SIZEOF (.TFM_PSA_ROT_LINKER_BSS) / 0x4)
                0x000000000000c378        0x4 LONG 0x20000c20 ADDR (.TFM_APP_ROT_LINKER_BSS)
                0x000000000000c37c        0x4 LONG 0x8 (SIZEOF (.TFM_APP_ROT_LINKER_BSS) / 0x4)
                0x000000000000c380        0x4 LONG 0x20000c00 ADDR (.TFM_SP_META_PTR)
                0x000000000000c384        0x4 LONG 0x8 (SIZEOF (.TFM_SP_META_PTR) / 0x4)
                0x000000000000c388                __zero_table_end__ = .

.TFM_SP_LOAD_LIST
                0x000000000000c388       0xc4
 *(.part_load_priority_lowest)
 .part_load_priority_lowest
                0x000000000000c388       0x30 secure_fw/CMakeFiles/tfm_s.dir/partitions/ns_agent_tz/load_info_ns_agent_tz.o
                0x000000000000c388                tfm_sp_ns_agent_tz_load
 *(.part_load_priority_low)
 *(.part_load_priority_normal)
 .part_load_priority_normal
                0x000000000000c3b8       0x4c secure_fw/CMakeFiles/tfm_s.dir/__/generated/secure_fw/partitions/crypto/auto_generated/load_info_tfm_crypto.o
                0x000000000000c3b8                tfm_sp_crypto_load
 .part_load_priority_normal
                0x000000000000c404       0x48 secure_fw/CMakeFiles/tfm_s.dir/__/generated/secure_fw/partitions/platform/auto_generated/load_info_tfm_platform.o
                0x000000000000c404                tfm_sp_platform_load
 *(.part_load_priority_high)
                0x000000000000c388                Image$$TFM_SP_LOAD_LIST$$RO$$Base = ADDR (.TFM_SP_LOAD_LIST)
                0x000000000000c44c                Image$$TFM_SP_LOAD_LIST$$RO$$Limit = (ADDR (.TFM_SP_LOAD_LIST) + SIZEOF (.TFM_SP_LOAD_LIST))
                0x000000000000c460                . = ALIGN (0x20)
                0x000000000000c460                Image$$TFM_PSA_CODE_START$$Base = .

.TFM_PSA_ROT_LINKER
                0x000000000000c460      0x3e0
 *tfm_psa_rot_partition*:*(.text*)
 .text.tfm_platform_service_sfn
                0x000000000000c460      0x114 secure_fw/partitions/platform/libtfm_psa_rot_partition_platform.a(platform_sp.o)
                0x000000000000c460                tfm_platform_service_sfn
 .text.platform_sp_init
                0x000000000000c574        0x4 secure_fw/partitions/platform/libtfm_psa_rot_partition_platform.a(platform_sp.o)
                0x000000000000c574                platform_sp_init
 .text.tfm_crypto_clear_scratch
                0x000000000000c578       0x20 secure_fw/partitions/crypto/libtfm_psa_rot_partition_crypto.a(crypto_init.o)
 .text.tfm_crypto_init
                0x000000000000c598       0x30 secure_fw/partitions/crypto/libtfm_psa_rot_partition_crypto.a(crypto_init.o)
                0x000000000000c598                tfm_crypto_init
 .text.tfm_crypto_api_dispatcher
                0x000000000000c5c8       0xa4 secure_fw/partitions/crypto/libtfm_psa_rot_partition_crypto.a(crypto_init.o)
                0x000000000000c5c8                tfm_crypto_api_dispatcher
 .text.tfm_crypto_sfn
                0x000000000000c66c      0x170 secure_fw/partitions/crypto/libtfm_psa_rot_partition_crypto.a(crypto_init.o)
                0x000000000000c66c                tfm_crypto_sfn
 .text.tfm_crypto_init_alloc
                0x000000000000c7dc       0x14 secure_fw/partitions/crypto/libtfm_psa_rot_partition_crypto.a(crypto_alloc.o)
                0x000000000000c7dc                tfm_crypto_init_alloc
 .text.tfm_crypto_cipher_interface
                0x000000000000c7f0        0x6 secure_fw/partitions/crypto/libtfm_psa_rot_partition_crypto.a(crypto_cipher.o)
                0x000000000000c7f0                tfm_crypto_cipher_interface
 .text.tfm_crypto_hash_interface
                0x000000000000c7f6        0x6 secure_fw/partitions/crypto/libtfm_psa_rot_partition_crypto.a(crypto_hash.o)
                0x000000000000c7f6                tfm_crypto_hash_interface
 .text.tfm_crypto_mac_interface
                0x000000000000c7fc        0x6 secure_fw/partitions/crypto/libtfm_psa_rot_partition_crypto.a(crypto_mac.o)
                0x000000000000c7fc                tfm_crypto_mac_interface
 .text.tfm_crypto_aead_interface
                0x000000000000c802        0x6 secure_fw/partitions/crypto/libtfm_psa_rot_partition_crypto.a(crypto_aead.o)
                0x000000000000c802                tfm_crypto_aead_interface
 .text.tfm_crypto_asymmetric_sign_interface
                0x000000000000c808        0x6 secure_fw/partitions/crypto/libtfm_psa_rot_partition_crypto.a(crypto_asymmetric.o)
                0x000000000000c808                tfm_crypto_asymmetric_sign_interface
 .text.tfm_crypto_asymmetric_encrypt_interface
                0x000000000000c80e        0x6 secure_fw/partitions/crypto/libtfm_psa_rot_partition_crypto.a(crypto_asymmetric.o)
                0x000000000000c80e                tfm_crypto_asymmetric_encrypt_interface
 .text.tfm_crypto_key_derivation_interface
                0x000000000000c814        0x6 secure_fw/partitions/crypto/libtfm_psa_rot_partition_crypto.a(crypto_key_derivation.o)
                0x000000000000c814                tfm_crypto_key_derivation_interface
 .text.tfm_crypto_key_management_interface
                0x000000000000c81a        0x6 secure_fw/partitions/crypto/libtfm_psa_rot_partition_crypto.a(crypto_key_management.o)
                0x000000000000c81a                tfm_crypto_key_management_interface
 .text.tfm_crypto_random_interface
                0x000000000000c820        0x8 secure_fw/partitions/crypto/libtfm_psa_rot_partition_crypto.a(crypto_rng.o)
                0x000000000000c820                tfm_crypto_random_interface
 *tfm_psa_rot_partition*:*(.rodata*)
 *(TFM_*_PSA-ROT_ATTR_FN)
                0x000000000000c840                . = ALIGN (0x20)
 *fill*         0x000000000000c828       0x18 
                0x000000000000c460                Image$$TFM_PSA_ROT_LINKER$$RO$$Base = ADDR (.TFM_PSA_ROT_LINKER)
                0x000000000000c840                Image$$TFM_PSA_ROT_LINKER$$RO$$Limit = (ADDR (.TFM_PSA_ROT_LINKER) + SIZEOF (.TFM_PSA_ROT_LINKER))
                0x000000000000c460                Image$$TFM_PSA_ROT_LINKER$$Base = ADDR (.TFM_PSA_ROT_LINKER)
                0x000000000000c840                Image$$TFM_PSA_ROT_LINKER$$Limit = (ADDR (.TFM_PSA_ROT_LINKER) + SIZEOF (.TFM_PSA_ROT_LINKER))
                0x000000000000c840                Image$$TFM_PSA_CODE_END$$Base = .
                0x000000000000c840                Image$$TFM_APP_CODE_START$$Base = .

.TFM_APP_ROT_LINKER
                0x000000000000c840        0x0
 *tfm_app_rot_partition*:*(.text*)
 *tfm_app_rot_partition*:*(.rodata*)
 *(TFM_*_APP-ROT_ATTR_FN)
                0x000000000000c840                . = ALIGN (0x20)
                0x000000000000c840                Image$$TFM_APP_ROT_LINKER$$RO$$Base = ADDR (.TFM_APP_ROT_LINKER)
                0x000000000000c840                Image$$TFM_APP_ROT_LINKER$$RO$$Limit = (ADDR (.TFM_APP_ROT_LINKER) + SIZEOF (.TFM_APP_ROT_LINKER))
                0x000000000000c840                Image$$TFM_APP_ROT_LINKER$$Base = ADDR (.TFM_APP_ROT_LINKER)
                0x000000000000c840                Image$$TFM_APP_ROT_LINKER$$Limit = (ADDR (.TFM_APP_ROT_LINKER) + SIZEOF (.TFM_APP_ROT_LINKER))
                0x000000000000c840                Image$$TFM_APP_CODE_END$$Base = .

.ER_TFM_CODE    0x000000000000c840     0x1e04
 *startup*(.text*)
 .text.NMI_Handler
                0x000000000000c840        0x2 secure_fw/CMakeFiles/tfm_s.dir/__/platform/ext/target/nordic_nrf/common/nrf91/gcc/startup_nrf91.o
                0x000000000000c840                NMI_Handler
 .text.DebugMon_Handler
                0x000000000000c842        0x2 secure_fw/CMakeFiles/tfm_s.dir/__/platform/ext/target/nordic_nrf/common/nrf91/gcc/startup_nrf91.o
                0x000000000000c842                DebugMon_Handler
 .text.SysTick_Handler
                0x000000000000c844        0x2 secure_fw/CMakeFiles/tfm_s.dir/__/platform/ext/target/nordic_nrf/common/nrf91/gcc/startup_nrf91.o
                0x000000000000c844                SysTick_Handler
 .text.SPU_IRQHandler
                0x000000000000c846        0x2 secure_fw/CMakeFiles/tfm_s.dir/__/platform/ext/target/nordic_nrf/common/nrf91/gcc/startup_nrf91.o
                0x000000000000c846                SPU_IRQHandler
 .text.CLOCK_POWER_IRQHandler
                0x000000000000c848        0x2 secure_fw/CMakeFiles/tfm_s.dir/__/platform/ext/target/nordic_nrf/common/nrf91/gcc/startup_nrf91.o
                0x000000000000c848                CLOCK_POWER_IRQHandler
 .text.SPIM0_SPIS0_TWIM0_TWIS0_UARTE0_IRQHandler
                0x000000000000c84a        0x2 secure_fw/CMakeFiles/tfm_s.dir/__/platform/ext/target/nordic_nrf/common/nrf91/gcc/startup_nrf91.o
                0x000000000000c84a                SPIM0_SPIS0_TWIM0_TWIS0_UARTE0_IRQHandler
 .text.SPIM1_SPIS1_TWIM1_TWIS1_UARTE1_IRQHandler
                0x000000000000c84c        0x2 secure_fw/CMakeFiles/tfm_s.dir/__/platform/ext/target/nordic_nrf/common/nrf91/gcc/startup_nrf91.o
                0x000000000000c84c                SPIM1_SPIS1_TWIM1_TWIS1_UARTE1_IRQHandler
 .text.SPIM2_SPIS2_TWIM2_TWIS2_UARTE2_IRQHandler
                0x000000000000c84e        0x2 secure_fw/CMakeFiles/tfm_s.dir/__/platform/ext/target/nordic_nrf/common/nrf91/gcc/startup_nrf91.o
                0x000000000000c84e                SPIM2_SPIS2_TWIM2_TWIS2_UARTE2_IRQHandler
 .text.UARTE3_SPIM3_SPIS3_TWIM3_TWIS3_IRQHandler
                0x000000000000c850        0x2 secure_fw/CMakeFiles/tfm_s.dir/__/platform/ext/target/nordic_nrf/common/nrf91/gcc/startup_nrf91.o
                0x000000000000c850                UARTE3_SPIM3_SPIS3_TWIM3_TWIS3_IRQHandler
 .text.GPIOTE0_IRQHandler
                0x000000000000c852        0x2 secure_fw/CMakeFiles/tfm_s.dir/__/platform/ext/target/nordic_nrf/common/nrf91/gcc/startup_nrf91.o
                0x000000000000c852                GPIOTE0_IRQHandler
 .text.SAADC_IRQHandler
                0x000000000000c854        0x2 secure_fw/CMakeFiles/tfm_s.dir/__/platform/ext/target/nordic_nrf/common/nrf91/gcc/startup_nrf91.o
                0x000000000000c854                SAADC_IRQHandler
 .text.TIMER0_IRQHandler
                0x000000000000c856        0x2 secure_fw/CMakeFiles/tfm_s.dir/__/platform/ext/target/nordic_nrf/common/nrf91/gcc/startup_nrf91.o
                0x000000000000c856                TIMER0_IRQHandler
 .text.TIMER1_IRQHandler
                0x000000000000c858        0x2 secure_fw/CMakeFiles/tfm_s.dir/__/platform/ext/target/nordic_nrf/common/nrf91/gcc/startup_nrf91.o
                0x000000000000c858                TIMER1_IRQHandler
 .text.TIMER2_IRQHandler
                0x000000000000c85a        0x2 secure_fw/CMakeFiles/tfm_s.dir/__/platform/ext/target/nordic_nrf/common/nrf91/gcc/startup_nrf91.o
                0x000000000000c85a                TIMER2_IRQHandler
 .text.RTC0_IRQHandler
                0x000000000000c85c        0x2 secure_fw/CMakeFiles/tfm_s.dir/__/platform/ext/target/nordic_nrf/common/nrf91/gcc/startup_nrf91.o
                0x000000000000c85c                RTC0_IRQHandler
 .text.RTC1_IRQHandler
                0x000000000000c85e        0x2 secure_fw/CMakeFiles/tfm_s.dir/__/platform/ext/target/nordic_nrf/common/nrf91/gcc/startup_nrf91.o
                0x000000000000c85e                RTC1_IRQHandler
 .text.WDT_IRQHandler
                0x000000000000c860        0x2 secure_fw/CMakeFiles/tfm_s.dir/__/platform/ext/target/nordic_nrf/common/nrf91/gcc/startup_nrf91.o
                0x000000000000c860                WDT_IRQHandler
 .text.EGU0_IRQHandler
                0x000000000000c862        0x2 secure_fw/CMakeFiles/tfm_s.dir/__/platform/ext/target/nordic_nrf/common/nrf91/gcc/startup_nrf91.o
                0x000000000000c862                EGU0_IRQHandler
 .text.EGU1_IRQHandler
                0x000000000000c864        0x2 secure_fw/CMakeFiles/tfm_s.dir/__/platform/ext/target/nordic_nrf/common/nrf91/gcc/startup_nrf91.o
                0x000000000000c864                EGU1_IRQHandler
 .text.EGU2_IRQHandler
                0x000000000000c866        0x2 secure_fw/CMakeFiles/tfm_s.dir/__/platform/ext/target/nordic_nrf/common/nrf91/gcc/startup_nrf91.o
                0x000000000000c866                EGU2_IRQHandler
 .text.EGU3_IRQHandler
                0x000000000000c868        0x2 secure_fw/CMakeFiles/tfm_s.dir/__/platform/ext/target/nordic_nrf/common/nrf91/gcc/startup_nrf91.o
                0x000000000000c868                EGU3_IRQHandler
 .text.EGU4_IRQHandler
                0x000000000000c86a        0x2 secure_fw/CMakeFiles/tfm_s.dir/__/platform/ext/target/nordic_nrf/common/nrf91/gcc/startup_nrf91.o
                0x000000000000c86a                EGU4_IRQHandler
 .text.EGU5_IRQHandler
                0x000000000000c86c        0x2 secure_fw/CMakeFiles/tfm_s.dir/__/platform/ext/target/nordic_nrf/common/nrf91/gcc/startup_nrf91.o
                0x000000000000c86c                EGU5_IRQHandler
 .text.PWM0_IRQHandler
                0x000000000000c86e        0x2 secure_fw/CMakeFiles/tfm_s.dir/__/platform/ext/target/nordic_nrf/common/nrf91/gcc/startup_nrf91.o
                0x000000000000c86e                PWM0_IRQHandler
 .text.PWM1_IRQHandler
                0x000000000000c870        0x2 secure_fw/CMakeFiles/tfm_s.dir/__/platform/ext/target/nordic_nrf/common/nrf91/gcc/startup_nrf91.o
                0x000000000000c870                PWM1_IRQHandler
 .text.PWM2_IRQHandler
                0x000000000000c872        0x2 secure_fw/CMakeFiles/tfm_s.dir/__/platform/ext/target/nordic_nrf/common/nrf91/gcc/startup_nrf91.o
                0x000000000000c872                PWM2_IRQHandler
 .text.PWM3_IRQHandler
                0x000000000000c874        0x2 secure_fw/CMakeFiles/tfm_s.dir/__/platform/ext/target/nordic_nrf/common/nrf91/gcc/startup_nrf91.o
                0x000000000000c874                PWM3_IRQHandler
 .text.PDM_IRQHandler
                0x000000000000c876        0x2 secure_fw/CMakeFiles/tfm_s.dir/__/platform/ext/target/nordic_nrf/common/nrf91/gcc/startup_nrf91.o
                0x000000000000c876                PDM_IRQHandler
 .text.I2S_IRQHandler
                0x000000000000c878        0x2 secure_fw/CMakeFiles/tfm_s.dir/__/platform/ext/target/nordic_nrf/common/nrf91/gcc/startup_nrf91.o
                0x000000000000c878                I2S_IRQHandler
 .text.IPC_IRQHandler
                0x000000000000c87a        0x2 secure_fw/CMakeFiles/tfm_s.dir/__/platform/ext/target/nordic_nrf/common/nrf91/gcc/startup_nrf91.o
                0x000000000000c87a                IPC_IRQHandler
 .text.FPU_IRQHandler
                0x000000000000c87c        0x2 secure_fw/CMakeFiles/tfm_s.dir/__/platform/ext/target/nordic_nrf/common/nrf91/gcc/startup_nrf91.o
                0x000000000000c87c                FPU_IRQHandler
 .text.GPIOTE1_IRQHandler
                0x000000000000c87e        0x2 secure_fw/CMakeFiles/tfm_s.dir/__/platform/ext/target/nordic_nrf/common/nrf91/gcc/startup_nrf91.o
                0x000000000000c87e                GPIOTE1_IRQHandler
 .text.KMU_IRQHandler
                0x000000000000c880        0x2 secure_fw/CMakeFiles/tfm_s.dir/__/platform/ext/target/nordic_nrf/common/nrf91/gcc/startup_nrf91.o
                0x000000000000c880                KMU_IRQHandler
 .text.CRYPTOCELL_IRQHandler
                0x000000000000c882        0x2 secure_fw/CMakeFiles/tfm_s.dir/__/platform/ext/target/nordic_nrf/common/nrf91/gcc/startup_nrf91.o
                0x000000000000c882                CRYPTOCELL_IRQHandler
 *fill*         0x000000000000c884        0x4 
 .text.Reset_Handler
                0x000000000000c888       0xd4 secure_fw/CMakeFiles/tfm_s.dir/__/platform/ext/target/nordic_nrf/common/nrf91/gcc/startup_nrf91.o
                0x000000000000c888                Reset_Handler
 *libplatform_s*:*(.text*)
 .text.hw_init_reset_on_boot
                0x000000000000c95c       0xd0 platform/libplatform_s.a(hw_init.o)
                0x000000000000c95c                hw_init_reset_on_boot
 .text.nrf91_errata_14
                0x000000000000ca2c       0x24 platform/libplatform_s.a(system_nrf91.o)
 .text.SystemInit
                0x000000000000ca50      0x190 platform/libplatform_s.a(system_nrf91.o)
                0x000000000000ca50                SystemInit
 .text.mpu_armv8m_enable
                0x000000000000cbe0       0x34 platform/libplatform_s.a(mpu_armv8m_drv.o)
                0x000000000000cbe0                mpu_armv8m_enable
 .text.mpu_armv8m_region_enable
                0x000000000000cc14       0x6a platform/libplatform_s.a(mpu_armv8m_drv.o)
                0x000000000000cc14                mpu_armv8m_region_enable
 .text.mpu_armv8m_region_disable
                0x000000000000cc7e       0x14 platform/libplatform_s.a(mpu_armv8m_drv.o)
                0x000000000000cc7e                mpu_armv8m_region_disable
 .text.mpu_armv8m_clean
                0x000000000000cc92       0x22 platform/libplatform_s.a(mpu_armv8m_drv.o)
                0x000000000000cc92                mpu_armv8m_clean
 .text.spu_enable_interrupts
                0x000000000000ccb4       0x10 platform/libplatform_s.a(spu.o)
                0x000000000000ccb4                spu_enable_interrupts
 .text.spu_regions_reset_unlocked_secure
                0x000000000000ccc4       0x3c platform/libplatform_s.a(spu.o)
                0x000000000000ccc4                spu_regions_reset_unlocked_secure
 .text.spu_regions_flash_config_non_secure
                0x000000000000cd00       0x24 platform/libplatform_s.a(spu.o)
                0x000000000000cd00                spu_regions_flash_config_non_secure
 .text.spu_regions_sram_config_non_secure
                0x000000000000cd24       0x2c platform/libplatform_s.a(spu.o)
                0x000000000000cd24                spu_regions_sram_config_non_secure
 .text.spu_regions_flash_config_non_secure_callable
                0x000000000000cd50       0x30 platform/libplatform_s.a(spu.o)
                0x000000000000cd50                spu_regions_flash_config_non_secure_callable
 .text.spu_regions_flash_get_base_address_in_region
                0x000000000000cd80        0x4 platform/libplatform_s.a(spu.o)
                0x000000000000cd80                spu_regions_flash_get_base_address_in_region
 .text.spu_regions_flash_get_last_address_in_region
                0x000000000000cd84        0xa platform/libplatform_s.a(spu.o)
                0x000000000000cd84                spu_regions_flash_get_last_address_in_region
 .text.spu_regions_flash_get_start_id
                0x000000000000cd8e        0x4 platform/libplatform_s.a(spu.o)
                0x000000000000cd8e                spu_regions_flash_get_start_id
 .text.spu_regions_flash_get_last_id
                0x000000000000cd92        0x4 platform/libplatform_s.a(spu.o)
                0x000000000000cd92                spu_regions_flash_get_last_id
 .text.spu_regions_flash_get_region_size
                0x000000000000cd96        0x6 platform/libplatform_s.a(spu.o)
                0x000000000000cd96                spu_regions_flash_get_region_size
 .text.spu_regions_sram_get_base_address_in_region
                0x000000000000cd9c        0xa platform/libplatform_s.a(spu.o)
                0x000000000000cd9c                spu_regions_sram_get_base_address_in_region
 *fill*         0x000000000000cda6        0x2 
 .text.spu_regions_sram_get_last_address_in_region
                0x000000000000cda8        0xc platform/libplatform_s.a(spu.o)
                0x000000000000cda8                spu_regions_sram_get_last_address_in_region
 .text.spu_regions_sram_get_start_id
                0x000000000000cdb4        0x4 platform/libplatform_s.a(spu.o)
                0x000000000000cdb4                spu_regions_sram_get_start_id
 .text.spu_regions_sram_get_last_id
                0x000000000000cdb8        0x4 platform/libplatform_s.a(spu.o)
                0x000000000000cdb8                spu_regions_sram_get_last_id
 .text.spu_regions_sram_get_region_size
                0x000000000000cdbc        0x6 platform/libplatform_s.a(spu.o)
                0x000000000000cdbc                spu_regions_sram_get_region_size
 *fill*         0x000000000000cdc2        0x2 
 .text.spu_peripheral_config_non_secure
                0x000000000000cdc4       0x18 platform/libplatform_s.a(spu.o)
                0x000000000000cdc4                spu_peripheral_config_non_secure
 .text.tfm_hal_platform_init
                0x000000000000cddc       0x30 platform/libplatform_s.a(tfm_hal_platform.o)
                0x000000000000cddc                tfm_hal_platform_init
 .text.tfm_plat_otp_init
                0x000000000000ce0c        0x4 platform/libplatform_s.a(dummy_otp.o)
                0x000000000000ce0c                tfm_plat_otp_init
 .text.tfm_plat_provisioning_is_required
                0x000000000000ce10        0x4 platform/libplatform_s.a(dummy_provisioning.o)
                0x000000000000ce10                tfm_plat_provisioning_is_required
 .text.tfm_plat_provisioning_perform
                0x000000000000ce14        0x4 platform/libplatform_s.a(dummy_provisioning.o)
                0x000000000000ce14                tfm_plat_provisioning_perform
 .text.tfm_plat_provisioning_check_for_dummy_keys
                0x000000000000ce18        0x2 platform/libplatform_s.a(dummy_provisioning.o)
                0x000000000000ce18                tfm_plat_provisioning_check_for_dummy_keys
 *fill*         0x000000000000ce1a        0x2 
 .text.tfm_platform_hal_system_reset
                0x000000000000ce1c       0x24 platform/libplatform_s.a(tfm_platform_system.o)
                0x000000000000ce1c                tfm_platform_hal_system_reset
 .text.tfm_platform_hal_ioctl
                0x000000000000ce40       0x10 platform/libplatform_s.a(tfm_platform_system.o)
                0x000000000000ce40                tfm_platform_hal_ioctl
 .text.tfm_hal_system_reset
                0x000000000000ce50       0x24 platform/libplatform_s.a(tfm_hal_reset_halt.o)
                0x000000000000ce50                tfm_hal_system_reset
 .text.tfm_platform_hal_read_service
                0x000000000000ce74       0x60 platform/libplatform_s.a(tfm_platform_hal_ioctl.o)
                0x000000000000ce74                tfm_platform_hal_read_service
 *libtfm_spm*:*(.text*)
 .text.tfm_core_panic
                0x000000000000ced4        0x4 secure_fw/spm/libtfm_spm.a(utilities.o)
                0x000000000000ced4                tfm_core_panic
 .text.startup.main
                0x000000000000ced8       0x50 secure_fw/spm/libtfm_spm.a(main.o)
                0x000000000000ced8                main
 .text.cross_call_entering_c
                0x000000000000cf28       0x2c secure_fw/spm/libtfm_spm.a(spm_cross_call.o)
                0x000000000000cf28                cross_call_entering_c
 .text.cross_call_exiting_c
                0x000000000000cf54       0x30 secure_fw/spm/libtfm_spm.a(spm_cross_call.o)
                0x000000000000cf54                cross_call_exiting_c
 .text.spm_interface_cross_dispatcher
                0x000000000000cf84       0x3c secure_fw/spm/libtfm_spm.a(spm_cross_call.o)
                0x000000000000cf84                spm_interface_cross_dispatcher
 .text.spm_handle_programmer_errors
                0x000000000000cfc0       0x18 secure_fw/spm/libtfm_spm.a(psa_api.o)
                0x000000000000cfc0                spm_handle_programmer_errors
 .text.tfm_spm_get_lifecycle_state
                0x000000000000cfd8        0x4 secure_fw/spm/libtfm_spm.a(psa_api.o)
                0x000000000000cfd8                tfm_spm_get_lifecycle_state
 .text.tfm_spm_client_psa_framework_version
                0x000000000000cfdc        0x6 secure_fw/spm/libtfm_spm.a(psa_api.o)
                0x000000000000cfdc                tfm_spm_client_psa_framework_version
 .text.tfm_spm_client_psa_version
                0x000000000000cfe2       0x2c secure_fw/spm/libtfm_spm.a(psa_api.o)
                0x000000000000cfe2                tfm_spm_client_psa_version
 *fill*         0x000000000000d00e        0x2 
 .text.tfm_spm_client_psa_call
                0x000000000000d010      0x1bc secure_fw/spm/libtfm_spm.a(psa_api.o)
                0x000000000000d010                tfm_spm_client_psa_call
 .text.tfm_spm_partition_psa_wait
                0x000000000000d1cc       0x38 secure_fw/spm/libtfm_spm.a(psa_api.o)
                0x000000000000d1cc                tfm_spm_partition_psa_wait
 .text.tfm_spm_partition_psa_get
                0x000000000000d204       0x64 secure_fw/spm/libtfm_spm.a(psa_api.o)
                0x000000000000d204                tfm_spm_partition_psa_get
 .text.tfm_spm_partition_psa_read
                0x000000000000d268       0x7c secure_fw/spm/libtfm_spm.a(psa_api.o)
                0x000000000000d268                tfm_spm_partition_psa_read
 .text.tfm_spm_partition_psa_skip
                0x000000000000d2e4       0x46 secure_fw/spm/libtfm_spm.a(psa_api.o)
                0x000000000000d2e4                tfm_spm_partition_psa_skip
 *fill*         0x000000000000d32a        0x2 
 .text.tfm_spm_partition_psa_write
                0x000000000000d32c       0x78 secure_fw/spm/libtfm_spm.a(psa_api.o)
                0x000000000000d32c                tfm_spm_partition_psa_write
 .text.tfm_spm_partition_psa_reply
                0x000000000000d3a4       0x9a secure_fw/spm/libtfm_spm.a(psa_api.o)
                0x000000000000d3a4                tfm_spm_partition_psa_reply
 .text.tfm_spm_partition_psa_panic
                0x000000000000d43e        0x4 secure_fw/spm/libtfm_spm.a(psa_api.o)
                0x000000000000d43e                tfm_spm_partition_psa_panic
 *fill*         0x000000000000d442        0x2 
 .text.backend_messaging
                0x000000000000d444       0x64 secure_fw/spm/libtfm_spm.a(backend_ipc.o)
                0x000000000000d444                backend_messaging
 .text.backend_replying
                0x000000000000d4a8        0xc secure_fw/spm/libtfm_spm.a(backend_ipc.o)
                0x000000000000d4a8                backend_replying
 .text.backend_init_comp_assuredly
                0x000000000000d4b4       0xb8 secure_fw/spm/libtfm_spm.a(backend_ipc.o)
                0x000000000000d4b4                backend_init_comp_assuredly
 .text.backend_system_run
                0x000000000000d56c       0x3c secure_fw/spm/libtfm_spm.a(backend_ipc.o)
                0x000000000000d56c                backend_system_run
 .text.backend_wait
                0x000000000000d5a8       0x28 secure_fw/spm/libtfm_spm.a(backend_ipc.o)
                0x000000000000d5a8                backend_wait
 .text.ipc_schedule
                0x000000000000d5d0       0x80 secure_fw/spm/libtfm_spm.a(backend_ipc.o)
                0x000000000000d5d0                ipc_schedule
 .text.tfm_core_svc_handler
                0x000000000000d650      0x164 secure_fw/spm/libtfm_spm.a(tfm_core_svcalls_ipc.o)
                0x000000000000d650                tfm_core_svc_handler
 .text.tfm_core_handler_mode
                0x000000000000d7b4        0x4 secure_fw/spm/libtfm_spm.a(tfm_core_svcalls_ipc.o)
                0x000000000000d7b4                tfm_core_handler_mode
 .text.thrd_next
                0x000000000000d7b8       0x18 secure_fw/spm/libtfm_spm.a(thread.o)
                0x000000000000d7b8                thrd_next
 .text.thrd_set_state
                0x000000000000d7d0       0x28 secure_fw/spm/libtfm_spm.a(thread.o)
                0x000000000000d7d0                thrd_set_state
 .text.thrd_start
                0x000000000000d7f8       0x44 secure_fw/spm/libtfm_spm.a(thread.o)
                0x000000000000d7f8                thrd_start
 .text.thrd_start_scheduler
                0x000000000000d83c       0x1c secure_fw/spm/libtfm_spm.a(thread.o)
                0x000000000000d83c                thrd_start_scheduler
 .text.thrd_set_wait
                0x000000000000d858       0x18 secure_fw/spm/libtfm_spm.a(thread.o)
                0x000000000000d858                thrd_set_wait
 .text.thrd_wake_up
                0x000000000000d870       0x26 secure_fw/spm/libtfm_spm.a(thread.o)
                0x000000000000d870                thrd_wake_up
 *fill*         0x000000000000d896        0x2 
 .text.arch_non_preempt_call
                0x000000000000d898       0x54 secure_fw/spm/libtfm_spm.a(tfm_arch_v8m_main.o)
                0x000000000000d898                arch_non_preempt_call
 .text.PendSV_Handler
                0x000000000000d8ec       0x3a secure_fw/spm/libtfm_spm.a(tfm_arch_v8m_main.o)
                0x000000000000d8ec                PendSV_Handler
 *fill*         0x000000000000d926        0x2 
 .text.SVC_Handler
                0x000000000000d928       0x54 secure_fw/spm/libtfm_spm.a(tfm_arch_v8m_main.o)
                0x000000000000d928                SVC_Handler
 .text.tfm_arch_set_secure_exception_priorities
                0x000000000000d97c       0x28 secure_fw/spm/libtfm_spm.a(tfm_arch_v8m_main.o)
                0x000000000000d97c                tfm_arch_set_secure_exception_priorities
 .text.tfm_arch_config_extensions
                0x000000000000d9a4        0x2 secure_fw/spm/libtfm_spm.a(tfm_arch_v8m_main.o)
                0x000000000000d9a4                tfm_arch_config_extensions
 *fill*         0x000000000000d9a6        0x2 
 .text.ns_agent_tz_main
                0x000000000000d9a8       0x34 secure_fw/spm/libtfm_spm.a(ns_agent_tz_v80m.o)
                0x000000000000d9a8                ns_agent_tz_main
 .text.tfm_hal_bind_boundary
                0x000000000000d9dc       0x46 secure_fw/spm/libtfm_spm.a(tfm_hal_isolation.o)
                0x000000000000d9dc                tfm_hal_bind_boundary
 .text.tfm_hal_activate_boundary
                0x000000000000da22       0x1c secure_fw/spm/libtfm_spm.a(tfm_hal_isolation.o)
                0x000000000000da22                tfm_hal_activate_boundary
 .text.tfm_hal_memory_check
                0x000000000000da3e      0x126 secure_fw/spm/libtfm_spm.a(tfm_hal_isolation.o)
                0x000000000000da3e                tfm_hal_memory_check
 .text.mpu_init_cfg
                0x000000000000db64      0x11c secure_fw/spm/libtfm_spm.a(tfm_hal_isolation.o)
                0x000000000000db64                mpu_init_cfg
 .text.tfm_hal_set_up_static_boundaries
                0x000000000000dc80       0x2a secure_fw/spm/libtfm_spm.a(tfm_hal_isolation.o)
                0x000000000000dc80                tfm_hal_set_up_static_boundaries
 .text.tfm_hal_boundary_need_switch
                0x000000000000dcaa       0x1a secure_fw/spm/libtfm_spm.a(tfm_hal_isolation.o)
                0x000000000000dcaa                tfm_hal_boundary_need_switch
 .text.enable_fault_handlers
                0x000000000000dcc4       0x14 secure_fw/spm/libtfm_spm.a(target_cfg.o)
                0x000000000000dcc4                enable_fault_handlers
 .text.system_reset_cfg
                0x000000000000dcd8       0x18 secure_fw/spm/libtfm_spm.a(target_cfg.o)
                0x000000000000dcd8                system_reset_cfg
 .text.init_debug
                0x000000000000dcf0        0x4 secure_fw/spm/libtfm_spm.a(target_cfg.o)
                0x000000000000dcf0                init_debug
 .text.nvic_interrupt_target_state_cfg
                0x000000000000dcf4       0x30 secure_fw/spm/libtfm_spm.a(target_cfg.o)
                0x000000000000dcf4                nvic_interrupt_target_state_cfg
 .text.nvic_interrupt_enable
                0x000000000000dd24       0x18 secure_fw/spm/libtfm_spm.a(target_cfg.o)
                0x000000000000dd24                nvic_interrupt_enable
 .text.sau_and_idau_cfg
                0x000000000000dd3c       0x20 secure_fw/spm/libtfm_spm.a(target_cfg.o)
                0x000000000000dd3c                sau_and_idau_cfg
 .text.spu_init_cfg
                0x000000000000dd5c       0x50 secure_fw/spm/libtfm_spm.a(target_cfg.o)
                0x000000000000dd5c                spu_init_cfg
 .text.spu_periph_init_cfg
                0x000000000000ddac      0x188 secure_fw/spm/libtfm_spm.a(target_cfg.o)
                0x000000000000ddac                spu_periph_init_cfg
 .text.tfm_core_validate_boot_data
                0x000000000000df34        0xc secure_fw/spm/libtfm_spm.a(tfm_boot_data.o)
                0x000000000000df34                tfm_core_validate_boot_data
 .text.tfm_core_get_boot_data_handler
                0x000000000000df40       0x34 secure_fw/spm/libtfm_spm.a(tfm_boot_data.o)
                0x000000000000df40                tfm_core_get_boot_data_handler
 .text.tfm_arch_free_msp_and_exc_ret
                0x000000000000df74        0x8 secure_fw/spm/libtfm_spm.a(tfm_arch.o)
                0x000000000000df74                tfm_arch_free_msp_and_exc_ret
 .text.tfm_arch_set_context_ret_code
                0x000000000000df7c       0x14 secure_fw/spm/libtfm_spm.a(tfm_arch.o)
                0x000000000000df7c                tfm_arch_set_context_ret_code
 .text.tfm_arch_trigger_pendsv
                0x000000000000df90       0x18 secure_fw/spm/libtfm_spm.a(tfm_arch.o)
                0x000000000000df90                tfm_arch_trigger_pendsv
 .text.tfm_arch_init_context
                0x000000000000dfa8       0x54 secure_fw/spm/libtfm_spm.a(tfm_arch.o)
                0x000000000000dfa8                tfm_arch_init_context
 .text.tfm_arch_refresh_hardware_context
                0x000000000000dffc       0x12 secure_fw/spm/libtfm_spm.a(tfm_arch.o)
                0x000000000000dffc                tfm_arch_refresh_hardware_context
 *fill*         0x000000000000e00e        0x2 
 .text.tfm_spm_to_user_handle
                0x000000000000e010       0x20 secure_fw/spm/libtfm_spm.a(spm_ipc.o)
                0x000000000000e010                tfm_spm_to_user_handle
 .text.tfm_spm_to_handle_instance
                0x000000000000e030       0x10 secure_fw/spm/libtfm_spm.a(spm_ipc.o)
                0x000000000000e030                tfm_spm_to_handle_instance
 .text.tfm_spm_create_conn_handle
                0x000000000000e040       0x20 secure_fw/spm/libtfm_spm.a(spm_ipc.o)
                0x000000000000e040                tfm_spm_create_conn_handle
 .text.tfm_spm_validate_conn_handle
                0x000000000000e060       0x1c secure_fw/spm/libtfm_spm.a(spm_ipc.o)
                0x000000000000e060                tfm_spm_validate_conn_handle
 .text.tfm_spm_free_conn_handle
                0x000000000000e07c       0x1c secure_fw/spm/libtfm_spm.a(spm_ipc.o)
                0x000000000000e07c                tfm_spm_free_conn_handle
 .text.spm_get_handle_by_signal
                0x000000000000e098       0x4a secure_fw/spm/libtfm_spm.a(spm_ipc.o)
                0x000000000000e098                spm_get_handle_by_signal
 *fill*         0x000000000000e0e2        0x2 
 .text.tfm_spm_get_service_by_sid
                0x000000000000e0e4       0x2c secure_fw/spm/libtfm_spm.a(spm_ipc.o)
                0x000000000000e0e4                tfm_spm_get_service_by_sid
 .text.tfm_spm_check_client_version
                0x000000000000e110       0x24 secure_fw/spm/libtfm_spm.a(spm_ipc.o)
                0x000000000000e110                tfm_spm_check_client_version
 .text.tfm_spm_check_authorization
                0x000000000000e134       0x48 secure_fw/spm/libtfm_spm.a(spm_ipc.o)
                0x000000000000e134                tfm_spm_check_authorization
 .text.spm_fill_message
                0x000000000000e17c       0x98 secure_fw/spm/libtfm_spm.a(spm_ipc.o)
                0x000000000000e17c                spm_fill_message
 .text.tfm_spm_partition_get_running_partition_id
                0x000000000000e214       0x20 secure_fw/spm/libtfm_spm.a(spm_ipc.o)
                0x000000000000e214                tfm_spm_partition_get_running_partition_id
 .text.spm_get_handle_by_msg_handle
                0x000000000000e234       0x28 secure_fw/spm/libtfm_spm.a(spm_ipc.o)
                0x000000000000e234                spm_get_handle_by_msg_handle
 .text.tfm_spm_is_ns_caller
                0x000000000000e25c       0x20 secure_fw/spm/libtfm_spm.a(spm_ipc.o)
                0x000000000000e25c                tfm_spm_is_ns_caller
 .text.tfm_spm_get_client_id
                0x000000000000e27c       0x20 secure_fw/spm/libtfm_spm.a(spm_ipc.o)
                0x000000000000e27c                tfm_spm_get_client_id
 .text.tfm_spm_init
                0x000000000000e29c       0x74 secure_fw/spm/libtfm_spm.a(spm_ipc.o)
                0x000000000000e29c                tfm_spm_init
 .text.update_caller_outvec_len
                0x000000000000e310       0x24 secure_fw/spm/libtfm_spm.a(spm_ipc.o)
                0x000000000000e310                update_caller_outvec_len
 .text.load_a_partition_assuredly
                0x000000000000e334       0xd0 secure_fw/spm/libtfm_spm.a(static_loader.o)
                0x000000000000e334                load_a_partition_assuredly
 .text.load_services_assuredly
                0x000000000000e404       0xc4 secure_fw/spm/libtfm_spm.a(static_loader.o)
                0x000000000000e404                load_services_assuredly
 .text.load_irqs_assuredly
                0x000000000000e4c8        0x2 secure_fw/spm/libtfm_spm.a(static_loader.o)
                0x000000000000e4c8                load_irqs_assuredly
 .text.tfm_pool_init
                0x000000000000e4ca       0x58 secure_fw/spm/libtfm_spm.a(tfm_pools.o)
                0x000000000000e4ca                tfm_pool_init
 .text.tfm_pool_alloc
                0x000000000000e522       0x16 secure_fw/spm/libtfm_spm.a(tfm_pools.o)
                0x000000000000e522                tfm_pool_alloc
 .text.tfm_pool_free
                0x000000000000e538        0xc secure_fw/spm/libtfm_spm.a(tfm_pools.o)
                0x000000000000e538                tfm_pool_free
 .text.is_valid_chunk_data_in_pool
                0x000000000000e544       0x2e secure_fw/spm/libtfm_spm.a(tfm_pools.o)
                0x000000000000e544                is_valid_chunk_data_in_pool
 .text.tfm_nspm_get_current_client_id
                0x000000000000e572        0x6 secure_fw/spm/libtfm_spm.a(tfm_spm_ns_ctx.o)
                0x000000000000e572                tfm_nspm_get_current_client_id
 .text.tfm_nspm_ctx_init
                0x000000000000e578        0x2 secure_fw/spm/libtfm_spm.a(tfm_spm_ns_ctx.o)
                0x000000000000e578                tfm_nspm_ctx_init
 *fill*         0x000000000000e57a        0x2 
 .text.ns_agent_tz_init_c
                0x000000000000e57c       0x20 secure_fw/spm/libtfm_spm.a(ns_agent_tz_init.o)
                0x000000000000e57c                ns_agent_tz_init_c
 .text.tfm_hal_platform_common_init
                0x000000000000e59c       0x32 secure_fw/spm/libtfm_spm.a(tfm_hal_platform_common.o)
                0x000000000000e59c                tfm_hal_platform_common_init
 *fill*         0x000000000000e5ce        0x2 
 .text.tfm_hal_get_ns_VTOR
                0x000000000000e5d0        0xc secure_fw/spm/libtfm_spm.a(tfm_hal_platform_common.o)
                0x000000000000e5d0                tfm_hal_get_ns_VTOR
 .text.tfm_hal_get_ns_MSP
                0x000000000000e5dc        0xc secure_fw/spm/libtfm_spm.a(tfm_hal_platform_common.o)
                0x000000000000e5dc                tfm_hal_get_ns_MSP
 .text.tfm_hal_get_ns_entry_point
                0x000000000000e5e8        0xc secure_fw/spm/libtfm_spm.a(tfm_hal_platform_common.o)
                0x000000000000e5e8                tfm_hal_get_ns_entry_point
 *libplatform_s*:*(.rodata*)
 .rodata.ranges
                0x000000000000e5f4       0x20 platform/libplatform_s.a(tfm_platform_hal_ioctl.o)
 *libtfm_spm*:*(.rodata*)
 .rodata.memory_regions
                0x000000000000e614       0x24 secure_fw/spm/libtfm_spm.a(target_cfg.o)
                0x000000000000e614                memory_regions
 .rodata.serv_pool_ea
                0x000000000000e638        0x4 secure_fw/spm/libtfm_spm.a(static_loader.o)
 .rodata.part_pool_ea
                0x000000000000e63c        0x4 secure_fw/spm/libtfm_spm.a(static_loader.o)
 .rodata.ldinf_ea
                0x000000000000e640        0x4 secure_fw/spm/libtfm_spm.a(static_loader.o)

.tfm_secure_data_start
                0x0000000020000000        0x0
                0x0000000020000000                . = ABSOLUTE (0x20000000)

.tfm_bl2_shared_data
                0x0000000020000000      0x400
                0x0000000020000400                . = (. + 0x400)
 *fill*         0x0000000020000000      0x400 

.msp_stack      0x0000000020000400      0x7f8
                0x0000000020000bf8                . = (. + (__msp_stack_size__ - 0x8))
 *fill*         0x0000000020000400      0x7f8 
                0x0000000020000400                Image$$ARM_LIB_STACK$$ZI$$Base = ADDR (.msp_stack)
                0x0000000020000bf8                Image$$ARM_LIB_STACK$$ZI$$Limit = (ADDR (.msp_stack) + SIZEOF (.msp_stack))

.msp_stack_seal_res
                0x0000000020000bf8        0x8
                0x0000000020000c00                . = (. + 0x8)
 *fill*         0x0000000020000bf8        0x8 
                0x0000000020000bf8                __StackSeal = ADDR (.msp_stack_seal_res)

.TFM_SP_META_PTR
                0x0000000020000c00       0x20
 *(.bss.SP_META_PTR_SPRTL_INST)
 .bss.SP_META_PTR_SPRTL_INST
                0x0000000020000c00        0x4 secure_fw/partitions/lib/runtime/libtfm_sprt.a(sprt_partition_metadata_indicator.o)
                0x0000000020000c00                p_partition_metadata
                0x0000000020000c20                . = ALIGN (0x20)
 *fill*         0x0000000020000c04       0x1c 
                0x0000000020000c00                Image$$TFM_SP_META_PTR$$ZI$$Base = ADDR (.TFM_SP_META_PTR)
                0x0000000020000c20                Image$$TFM_SP_META_PTR$$ZI$$Limit = (ADDR (.TFM_SP_META_PTR) + SIZEOF (.TFM_SP_META_PTR))
                0x0000000020000c20                . = ALIGN (0x20)
                0x0000000020000c20                Image$$TFM_APP_RW_STACK_START$$Base = .

.TFM_APP_ROT_LINKER_DATA
                0x0000000020000c20        0x0 load address 0x000000000000e660
 *tfm_app_rot_partition*:*(.data*)
 *(TFM_*_APP-ROT_ATTR_RW)
                0x0000000020000c20                . = ALIGN (0x4)
                0x0000000020000c20                Image$$TFM_APP_ROT_LINKER_DATA$$RW$$Base = ADDR (.TFM_APP_ROT_LINKER_DATA)
                0x0000000020000c20                Image$$TFM_APP_ROT_LINKER_DATA$$RW$$Limit = (ADDR (.TFM_APP_ROT_LINKER_DATA) + SIZEOF (.TFM_APP_ROT_LINKER_DATA))

.TFM_APP_ROT_LINKER_BSS
                0x0000000020000c20       0x20
                0x0000000020000c20                start_of_TFM_APP_ROT_LINKER = .
 *tfm_app_rot_partition*:*(.bss*)
 *tfm_app_rot_partition*:*(COMMON)
 *(TFM_*_APP-ROT_ATTR_ZI)
                0x0000000020000c24                . = (. + (. - start_of_TFM_APP_ROT_LINKER)?0x0:0x4)
 *fill*         0x0000000020000c20        0x4 
                0x0000000020000c40                . = ALIGN (0x20)
 *fill*         0x0000000020000c24       0x1c 
                0x0000000020000c20                Image$$TFM_APP_ROT_LINKER_DATA$$ZI$$Base = ADDR (.TFM_APP_ROT_LINKER_BSS)
                0x0000000020000c40                Image$$TFM_APP_ROT_LINKER_DATA$$ZI$$Limit = (ADDR (.TFM_APP_ROT_LINKER_BSS) + SIZEOF (.TFM_APP_ROT_LINKER_BSS))
                0x0000000020000c40                Image$$TFM_APP_RW_STACK_END$$Base = .
                0x0000000020000c40                Image$$TFM_PSA_RW_STACK_START$$Base = .

.TFM_PSA_ROT_LINKER_DATA
                0x0000000020000c40        0x0 load address 0x000000000000e660
 *tfm_psa_rot_partition*:*(.data*)
 *(TFM_*_PSA-ROT_ATTR_RW)
                0x0000000020000c40                . = ALIGN (0x4)
                0x0000000020000c40                Image$$TFM_PSA_ROT_LINKER_DATA$$RW$$Base = ADDR (.TFM_PSA_ROT_LINKER_DATA)
                0x0000000020000c40                Image$$TFM_PSA_ROT_LINKER_DATA$$RW$$Limit = (ADDR (.TFM_PSA_ROT_LINKER_DATA) + SIZEOF (.TFM_PSA_ROT_LINKER_DATA))

.TFM_PSA_ROT_LINKER_BSS
                0x0000000020000c40     0x1140
                0x0000000020000c40                start_of_TFM_PSA_ROT_LINKER = .
 *tfm_psa_rot_partition*:*(.bss*)
 .bss.tfm_sp_platform_stack
                0x0000000020000c40      0x500 secure_fw/partitions/platform/libtfm_psa_rot_partition_platform.a(intermedia_tfm_platform.o)
                0x0000000020000c40                tfm_sp_platform_stack
 .bss.mbedtls_mem_buf
                0x0000000020001140        0x1 secure_fw/partitions/crypto/libtfm_psa_rot_partition_crypto.a(crypto_init.o)
 *fill*         0x0000000020001141        0x3 
 .bss.scratch   0x0000000020001144      0x408 secure_fw/partitions/crypto/libtfm_psa_rot_partition_crypto.a(crypto_init.o)
 .bss.operations
                0x000000002000154c       0x28 secure_fw/partitions/crypto/libtfm_psa_rot_partition_crypto.a(crypto_alloc.o)
 *fill*         0x0000000020001574        0x4 
 .bss.tfm_sp_crypto_stack
                0x0000000020001578      0x800 secure_fw/partitions/crypto/libtfm_psa_rot_partition_crypto.a(intermedia_tfm_crypto.o)
                0x0000000020001578                tfm_sp_crypto_stack
 *tfm_psa_rot_partition*:*(COMMON)
 *(TFM_*_PSA-ROT_ATTR_ZI)
                0x0000000020001d78                . = (. + (. - start_of_TFM_PSA_ROT_LINKER)?0x0:0x4)
                0x0000000020001d80                . = ALIGN (0x20)
 *fill*         0x0000000020001d78        0x8 
                0x0000000020000c40                Image$$TFM_PSA_ROT_LINKER_DATA$$ZI$$Base = ADDR (.TFM_PSA_ROT_LINKER_BSS)
                0x0000000020001d80                Image$$TFM_PSA_ROT_LINKER_DATA$$ZI$$Limit = (ADDR (.TFM_PSA_ROT_LINKER_BSS) + SIZEOF (.TFM_PSA_ROT_LINKER_BSS))
                0x0000000020001d80                Image$$TFM_PSA_RW_STACK_END$$Base = .

.TFM_UNPRIV_CODE
                0x000000000000e660     0x2740
 *(SFN)
 SFN            0x000000000000e660       0x88 secure_fw/CMakeFiles/tfm_s.dir/partitions/ns_agent_tz/psa_api_veneers_v80m.o
                0x000000000000e660                __acle_se_tfm_psa_framework_version_veneer
                0x000000000000e686                __acle_se_tfm_psa_version_veneer
                0x000000000000e6ac                __acle_se_tfm_psa_call_veneer
 *(.text*)
 .text          0x000000000000e6e8       0x88 d:/nordicsemi/toolchains/31f4403e35/opt/zephyr-sdk/arm-zephyr-eabi/bin/../lib/gcc/arm-zephyr-eabi/12.2.0/thumb/v8-m.main/nofp/crtbegin.o
 .text          0x000000000000e770       0x7c d:/nordicsemi/toolchains/31f4403e35/opt/zephyr-sdk/arm-zephyr-eabi/bin/../lib/gcc/arm-zephyr-eabi/12.2.0/../../../../arm-zephyr-eabi/lib/thumb/v8-m.main/nofp/crt0.o
                0x000000000000e770                _stack_init
                0x000000000000e778                _start
                0x000000000000e778                _mainCRTStartup
 .text.clear_caller_context
                0x000000000000e7ec        0x8 secure_fw/CMakeFiles/tfm_s.dir/partitions/ns_agent_tz/psa_api_veneers_v80m.o
 .text.C_HardFault_Handler
                0x000000000000e7f4        0x4 secure_fw/CMakeFiles/tfm_s.dir/__/platform/ext/common/faults.o
                0x000000000000e7f4                C_HardFault_Handler
 .text.HardFault_Handler
                0x000000000000e7f8        0x6 secure_fw/CMakeFiles/tfm_s.dir/__/platform/ext/common/faults.o
                0x000000000000e7f8                HardFault_Handler
 .text.C_MemManage_Handler
                0x000000000000e7fe        0x4 secure_fw/CMakeFiles/tfm_s.dir/__/platform/ext/common/faults.o
                0x000000000000e7fe                C_MemManage_Handler
 .text.MemManage_Handler
                0x000000000000e802        0x6 secure_fw/CMakeFiles/tfm_s.dir/__/platform/ext/common/faults.o
                0x000000000000e802                MemManage_Handler
 .text.C_BusFault_Handler
                0x000000000000e808        0x4 secure_fw/CMakeFiles/tfm_s.dir/__/platform/ext/common/faults.o
                0x000000000000e808                C_BusFault_Handler
 .text.BusFault_Handler
                0x000000000000e80c        0x6 secure_fw/CMakeFiles/tfm_s.dir/__/platform/ext/common/faults.o
                0x000000000000e80c                BusFault_Handler
 .text.C_SecureFault_Handler
                0x000000000000e812        0x4 secure_fw/CMakeFiles/tfm_s.dir/__/platform/ext/common/faults.o
                0x000000000000e812                C_SecureFault_Handler
 .text.SecureFault_Handler
                0x000000000000e816        0x6 secure_fw/CMakeFiles/tfm_s.dir/__/platform/ext/common/faults.o
                0x000000000000e816                SecureFault_Handler
 .text.C_UsageFault_Handler
                0x000000000000e81c        0x4 secure_fw/CMakeFiles/tfm_s.dir/__/platform/ext/common/faults.o
                0x000000000000e81c                C_UsageFault_Handler
 .text.UsageFault_Handler
                0x000000000000e820        0x6 secure_fw/CMakeFiles/tfm_s.dir/__/platform/ext/common/faults.o
                0x000000000000e820                UsageFault_Handler
 .text.memset   0x000000000000e826       0x3e secure_fw/partitions/lib/runtime/libtfm_sprt.a(crt_memset.o)
                0x000000000000e826                memset
 .text.memcpy   0x000000000000e864       0x4a secure_fw/partitions/lib/runtime/libtfm_sprt.a(crt_memcpy.o)
                0x000000000000e864                memcpy
 *fill*         0x000000000000e8ae        0x2 
 .text.runtime_init_c
                0x000000000000e8b0       0x18 secure_fw/partitions/lib/runtime/libtfm_sprt.a(rt_main.o)
 .text.sprt_main
                0x000000000000e8c8        0x6 secure_fw/partitions/lib/runtime/libtfm_sprt.a(rt_main.o)
                0x000000000000e8c8                sprt_main
 *fill*         0x000000000000e8ce        0x2 
 .text.common_sfn_thread
                0x000000000000e8d0       0x84 secure_fw/partitions/lib/runtime/libtfm_sprt.a(sfn_common_thread.o)
                0x000000000000e8d0                common_sfn_thread
 .text.tfm_plat_load_builtin_keys
                0x000000000000e954        0x4 platform/libplatform_crypto_keys.a(dummy_crypto_keys.o)
                0x000000000000e954                tfm_plat_load_builtin_keys
 .text.verify_header
                0x000000000000e958       0x40 secure_fw/partitions/crypto/mbedcrypto/nrf_security_src/libcrypto_service_mbedcrypto.a(memory_buffer_alloc.o)
 .text.verify_chain
                0x000000000000e998       0x3c secure_fw/partitions/crypto/mbedcrypto/nrf_security_src/libcrypto_service_mbedcrypto.a(memory_buffer_alloc.o)
 .text.buffer_alloc_calloc
                0x000000000000e9d4       0xf4 secure_fw/partitions/crypto/mbedcrypto/nrf_security_src/libcrypto_service_mbedcrypto.a(memory_buffer_alloc.o)
 .text.buffer_alloc_free
                0x000000000000eac8       0xe8 secure_fw/partitions/crypto/mbedcrypto/nrf_security_src/libcrypto_service_mbedcrypto.a(memory_buffer_alloc.o)
 .text.mbedtls_memory_buffer_alloc_init
                0x000000000000ebb0       0x64 secure_fw/partitions/crypto/mbedcrypto/nrf_security_src/libcrypto_service_mbedcrypto.a(memory_buffer_alloc.o)
                0x000000000000ebb0                mbedtls_memory_buffer_alloc_init
 .text.platform_calloc_uninit
                0x000000000000ec14        0x4 secure_fw/partitions/crypto/mbedcrypto/nrf_security_src/libcrypto_service_mbedcrypto.a(platform.o)
 .text.platform_free_uninit
                0x000000000000ec18        0x2 secure_fw/partitions/crypto/mbedcrypto/nrf_security_src/libcrypto_service_mbedcrypto.a(platform.o)
 *fill*         0x000000000000ec1a        0x2 
 .text.mbedtls_free
                0x000000000000ec1c        0xc secure_fw/partitions/crypto/mbedcrypto/nrf_security_src/libcrypto_service_mbedcrypto.a(platform.o)
                0x000000000000ec1c                mbedtls_free
 .text.mbedtls_platform_set_calloc_free
                0x000000000000ec28       0x14 secure_fw/partitions/crypto/mbedcrypto/nrf_security_src/libcrypto_service_mbedcrypto.a(platform.o)
                0x000000000000ec28                mbedtls_platform_set_calloc_free
 .text.psa_remove_key_data_from_memory
                0x000000000000ec3c       0x1c secure_fw/partitions/crypto/mbedcrypto/nrf_security_src/libcrypto_service_mbedcrypto.a(psa_crypto.o)
                0x000000000000ec3c                psa_remove_key_data_from_memory
 .text.psa_wipe_key_slot
                0x000000000000ec58       0x22 secure_fw/partitions/crypto/mbedcrypto/nrf_security_src/libcrypto_service_mbedcrypto.a(psa_crypto.o)
                0x000000000000ec58                psa_wipe_key_slot
 *fill*         0x000000000000ec7a        0x2 
 .text.mbedcrypto__psa_generate_random
                0x000000000000ec7c       0x1c secure_fw/partitions/crypto/mbedcrypto/nrf_security_src/libcrypto_service_mbedcrypto.a(psa_crypto.o)
                0x000000000000ec7c                mbedcrypto__psa_generate_random
 .text.mbedtls_psa_crypto_free
                0x000000000000ec98       0x24 secure_fw/partitions/crypto/mbedcrypto/nrf_security_src/libcrypto_service_mbedcrypto.a(psa_crypto.o)
                0x000000000000ec98                mbedtls_psa_crypto_free
 .text.mbedcrypto__psa_crypto_init
                0x000000000000ecbc       0x3c secure_fw/partitions/crypto/mbedcrypto/nrf_security_src/libcrypto_service_mbedcrypto.a(psa_crypto.o)
                0x000000000000ecbc                mbedcrypto__psa_crypto_init
 .text.psa_initialize_key_slots
                0x000000000000ecf8       0x18 secure_fw/partitions/crypto/mbedcrypto/nrf_security_src/libcrypto_service_mbedcrypto.a(psa_crypto_slot_management.o)
                0x000000000000ecf8                psa_initialize_key_slots
 .text.psa_wipe_all_key_slots
                0x000000000000ed10       0x2c secure_fw/partitions/crypto/mbedcrypto/nrf_security_src/libcrypto_service_mbedcrypto.a(psa_crypto_slot_management.o)
                0x000000000000ed10                psa_wipe_all_key_slots
 .text.psa_driver_wrapper_init
                0x000000000000ed3c        0x4 secure_fw/partitions/crypto/mbedcrypto/nrf_security_src/libcrypto_service_mbedcrypto.a(psa_crypto_driver_wrappers.o)
                0x000000000000ed3c                psa_driver_wrapper_init
 .text.psa_driver_wrapper_free
                0x000000000000ed40        0x2 secure_fw/partitions/crypto/mbedcrypto/nrf_security_src/libcrypto_service_mbedcrypto.a(psa_crypto_driver_wrappers.o)
                0x000000000000ed40                psa_driver_wrapper_free
 .text.psa_driver_wrapper_init_random
                0x000000000000ed42        0x4 secure_fw/partitions/crypto/mbedcrypto/nrf_security_src/libcrypto_service_mbedcrypto.a(psa_crypto_driver_wrappers.o)
                0x000000000000ed42                psa_driver_wrapper_init_random
 .text.psa_driver_wrapper_get_random
                0x000000000000ed46       0x22 secure_fw/partitions/crypto/mbedcrypto/nrf_security_src/libcrypto_service_mbedcrypto.a(psa_crypto_driver_wrappers.o)
                0x000000000000ed46                psa_driver_wrapper_get_random
 .text.psa_driver_wrapper_free_random
                0x000000000000ed68        0x4 secure_fw/partitions/crypto/mbedcrypto/nrf_security_src/libcrypto_service_mbedcrypto.a(psa_crypto_driver_wrappers.o)
                0x000000000000ed68                psa_driver_wrapper_free_random
 .text.nrf_cc3xx_platform_init_hmac_drbg
                0x000000000000ed6c       0x44 D:/nordicsemi/v2.4.0/nrfxlib/crypto/nrf_cc310_platform/lib/cortex-m33/soft-float/no-interrupts/libnrf_cc310_platform_0.9.17.a(nrf_cc3xx_platform.c.obj)
                0x000000000000ed6c                nrf_cc3xx_platform_init_hmac_drbg
 .text.nrf_cc3xx_platform_hmac_drbg_init
                0x000000000000edb0       0x60 D:/nordicsemi/v2.4.0/nrfxlib/crypto/nrf_cc310_platform/lib/cortex-m33/soft-float/no-interrupts/libnrf_cc310_platform_0.9.17.a(nrf_cc3xx_platform_hmac_drbg.c.obj)
                0x000000000000edb0                nrf_cc3xx_platform_hmac_drbg_init
 .text.nrf_cc3xx_platform_hmac_drbg_get
                0x000000000000ee10       0x44 D:/nordicsemi/v2.4.0/nrfxlib/crypto/nrf_cc310_platform/lib/cortex-m33/soft-float/no-interrupts/libnrf_cc310_platform_0.9.17.a(nrf_cc3xx_platform_hmac_drbg.c.obj)
                0x000000000000ee10                nrf_cc3xx_platform_hmac_drbg_get
 .text.mbedtls_zeroize_internal
                0x000000000000ee54       0x14 D:/nordicsemi/v2.4.0/nrfxlib/crypto/nrf_cc310_platform/lib/cortex-m33/soft-float/no-interrupts/libnrf_cc310_platform_0.9.17.a(mbedtls_common.c.obj)
                0x000000000000ee54                mbedtls_zeroize_internal
 .text.mbedtls_platform_zeroize
                0x000000000000ee68       0x14 D:/nordicsemi/v2.4.0/nrfxlib/crypto/nrf_cc310_platform/lib/cortex-m33/soft-float/no-interrupts/libnrf_cc310_platform_0.9.17.a(mbedtls_common.c.obj)
                0x000000000000ee68                mbedtls_platform_zeroize
 .text.cc_hmac_sha256_starts.constprop.0
                0x000000000000ee7c      0x108 D:/nordicsemi/v2.4.0/nrfxlib/crypto/nrf_cc310_platform/lib/cortex-m33/soft-float/no-interrupts/libnrf_cc310_platform_0.9.17.a(hmac_drbg_alt.c.obj)
 .text.cc_mbedtls_hmac_drbg_init
                0x000000000000ef84       0x28 D:/nordicsemi/v2.4.0/nrfxlib/crypto/nrf_cc310_platform/lib/cortex-m33/soft-float/no-interrupts/libnrf_cc310_platform_0.9.17.a(hmac_drbg_alt.c.obj)
                0x000000000000ef84                cc_mbedtls_hmac_drbg_init
 .text.cc_mbedtls_hmac_drbg_update
                0x000000000000efac      0x170 D:/nordicsemi/v2.4.0/nrfxlib/crypto/nrf_cc310_platform/lib/cortex-m33/soft-float/no-interrupts/libnrf_cc310_platform_0.9.17.a(hmac_drbg_alt.c.obj)
                0x000000000000efac                cc_mbedtls_hmac_drbg_update
 .text.cc_hmac_drbg_reseed_core
                0x000000000000f11c       0xac D:/nordicsemi/v2.4.0/nrfxlib/crypto/nrf_cc310_platform/lib/cortex-m33/soft-float/no-interrupts/libnrf_cc310_platform_0.9.17.a(hmac_drbg_alt.c.obj)
 .text.cc_mbedtls_hmac_drbg_seed
                0x000000000000f1c8       0x54 D:/nordicsemi/v2.4.0/nrfxlib/crypto/nrf_cc310_platform/lib/cortex-m33/soft-float/no-interrupts/libnrf_cc310_platform_0.9.17.a(hmac_drbg_alt.c.obj)
                0x000000000000f1c8                cc_mbedtls_hmac_drbg_seed
 .text.cc_mbedtls_hmac_drbg_random_with_add
                0x000000000000f21c      0x144 D:/nordicsemi/v2.4.0/nrfxlib/crypto/nrf_cc310_platform/lib/cortex-m33/soft-float/no-interrupts/libnrf_cc310_platform_0.9.17.a(hmac_drbg_alt.c.obj)
                0x000000000000f21c                cc_mbedtls_hmac_drbg_random_with_add
 .text.entropy_update
                0x000000000000f360       0x7c D:/nordicsemi/v2.4.0/nrfxlib/crypto/nrf_cc310_platform/lib/cortex-m33/soft-float/no-interrupts/libnrf_cc310_platform_0.9.17.a(entropy.c.obj)
 .text.entropy_gather_internal.part.0
                0x000000000000f3dc       0x88 D:/nordicsemi/v2.4.0/nrfxlib/crypto/nrf_cc310_platform/lib/cortex-m33/soft-float/no-interrupts/libnrf_cc310_platform_0.9.17.a(entropy.c.obj)
 .text.cc_mbedtls_entropy_init
                0x000000000000f464       0x84 D:/nordicsemi/v2.4.0/nrfxlib/crypto/nrf_cc310_platform/lib/cortex-m33/soft-float/no-interrupts/libnrf_cc310_platform_0.9.17.a(entropy.c.obj)
                0x000000000000f464                cc_mbedtls_entropy_init
 .text.cc_mbedtls_entropy_func
                0x000000000000f4e8      0x110 D:/nordicsemi/v2.4.0/nrfxlib/crypto/nrf_cc310_platform/lib/cortex-m33/soft-float/no-interrupts/libnrf_cc310_platform_0.9.17.a(entropy.c.obj)
                0x000000000000f4e8                cc_mbedtls_entropy_func
 .text.RndStartupTest.constprop.0
                0x000000000000f5f8       0x98 D:/nordicsemi/v2.4.0/nrfxlib/crypto/nrf_cc310_platform/lib/cortex-m33/soft-float/no-interrupts/libnrf_cc310_platform_0.9.17.a(cc_lib.c.obj)
 .text.CC_LibInit_HMAC_DRBG
                0x000000000000f690       0xc0 D:/nordicsemi/v2.4.0/nrfxlib/crypto/nrf_cc310_platform/lib/cortex-m33/soft-float/no-interrupts/libnrf_cc310_platform_0.9.17.a(cc_lib.c.obj)
                0x000000000000f690                CC_LibInit_HMAC_DRBG
 .text.CC_HalInit
                0x000000000000f750        0x4 D:/nordicsemi/v2.4.0/nrfxlib/crypto/nrf_cc310_platform/lib/cortex-m33/soft-float/no-interrupts/libnrf_cc310_platform_0.9.17.a(cc_hal.c.obj)
                0x000000000000f750                CC_HalInit
 .text.CC_HalTerminate
                0x000000000000f754        0x4 D:/nordicsemi/v2.4.0/nrfxlib/crypto/nrf_cc310_platform/lib/cortex-m33/soft-float/no-interrupts/libnrf_cc310_platform_0.9.17.a(cc_hal.c.obj)
                0x000000000000f754                CC_HalTerminate
 .text.CC_HalClearInterruptBit
                0x000000000000f758       0x1c D:/nordicsemi/v2.4.0/nrfxlib/crypto/nrf_cc310_platform/lib/cortex-m33/soft-float/no-interrupts/libnrf_cc310_platform_0.9.17.a(cc_hal.c.obj)
                0x000000000000f758                CC_HalClearInterruptBit
 .text.CC_HalMaskInterrupt
                0x000000000000f774        0xc D:/nordicsemi/v2.4.0/nrfxlib/crypto/nrf_cc310_platform/lib/cortex-m33/soft-float/no-interrupts/libnrf_cc310_platform_0.9.17.a(cc_hal.c.obj)
                0x000000000000f774                CC_HalMaskInterrupt
 .text.CC_HalWaitInterrupt
                0x000000000000f780        0xc D:/nordicsemi/v2.4.0/nrfxlib/crypto/nrf_cc310_platform/lib/cortex-m33/soft-float/no-interrupts/libnrf_cc310_platform_0.9.17.a(cc_hal.c.obj)
                0x000000000000f780                CC_HalWaitInterrupt
 .text.CC_HalWaitInterruptRND
                0x000000000000f78c        0xc D:/nordicsemi/v2.4.0/nrfxlib/crypto/nrf_cc310_platform/lib/cortex-m33/soft-float/no-interrupts/libnrf_cc310_platform_0.9.17.a(cc_hal.c.obj)
                0x000000000000f78c                CC_HalWaitInterruptRND
 .text.CC_PalInit
                0x000000000000f798       0x5c D:/nordicsemi/v2.4.0/nrfxlib/crypto/nrf_cc310_platform/lib/cortex-m33/soft-float/no-interrupts/libnrf_cc310_platform_0.9.17.a(cc_pal.c.obj)
                0x000000000000f798                CC_PalInit
 .text.CC_PalTerminate
                0x000000000000f7f4       0x34 D:/nordicsemi/v2.4.0/nrfxlib/crypto/nrf_cc310_platform/lib/cortex-m33/soft-float/no-interrupts/libnrf_cc310_platform_0.9.17.a(cc_pal.c.obj)
                0x000000000000f7f4                CC_PalTerminate
 .text.CC_PalDmaInit
                0x000000000000f828        0x4 D:/nordicsemi/v2.4.0/nrfxlib/crypto/nrf_cc310_platform/lib/cortex-m33/soft-float/no-interrupts/libnrf_cc310_platform_0.9.17.a(cc_pal_dma.c.obj)
                0x000000000000f828                CC_PalDmaInit
 .text.CC_PalDmaTerminate
                0x000000000000f82c        0x4 D:/nordicsemi/v2.4.0/nrfxlib/crypto/nrf_cc310_platform/lib/cortex-m33/soft-float/no-interrupts/libnrf_cc310_platform_0.9.17.a(cc_pal_dma.c.obj)
                0x000000000000f82c                CC_PalDmaTerminate
 .text.CC_PalWaitInterruptRND
                0x000000000000f830       0x2c D:/nordicsemi/v2.4.0/nrfxlib/crypto/nrf_cc310_platform/lib/cortex-m33/soft-float/no-interrupts/libnrf_cc310_platform_0.9.17.a(cc_pal_interrupt_ctrl.c.obj)
                0x000000000000f830                CC_PalWaitInterruptRND
 .text.CC_PalWaitInterrupt
                0x000000000000f85c       0x18 D:/nordicsemi/v2.4.0/nrfxlib/crypto/nrf_cc310_platform/lib/cortex-m33/soft-float/no-interrupts/libnrf_cc310_platform_0.9.17.a(cc_pal_interrupt_ctrl.c.obj)
                0x000000000000f85c                CC_PalWaitInterrupt
 .text.CC_PalMemCopyPlat
                0x000000000000f874        0x4 D:/nordicsemi/v2.4.0/nrfxlib/crypto/nrf_cc310_platform/lib/cortex-m33/soft-float/no-interrupts/libnrf_cc310_platform_0.9.17.a(cc_pal_mem.c.obj)
                0x000000000000f874                CC_PalMemCopyPlat
 .text.CC_PalMemSetZeroPlat
                0x000000000000f878        0x8 D:/nordicsemi/v2.4.0/nrfxlib/crypto/nrf_cc310_platform/lib/cortex-m33/soft-float/no-interrupts/libnrf_cc310_platform_0.9.17.a(cc_pal_mem.c.obj)
                0x000000000000f878                CC_PalMemSetZeroPlat
 .text.CC_PalMutexCreate
                0x000000000000f880       0x14 D:/nordicsemi/v2.4.0/nrfxlib/crypto/nrf_cc310_platform/lib/cortex-m33/soft-float/no-interrupts/libnrf_cc310_platform_0.9.17.a(cc_pal_mutex.c.obj)
                0x000000000000f880                CC_PalMutexCreate
 .text.CC_PalMutexDestroy
                0x000000000000f894       0x14 D:/nordicsemi/v2.4.0/nrfxlib/crypto/nrf_cc310_platform/lib/cortex-m33/soft-float/no-interrupts/libnrf_cc310_platform_0.9.17.a(cc_pal_mutex.c.obj)
                0x000000000000f894                CC_PalMutexDestroy
 .text.CC_PalMutexLock
                0x000000000000f8a8       0x10 D:/nordicsemi/v2.4.0/nrfxlib/crypto/nrf_cc310_platform/lib/cortex-m33/soft-float/no-interrupts/libnrf_cc310_platform_0.9.17.a(cc_pal_mutex.c.obj)
                0x000000000000f8a8                CC_PalMutexLock
 .text.CC_PalMutexUnlock
                0x000000000000f8b8       0x14 D:/nordicsemi/v2.4.0/nrfxlib/crypto/nrf_cc310_platform/lib/cortex-m33/soft-float/no-interrupts/libnrf_cc310_platform_0.9.17.a(cc_pal_mutex.c.obj)
                0x000000000000f8b8                CC_PalMutexUnlock
 .text.CC_PalPowerSaveModeInit
                0x000000000000f8cc       0x3c D:/nordicsemi/v2.4.0/nrfxlib/crypto/nrf_cc310_platform/lib/cortex-m33/soft-float/no-interrupts/libnrf_cc310_platform_0.9.17.a(cc_pal_pm.c.obj)
                0x000000000000f8cc                CC_PalPowerSaveModeInit
 .text.CC_PalPowerSaveModeSelect
                0x000000000000f908       0x84 D:/nordicsemi/v2.4.0/nrfxlib/crypto/nrf_cc310_platform/lib/cortex-m33/soft-float/no-interrupts/libnrf_cc310_platform_0.9.17.a(cc_pal_pm.c.obj)
                0x000000000000f908                CC_PalPowerSaveModeSelect
 .text.mutex_init
                0x000000000000f98c        0xc D:/nordicsemi/v2.4.0/nrfxlib/crypto/nrf_cc310_platform/lib/cortex-m33/soft-float/no-interrupts/libnrf_cc310_platform_0.9.17.a(threading_alt.c.obj)
                0x000000000000f98c                mutex_init
 .text.mutex_lock
                0x000000000000f998        0xc D:/nordicsemi/v2.4.0/nrfxlib/crypto/nrf_cc310_platform/lib/cortex-m33/soft-float/no-interrupts/libnrf_cc310_platform_0.9.17.a(threading_alt.c.obj)
                0x000000000000f998                mutex_lock
 .text.mutex_unlock
                0x000000000000f9a4        0xc D:/nordicsemi/v2.4.0/nrfxlib/crypto/nrf_cc310_platform/lib/cortex-m33/soft-float/no-interrupts/libnrf_cc310_platform_0.9.17.a(threading_alt.c.obj)
                0x000000000000f9a4                mutex_unlock
 .text.nrf_cc3xx_platform_abort
                0x000000000000f9b0       0x24 D:/nordicsemi/v2.4.0/nrfxlib/crypto/nrf_cc310_platform/lib/cortex-m33/soft-float/no-interrupts/libnrf_cc310_platform_0.9.17.a(nrf_cc3xx_platform_abort.c.obj)
 .text.CC_PalAbort
                0x000000000000f9d4       0x34 D:/nordicsemi/v2.4.0/nrfxlib/crypto/nrf_cc310_platform/lib/cortex-m33/soft-float/no-interrupts/libnrf_cc310_platform_0.9.17.a(nrf_cc3xx_platform_abort.c.obj)
                0x000000000000f9d4                CC_PalAbort
 .text.mutex_free
                0x000000000000fa08       0x34 D:/nordicsemi/v2.4.0/nrfxlib/crypto/nrf_cc310_platform/lib/cortex-m33/soft-float/no-interrupts/libnrf_cc310_platform_0.9.17.a(nrf_cc3xx_platform_mutex.c.obj)
 .text.mutex_lock
                0x000000000000fa3c       0x48 D:/nordicsemi/v2.4.0/nrfxlib/crypto/nrf_cc310_platform/lib/cortex-m33/soft-float/no-interrupts/libnrf_cc310_platform_0.9.17.a(nrf_cc3xx_platform_mutex.c.obj)
 .text.mutex_unlock
                0x000000000000fa84       0x38 D:/nordicsemi/v2.4.0/nrfxlib/crypto/nrf_cc310_platform/lib/cortex-m33/soft-float/no-interrupts/libnrf_cc310_platform_0.9.17.a(nrf_cc3xx_platform_mutex.c.obj)
 .text.mutex_init
                0x000000000000fabc       0x20 D:/nordicsemi/v2.4.0/nrfxlib/crypto/nrf_cc310_platform/lib/cortex-m33/soft-float/no-interrupts/libnrf_cc310_platform_0.9.17.a(nrf_cc3xx_platform_mutex.c.obj)
 .text.startTrngHW
                0x000000000000fadc      0x140 D:/nordicsemi/v2.4.0/nrfxlib/crypto/nrf_cc310_platform/lib/cortex-m33/soft-float/no-interrupts/libnrf_cc310_platform_0.9.17.a(llf_rnd_trng90b.c.obj)
 .text.LLF_RND_RepetitionCounterTest
                0x000000000000fc1c       0x64 D:/nordicsemi/v2.4.0/nrfxlib/crypto/nrf_cc310_platform/lib/cortex-m33/soft-float/no-interrupts/libnrf_cc310_platform_0.9.17.a(llf_rnd_trng90b.c.obj)
                0x000000000000fc1c                LLF_RND_RepetitionCounterTest
 .text.LLF_RND_AdaptiveProportionTest
                0x000000000000fc80       0x80 D:/nordicsemi/v2.4.0/nrfxlib/crypto/nrf_cc310_platform/lib/cortex-m33/soft-float/no-interrupts/libnrf_cc310_platform_0.9.17.a(llf_rnd_trng90b.c.obj)
                0x000000000000fc80                LLF_RND_AdaptiveProportionTest
 .text.getTrngSource
                0x000000000000fd00      0x2b4 D:/nordicsemi/v2.4.0/nrfxlib/crypto/nrf_cc310_platform/lib/cortex-m33/soft-float/no-interrupts/libnrf_cc310_platform_0.9.17.a(llf_rnd_trng90b.c.obj)
 .text.LLF_RND_GetTrngSource
                0x000000000000ffb4       0x18 D:/nordicsemi/v2.4.0/nrfxlib/crypto/nrf_cc310_platform/lib/cortex-m33/soft-float/no-interrupts/libnrf_cc310_platform_0.9.17.a(llf_rnd_trng90b.c.obj)
                0x000000000000ffb4                LLF_RND_GetTrngSource
 .text.LLF_RND_RunTrngStartupTest
                0x000000000000ffcc       0x1c D:/nordicsemi/v2.4.0/nrfxlib/crypto/nrf_cc310_platform/lib/cortex-m33/soft-float/no-interrupts/libnrf_cc310_platform_0.9.17.a(llf_rnd_trng90b.c.obj)
                0x000000000000ffcc                LLF_RND_RunTrngStartupTest
 .text.mbedtls_hardware_poll
                0x000000000000ffe8       0xfc D:/nordicsemi/v2.4.0/nrfxlib/crypto/nrf_cc310_platform/lib/cortex-m33/soft-float/no-interrupts/libnrf_cc310_platform_0.9.17.a(trng_api.c.obj)
                0x000000000000ffe8                mbedtls_hardware_poll
 .text.cc_mbedtls_sha256_init
                0x00000000000100e4       0x28 D:/nordicsemi/v2.4.0/nrfxlib/crypto/nrf_cc310_platform/lib/cortex-m33/soft-float/no-interrupts/libnrf_cc310_platform_0.9.17.a(sha256_alt.c.obj)
                0x00000000000100e4                cc_mbedtls_sha256_init
 .text.cc_mbedtls_sha256_free
                0x000000000001010c        0xc D:/nordicsemi/v2.4.0/nrfxlib/crypto/nrf_cc310_platform/lib/cortex-m33/soft-float/no-interrupts/libnrf_cc310_platform_0.9.17.a(sha256_alt.c.obj)
                0x000000000001010c                cc_mbedtls_sha256_free
 .text.cc_mbedtls_sha256_starts
                0x0000000000010118       0x28 D:/nordicsemi/v2.4.0/nrfxlib/crypto/nrf_cc310_platform/lib/cortex-m33/soft-float/no-interrupts/libnrf_cc310_platform_0.9.17.a(sha256_alt.c.obj)
                0x0000000000010118                cc_mbedtls_sha256_starts
 .text.cc_mbedtls_sha256_update
                0x0000000000010140       0x54 D:/nordicsemi/v2.4.0/nrfxlib/crypto/nrf_cc310_platform/lib/cortex-m33/soft-float/no-interrupts/libnrf_cc310_platform_0.9.17.a(sha256_alt.c.obj)
                0x0000000000010140                cc_mbedtls_sha256_update
 .text.cc_mbedtls_sha256_finish
                0x0000000000010194       0x48 D:/nordicsemi/v2.4.0/nrfxlib/crypto/nrf_cc310_platform/lib/cortex-m33/soft-float/no-interrupts/libnrf_cc310_platform_0.9.17.a(sha256_alt.c.obj)
                0x0000000000010194                cc_mbedtls_sha256_finish
 .text.mbedtls_sha_starts_internal
                0x00000000000101dc       0x28 D:/nordicsemi/v2.4.0/nrfxlib/crypto/nrf_cc310_platform/lib/cortex-m33/soft-float/no-interrupts/libnrf_cc310_platform_0.9.17.a(mbedtls_hash_common.c.obj)
                0x00000000000101dc                mbedtls_sha_starts_internal
 .text.mbedtls_sha_finish_internal
                0x0000000000010204       0x5c D:/nordicsemi/v2.4.0/nrfxlib/crypto/nrf_cc310_platform/lib/cortex-m33/soft-float/no-interrupts/libnrf_cc310_platform_0.9.17.a(mbedtls_hash_common.c.obj)
                0x0000000000010204                mbedtls_sha_finish_internal
 .text.mbedtls_sha_update_internal
                0x0000000000010260      0x1ec D:/nordicsemi/v2.4.0/nrfxlib/crypto/nrf_cc310_platform/lib/cortex-m33/soft-float/no-interrupts/libnrf_cc310_platform_0.9.17.a(mbedtls_hash_common.c.obj)
                0x0000000000010260                mbedtls_sha_update_internal
 .text.cc_mbedtls_sha256
                0x000000000001044c       0x50 D:/nordicsemi/v2.4.0/nrfxlib/crypto/nrf_cc310_platform/lib/cortex-m33/soft-float/no-interrupts/libnrf_cc310_platform_0.9.17.a(sha256.c.obj)
                0x000000000001044c                cc_mbedtls_sha256
 .text.RNG_PLAT_SetUserRngParameters
                0x000000000001049c       0x74 D:/nordicsemi/v2.4.0/nrfxlib/crypto/nrf_cc310_platform/lib/cortex-m33/soft-float/no-interrupts/libnrf_cc310_platform_0.9.17.a(cc_rng_plat.c.obj)
                0x000000000001049c                RNG_PLAT_SetUserRngParameters
 .text.CC_PalTrngParamGet
                0x0000000000010510      0x114 D:/nordicsemi/v2.4.0/nrfxlib/crypto/nrf_cc310_platform/lib/cortex-m33/soft-float/no-interrupts/libnrf_cc310_platform_0.9.17.a(cc_pal_trng.c.obj)
                0x0000000000010510                CC_PalTrngParamGet
 .text.LLF_RND_WaitRngInterrupt
                0x0000000000010624       0x20 D:/nordicsemi/v2.4.0/nrfxlib/crypto/nrf_cc310_platform/lib/cortex-m33/soft-float/no-interrupts/libnrf_cc310_platform_0.9.17.a(llf_rnd.c.obj)
                0x0000000000010624                LLF_RND_WaitRngInterrupt
 .text.LLF_RND_GetRoscSampleCnt
                0x0000000000010644       0x34 D:/nordicsemi/v2.4.0/nrfxlib/crypto/nrf_cc310_platform/lib/cortex-m33/soft-float/no-interrupts/libnrf_cc310_platform_0.9.17.a(llf_rnd.c.obj)
                0x0000000000010644                LLF_RND_GetRoscSampleCnt
 .text.LLF_RND_GetFastestRosc
                0x0000000000010678       0x20 D:/nordicsemi/v2.4.0/nrfxlib/crypto/nrf_cc310_platform/lib/cortex-m33/soft-float/no-interrupts/libnrf_cc310_platform_0.9.17.a(llf_rnd.c.obj)
                0x0000000000010678                LLF_RND_GetFastestRosc
 .text.LLF_RND_TurnOffTrng
                0x0000000000010698       0x18 D:/nordicsemi/v2.4.0/nrfxlib/crypto/nrf_cc310_platform/lib/cortex-m33/soft-float/no-interrupts/libnrf_cc310_platform_0.9.17.a(llf_rnd.c.obj)
                0x0000000000010698                LLF_RND_TurnOffTrng
 .text.SetDataBuffersInfo
                0x00000000000106b0       0x68 D:/nordicsemi/v2.4.0/nrfxlib/crypto/nrf_cc310_platform/lib/cortex-m33/soft-float/no-interrupts/libnrf_cc310_platform_0.9.17.a(driver_common.c.obj)
                0x00000000000106b0                SetDataBuffersInfo
 .text.InitHashDrv
                0x0000000000010718       0x50 D:/nordicsemi/v2.4.0/nrfxlib/crypto/nrf_cc310_platform/lib/cortex-m33/soft-float/no-interrupts/libnrf_cc310_platform_0.9.17.a(hash_driver.c.obj)
                0x0000000000010718                InitHashDrv
 .text.ProcessHashDrv
                0x0000000000010768      0x22c D:/nordicsemi/v2.4.0/nrfxlib/crypto/nrf_cc310_platform/lib/cortex-m33/soft-float/no-interrupts/libnrf_cc310_platform_0.9.17.a(hash_driver.c.obj)
                0x0000000000010768                ProcessHashDrv
 .text.FinishHashDrv
                0x0000000000010994       0x74 D:/nordicsemi/v2.4.0/nrfxlib/crypto/nrf_cc310_platform/lib/cortex-m33/soft-float/no-interrupts/libnrf_cc310_platform_0.9.17.a(hash_driver.c.obj)
                0x0000000000010994                FinishHashDrv
 .text.CC_PalDataBufferAttrGet
                0x0000000000010a08        0x8 D:/nordicsemi/v2.4.0/nrfxlib/crypto/nrf_cc310_platform/lib/cortex-m33/soft-float/no-interrupts/libnrf_cc310_platform_0.9.17.a(cc_pal_buff_attr.c.obj)
                0x0000000000010a08                CC_PalDataBufferAttrGet
 .text.exit     0x0000000000010a10       0x28 d:/nordicsemi/toolchains/31f4403e35/opt/zephyr-sdk/arm-zephyr-eabi/bin/../lib/gcc/arm-zephyr-eabi/12.2.0/../../../../arm-zephyr-eabi/lib/thumb/v8-m.main/nofp\libc_nano.a(lib_a-exit.o)
                0x0000000000010a10                exit
 .text.__libc_init_array
                0x0000000000010a38       0x48 d:/nordicsemi/toolchains/31f4403e35/opt/zephyr-sdk/arm-zephyr-eabi/bin/../lib/gcc/arm-zephyr-eabi/12.2.0/../../../../arm-zephyr-eabi/lib/thumb/v8-m.main/nofp\libc_nano.a(lib_a-init.o)
                0x0000000000010a38                __libc_init_array
 .text.memmove  0x0000000000010a80       0x34 d:/nordicsemi/toolchains/31f4403e35/opt/zephyr-sdk/arm-zephyr-eabi/bin/../lib/gcc/arm-zephyr-eabi/12.2.0/../../../../arm-zephyr-eabi/lib/thumb/v8-m.main/nofp\libc_nano.a(lib_a-memmove.o)
                0x0000000000010a80                memmove
 .text          0x0000000000010ab4       0xc8 d:/nordicsemi/toolchains/31f4403e35/opt/zephyr-sdk/arm-zephyr-eabi/bin/../lib/gcc/arm-zephyr-eabi/12.2.0/thumb/v8-m.main/nofp\libgcc.a(cmse.o)
                0x0000000000010ab4                cmse_check_address_range
 .text._exit    0x0000000000010b7c        0x4 d:/nordicsemi/toolchains/31f4403e35/opt/zephyr-sdk/arm-zephyr-eabi/bin/../lib/gcc/arm-zephyr-eabi/12.2.0/../../../../arm-zephyr-eabi/lib/thumb/v8-m.main/nofp\libnosys.a(_exit.o)
                0x0000000000010b7c                _exit
 *(.init)
 .init          0x0000000000010b80        0x4 d:/nordicsemi/toolchains/31f4403e35/opt/zephyr-sdk/arm-zephyr-eabi/bin/../lib/gcc/arm-zephyr-eabi/12.2.0/thumb/v8-m.main/nofp/crti.o
                0x0000000000010b80                _init
 .init          0x0000000000010b84        0x8 d:/nordicsemi/toolchains/31f4403e35/opt/zephyr-sdk/arm-zephyr-eabi/bin/../lib/gcc/arm-zephyr-eabi/12.2.0/thumb/v8-m.main/nofp/crtn.o
 *(.fini)
 .fini          0x0000000000010b8c        0x4 d:/nordicsemi/toolchains/31f4403e35/opt/zephyr-sdk/arm-zephyr-eabi/bin/../lib/gcc/arm-zephyr-eabi/12.2.0/thumb/v8-m.main/nofp/crti.o
                0x0000000000010b8c                _fini
 .fini          0x0000000000010b90        0x8 d:/nordicsemi/toolchains/31f4403e35/opt/zephyr-sdk/arm-zephyr-eabi/bin/../lib/gcc/arm-zephyr-eabi/12.2.0/thumb/v8-m.main/nofp/crtn.o
 *crtbegin.o(.ctors)
 *crtbegin?.o(.ctors)
 *(EXCLUDE_FILE(*crtend.o *crtend?.o) .ctors)
 *(SORT_BY_NAME(.ctors.*))
 *(.ctors)
 *crtbegin.o(.dtors)
 *crtbegin?.o(.dtors)
 *(EXCLUDE_FILE(*crtend.o *crtend?.o) .dtors)
 *(SORT_BY_NAME(.dtors.*))
 *(.dtors)
 *(.rodata*)
 .rodata.str1.1
                0x0000000000010b98        0xb secure_fw/CMakeFiles/tfm_s.dir/__/generated/secure_fw/partitions/crypto/auto_generated/load_info_tfm_crypto.o
 .rodata.str1.1
                0x0000000000010ba3       0x15 secure_fw/CMakeFiles/tfm_s.dir/__/generated/secure_fw/partitions/platform/auto_generated/load_info_tfm_platform.o
 .rodata.CSWTCH.10
                0x0000000000010bb8       0x1c D:/nordicsemi/v2.4.0/nrfxlib/crypto/nrf_cc310_platform/lib/cortex-m33/soft-float/no-interrupts/libnrf_cc310_platform_0.9.17.a(nrf_cc3xx_platform.c.obj)
 .rodata.RndStartupTest.constprop.0.str1.4
                0x0000000000010bd4       0x6f D:/nordicsemi/v2.4.0/nrfxlib/crypto/nrf_cc310_platform/lib/cortex-m33/soft-float/no-interrupts/libnrf_cc310_platform_0.9.17.a(cc_lib.c.obj)
 *fill*         0x0000000000010c43        0x1 
 .rodata.CC_PalPowerSaveModeInit.str1.4
                0x0000000000010c44       0x20 D:/nordicsemi/v2.4.0/nrfxlib/crypto/nrf_cc310_platform/lib/cortex-m33/soft-float/no-interrupts/libnrf_cc310_platform_0.9.17.a(cc_pal_pm.c.obj)
 .rodata.mutex_free.str1.4
                0x0000000000010c64       0x26 D:/nordicsemi/v2.4.0/nrfxlib/crypto/nrf_cc310_platform/lib/cortex-m33/soft-float/no-interrupts/libnrf_cc310_platform_0.9.17.a(nrf_cc3xx_platform_mutex.c.obj)
 *fill*         0x0000000000010c8a        0x2 
 .rodata.mutex_init.str1.4
                0x0000000000010c8c       0x23 D:/nordicsemi/v2.4.0/nrfxlib/crypto/nrf_cc310_platform/lib/cortex-m33/soft-float/no-interrupts/libnrf_cc310_platform_0.9.17.a(nrf_cc3xx_platform_mutex.c.obj)
 *fill*         0x0000000000010caf        0x1 
 .rodata.mbedtls_hardware_poll.str1.4
                0x0000000000010cb0       0x16 D:/nordicsemi/v2.4.0/nrfxlib/crypto/nrf_cc310_platform/lib/cortex-m33/soft-float/no-interrupts/libnrf_cc310_platform_0.9.17.a(trng_api.c.obj)
                                         0x6e (size before relaxing)
 *fill*         0x0000000000010cc6        0x2 
 .rodata.cc_mbedtls_sha256_init.str1.4
                0x0000000000010cc8        0xe D:/nordicsemi/v2.4.0/nrfxlib/crypto/nrf_cc310_platform/lib/cortex-m33/soft-float/no-interrupts/libnrf_cc310_platform_0.9.17.a(sha256_alt.c.obj)
 .rodata.ProcessHashDrv.str1.4
                0x0000000000010cd6       0x6f D:/nordicsemi/v2.4.0/nrfxlib/crypto/nrf_cc310_platform/lib/cortex-m33/soft-float/no-interrupts/libnrf_cc310_platform_0.9.17.a(hash_driver.c.obj)
 *fill*         0x0000000000010cd6        0x2 
 .rodata.HASH_LARVAL_SHA256
                0x0000000000010cd8       0x20 D:/nordicsemi/v2.4.0/nrfxlib/crypto/nrf_cc310_platform/lib/cortex-m33/soft-float/no-interrupts/libnrf_cc310_platform_0.9.17.a(hash_driver.c.obj)
 .rodata.HASH_LARVAL_SHA224
                0x0000000000010cf8       0x20 D:/nordicsemi/v2.4.0/nrfxlib/crypto/nrf_cc310_platform/lib/cortex-m33/soft-float/no-interrupts/libnrf_cc310_platform_0.9.17.a(hash_driver.c.obj)
 .rodata.HASH_LARVAL_SHA1
                0x0000000000010d18       0x14 D:/nordicsemi/v2.4.0/nrfxlib/crypto/nrf_cc310_platform/lib/cortex-m33/soft-float/no-interrupts/libnrf_cc310_platform_0.9.17.a(hash_driver.c.obj)
 .rodata._global_impure_ptr
                0x0000000000010d2c        0x4 d:/nordicsemi/toolchains/31f4403e35/opt/zephyr-sdk/arm-zephyr-eabi/bin/../lib/gcc/arm-zephyr-eabi/12.2.0/../../../../arm-zephyr-eabi/lib/thumb/v8-m.main/nofp\libc_nano.a(lib_a-impure.o)
                0x0000000000010d2c                _global_impure_ptr
 .rodata.__sf_fake_stderr
                0x0000000000010d30       0x20 d:/nordicsemi/toolchains/31f4403e35/opt/zephyr-sdk/arm-zephyr-eabi/bin/../lib/gcc/arm-zephyr-eabi/12.2.0/../../../../arm-zephyr-eabi/lib/thumb/v8-m.main/nofp\libc_nano.a(lib_a-findfp.o)
                0x0000000000010d30                __sf_fake_stderr
 .rodata.__sf_fake_stdout
                0x0000000000010d50       0x20 d:/nordicsemi/toolchains/31f4403e35/opt/zephyr-sdk/arm-zephyr-eabi/bin/../lib/gcc/arm-zephyr-eabi/12.2.0/../../../../arm-zephyr-eabi/lib/thumb/v8-m.main/nofp\libc_nano.a(lib_a-findfp.o)
                0x0000000000010d50                __sf_fake_stdout
 .rodata.__sf_fake_stdin
                0x0000000000010d70       0x20 d:/nordicsemi/toolchains/31f4403e35/opt/zephyr-sdk/arm-zephyr-eabi/bin/../lib/gcc/arm-zephyr-eabi/12.2.0/../../../../arm-zephyr-eabi/lib/thumb/v8-m.main/nofp\libc_nano.a(lib_a-findfp.o)
                0x0000000000010d70                __sf_fake_stdin
 *(.eh_frame*)
 .eh_frame      0x0000000000010d90        0x0 d:/nordicsemi/toolchains/31f4403e35/opt/zephyr-sdk/arm-zephyr-eabi/bin/../lib/gcc/arm-zephyr-eabi/12.2.0/thumb/v8-m.main/nofp/crtbegin.o
 .eh_frame      0x0000000000010d90        0x4 d:/nordicsemi/toolchains/31f4403e35/opt/zephyr-sdk/arm-zephyr-eabi/bin/../lib/gcc/arm-zephyr-eabi/12.2.0/thumb/v8-m.main/nofp/crtend.o
                0x0000000000010da0                . = ALIGN (0x20)
 *fill*         0x0000000000010d94        0xc 
                0x000000000000e660                Image$$TFM_UNPRIV_CODE$$RO$$Base = ADDR (.TFM_UNPRIV_CODE)
                0x0000000000010da0                Image$$TFM_UNPRIV_CODE$$RO$$Limit = (ADDR (.TFM_UNPRIV_CODE) + SIZEOF (.TFM_UNPRIV_CODE))

.glue_7         0x0000000000010da0        0x0
 .glue_7        0x0000000000010da0        0x0 linker stubs

.glue_7t        0x0000000000010da0        0x0
 .glue_7t       0x0000000000010da0        0x0 linker stubs

.vfp11_veneer   0x0000000000010da0        0x0
 .vfp11_veneer  0x0000000000010da0        0x0 linker stubs

.v4_bx          0x0000000000010da0        0x0
 .v4_bx         0x0000000000010da0        0x0 linker stubs

.iplt           0x0000000000010da0        0x0
 .iplt          0x0000000000010da0        0x0 d:/nordicsemi/toolchains/31f4403e35/opt/zephyr-sdk/arm-zephyr-eabi/bin/../lib/gcc/arm-zephyr-eabi/12.2.0/thumb/v8-m.main/nofp/crtbegin.o

.psa_interface_cross_call
                0x0000000000010da0       0x8c
 .psa_interface_cross_call
                0x0000000000010da0       0x8c secure_fw/partitions/lib/runtime/libtfm_sprt.a(psa_interface_cross.o)
                0x0000000000010da6                psa_framework_version_cross
                0x0000000000010dae                psa_version_cross
                0x0000000000010db6                tfm_psa_call_pack_cross
                0x0000000000010dbe                psa_wait_cross
                0x0000000000010dc6                psa_get_cross
                0x0000000000010dce                psa_read_cross
                0x0000000000010dd6                psa_skip_cross
                0x0000000000010dde                psa_write_cross
                0x0000000000010de6                psa_reply_cross
                0x0000000000010dee                psa_panic_cross
                0x0000000000010df6                psa_rot_lifecycle_state_cross

.rel.dyn        0x0000000000010e2c        0x0
 .rel.iplt      0x0000000000010e2c        0x0 d:/nordicsemi/toolchains/31f4403e35/opt/zephyr-sdk/arm-zephyr-eabi/bin/../lib/gcc/arm-zephyr-eabi/12.2.0/thumb/v8-m.main/nofp/crtbegin.o

.ARM.exidx      0x0000000000010e2c        0x8
 .ARM.exidx     0x0000000000010e2c        0x8 d:/nordicsemi/toolchains/31f4403e35/opt/zephyr-sdk/arm-zephyr-eabi/bin/../lib/gcc/arm-zephyr-eabi/12.2.0/../../../../arm-zephyr-eabi/lib/thumb/v8-m.main/nofp/crt0.o
                                         0x10 (size before relaxing)

.gnu.sgstubs    0x0000000000017c00       0x20
 *(.gnu.sgstubs*)
 .gnu.sgstubs.__stub
                0x0000000000017c00       0x18 linker stubs
                0x0000000000017c00                tfm_psa_framework_version_veneer
                0x0000000000017c08                tfm_psa_version_veneer
                0x0000000000017c10                tfm_psa_call_veneer

.sgstubs_end    0x0000000000018000        0x0

.TFM_DATA       0x0000000020001d80       0xf0 load address 0x0000000000017c20
 *(.data*)
 .data.dev_mpu_s
                0x0000000020001d80        0x4 secure_fw/spm/libtfm_spm.a(tfm_hal_isolation.o)
                0x0000000020001d80                dev_mpu_s
 .data.serv_pool_sa
                0x0000000020001d84        0x4 secure_fw/spm/libtfm_spm.a(static_loader.o)
 .data.part_pool_sa
                0x0000000020001d88        0x4 secure_fw/spm/libtfm_spm.a(static_loader.o)
 .data.ldinf_sa
                0x0000000020001d8c        0x4 secure_fw/spm/libtfm_spm.a(static_loader.o)
 .data.hal_mem_sp_meta_start
                0x0000000020001d90        0x4 platform/libplatform_s.a(tfm_hal_memory_symbols.o)
                0x0000000020001d90                hal_mem_sp_meta_start
 .data.mbedtls_free_func
                0x0000000020001d94        0x4 secure_fw/partitions/crypto/mbedcrypto/nrf_security_src/libcrypto_service_mbedcrypto.a(platform.o)
 .data.mbedtls_calloc_func
                0x0000000020001d98        0x4 secure_fw/partitions/crypto/mbedcrypto/nrf_security_src/libcrypto_service_mbedcrypto.a(platform.o)
 .data.pCCRndCryptoMutex
                0x0000000020001d9c        0x4 D:/nordicsemi/v2.4.0/nrfxlib/crypto/nrf_cc310_platform/lib/cortex-m33/soft-float/no-interrupts/libnrf_cc310_platform_0.9.17.a(cc_pal.c.obj)
                0x0000000020001d9c                pCCRndCryptoMutex
 .data.CCPowerMutex
                0x0000000020001da0        0x4 D:/nordicsemi/v2.4.0/nrfxlib/crypto/nrf_cc310_platform/lib/cortex-m33/soft-float/no-interrupts/libnrf_cc310_platform_0.9.17.a(cc_pal.c.obj)
                0x0000000020001da0                CCPowerMutex
 .data.CCRndCryptoMutex